05-05 16:55:38.276 I/ActivityManager( 1255):   Force finishing activity ActivityRecord{ad2cfd08 u0 org.droidmate.fixtures.apks.monitored/.Activity3 t8}
05-05 16:55:38.286 W/InputDispatcher( 1255): channel 'ad457fd0 org.droidmate.fixtures.apks.monitored/org.droidmate.fixtures.apks.monitored.Activity1 (server)' ~ Consumer closed input channel or an error occurred.  events=0x9
05-05 16:55:38.286 E/InputDispatcher( 1255): channel 'ad457fd0 org.droidmate.fixtures.apks.monitored/org.droidmate.fixtures.apks.monitored.Activity1 (server)' ~ Channel is unrecoverably broken and will be disposed!
05-05 16:55:38.286 W/InputDispatcher( 1255): channel 'ad28fde0 org.droidmate.fixtures.apks.monitored/org.droidmate.fixtures.apks.monitored.Activity3 (server)' ~ Consumer closed input channel or an error occurred.  events=0x9
05-05 16:55:38.286 E/InputDispatcher( 1255): channel 'ad28fde0 org.droidmate.fixtures.apks.monitored/org.droidmate.fixtures.apks.monitored.Activity3 (server)' ~ Channel is unrecoverably broken and will be disposed!
05-05 16:55:38.286 W/InputDispatcher( 1255): channel 'ad2e4200 org.droidmate.fixtures.apks.monitored/org.droidmate.fixtures.apks.monitored.Activity2 (server)' ~ Consumer closed input channel or an error occurred.  events=0x9
05-05 16:55:38.286 E/InputDispatcher( 1255): channel 'ad2e4200 org.droidmate.fixtures.apks.monitored/org.droidmate.fixtures.apks.monitored.Activity2 (server)' ~ Channel is unrecoverably broken and will be disposed!
05-05 16:55:38.286 W/InputDispatcher( 1255): Attempted to unregister already unregistered input channel 'ad457fd0 org.droidmate.fixtures.apks.monitored/org.droidmate.fixtures.apks.monitored.Activity1 (server)'
05-05 16:55:38.286 W/InputDispatcher( 1255): Attempted to unregister already unregistered input channel 'ad28fde0 org.droidmate.fixtures.apks.monitored/org.droidmate.fixtures.apks.monitored.Activity3 (server)'
05-05 16:55:38.286 D/keystore(  942): calling clear_uid in state: 3
05-05 16:55:38.286 I/WindowState( 1255): WIN DEATH: Window{ad457fd0 u0 org.droidmate.fixtures.apks.monitored/org.droidmate.fixtures.apks.monitored.Activity1}
05-05 16:55:38.286 I/WindowState( 1255): WIN DEATH: Window{ad28fde0 u0 org.droidmate.fixtures.apks.monitored/org.droidmate.fixtures.apks.monitored.Activity3}
05-05 16:55:38.296 W/InputDispatcher( 1255): Attempted to unregister already unregistered input channel 'ad2e4200 org.droidmate.fixtures.apks.monitored/org.droidmate.fixtures.apks.monitored.Activity2 (server)'
05-05 16:55:38.296 I/WindowState( 1255): WIN DEATH: Window{ad2e4200 u0 org.droidmate.fixtures.apks.monitored/org.droidmate.fixtures.apks.monitored.Activity2}
05-05 16:55:38.306 D/Documents( 1933): Used cached roots for com.android.providers.downloads.documents
05-05 16:55:38.306 D/Documents( 1933): Loading roots for com.android.externalstorage.documents
05-05 16:55:38.316 D/AndroidRuntime( 2372): Shutting down VM
05-05 16:55:38.316 D/jdwp    ( 2372): Got wake-up signal, bailing out of select
05-05 16:55:38.316 D/Documents( 1933): Used cached roots for com.android.providers.media.documents
05-05 16:55:38.316 D/Documents( 1933): Update found 5 roots in 10ms
05-05 16:55:43.576 D/droidmate/uiad( 2099): Getting window hierarchy dump
05-05 16:55:43.596 D/droidmate/server( 2099): serverSocket.accept(59800)
05-05 16:55:43.626 D/droidmate/uiad( 2099): Checking wifi state.
05-05 16:55:43.636 I/QueryController( 2099): Matched selector: UiSelector[CONTAINS_TEXT=Settings] <<==>> [android.view.accessibility.AccessibilityNodeInfo@ec62; boundsInParent: Rect(524229, 0 - 524357, 128); boundsInScreen: Rect(144, 600 - 272, 728); packageName: com.android.launcher; className: android.widget.TextView; text: Settings; contentDescription: null; viewIdResName: null; checkable: false; checked: false; focusable: true; focused: false; selected: false; clickable: true; longClickable: true; enabled: true; password: false; scrollable: false; [ACTION_FOCUS, ACTION_SELECT, ACTION_CLEAR_SELECTION, ACTION_CLICK, ACTION_LONG_CLICK, ACTION_ACCESSIBILITY_FOCUS, ACTION_NEXT_AT_MOVEMENT_GRANULARITY, ACTION_PREVIOUS_AT_MOVEMENT_GRANULARITY, ACTION_SET_SELECTION]]
05-05 16:55:43.636 D/InteractionController( 2099): clickAndSync(208, 664)
05-05 16:55:43.786 I/ActivityManager( 1255): START u0 {act=android.intent.action.MAIN cat=[android.intent.category.LAUNCHER] flg=0x10200000 cmp=com.android.settings/.Settings bnds=[144,600][272,728]} from pid 1424
05-05 16:55:43.796 E/SoundPool( 1255): error loading /system/media/audio/ui/Effect_Tick.ogg
05-05 16:55:43.796 W/AudioService( 1255): Soundpool could not load file: /system/media/audio/ui/Effect_Tick.ogg
05-05 16:55:43.796 E/SoundPool( 1255): error loading /system/media/audio/ui/Effect_Tick.ogg
05-05 16:55:43.796 W/AudioService( 1255): Soundpool could not load file: /system/media/audio/ui/Effect_Tick.ogg
05-05 16:55:43.796 E/SoundPool( 1255): error loading /system/media/audio/ui/Effect_Tick.ogg
05-05 16:55:43.796 W/AudioService( 1255): Soundpool could not load file: /system/media/audio/ui/Effect_Tick.ogg
05-05 16:55:43.796 E/SoundPool( 1255): error loading /system/media/audio/ui/Effect_Tick.ogg
05-05 16:55:43.796 W/AudioService( 1255): Soundpool could not load file: /system/media/audio/ui/Effect_Tick.ogg
05-05 16:55:43.796 E/SoundPool( 1255): error loading /system/media/audio/ui/Effect_Tick.ogg
05-05 16:55:43.796 W/AudioService( 1255): Soundpool could not load file: /system/media/audio/ui/Effect_Tick.ogg
05-05 16:55:43.796 E/SoundPool( 1255): error loading /system/media/audio/ui/KeypressStandard.ogg
05-05 16:55:43.796 W/AudioService( 1255): Soundpool could not load file: /system/media/audio/ui/KeypressStandard.ogg
05-05 16:55:43.796 E/SoundPool( 1255): error loading /system/media/audio/ui/KeypressSpacebar.ogg
05-05 16:55:43.796 W/AudioService( 1255): Soundpool could not load file: /system/media/audio/ui/KeypressSpacebar.ogg
05-05 16:55:43.796 E/SoundPool( 1255): error loading /system/media/audio/ui/KeypressDelete.ogg
05-05 16:55:43.796 W/AudioService( 1255): Soundpool could not load file: /system/media/audio/ui/KeypressDelete.ogg
05-05 16:55:43.796 E/SoundPool( 1255): error loading /system/media/audio/ui/KeypressReturn.ogg
05-05 16:55:43.796 W/AudioService( 1255): Soundpool could not load file: /system/media/audio/ui/KeypressReturn.ogg
05-05 16:55:43.796 E/SoundPool( 1255): error loading /system/media/audio/ui/KeypressInvalid.ogg
05-05 16:55:43.796 W/AudioService( 1255): Soundpool could not load file: /system/media/audio/ui/KeypressInvalid.ogg
05-05 16:55:43.796 W/AudioService( 1255): onLoadSoundEffects(), Error -1 while loading samples
05-05 16:55:43.846 W/EGL_emulation( 1455): eglSurfaceAttrib not implemented
05-05 16:55:43.856 W/InputMethodManagerService( 1255): Starting input on non-focused client com.android.internal.view.IInputMethodClient$Stub$Proxy@ad20afa8 (uid=10008 pid=1424)
05-05 16:55:45.666 D/droidmate/uiad( 2099): GUI stabilized after 1 iterations / 1719ms
05-05 16:55:45.666 D/droidmate/uiad( 2099): Getting 'DeviceModel'
05-05 16:55:45.666 D/droidmate/uiad( 2099): Device model: unknown-Android SDK built for x86
05-05 16:55:45.666 I/QueryController( 2099): Matched selector: UiSelector[RESOURCE_ID=com.android.settings:id/switchWidget] <<==>> [android.view.accessibility.AccessibilityNodeInfo@924f; boundsInParent: Rect(0, 0 - 162, 51); boundsInScreen: Rect(593, 158 - 755, 209); packageName: com.android.settings; className: android.widget.Switch; text: ON; contentDescription: null; viewIdResName: com.android.settings:id/switchWidget; checkable: true; checked: true; focusable: false; focused: false; selected: false; clickable: true; longClickable: false; enabled: false; password: false; scrollable: false; [ACTION_SELECT, ACTION_CLEAR_SELECTION, ACTION_ACCESSIBILITY_FOCUS]]
05-05 16:55:45.666 D/UiObject( 2099): getText() = ON
05-05 16:55:45.676 I/ActivityManager( 1255): START u0 {act=android.intent.action.MAIN cat=[android.intent.category.HOME] flg=0x10200000 cmp=com.android.launcher/com.android.launcher2.Launcher} from pid 1255
05-05 16:55:45.736 W/EGL_emulation( 1424): eglSurfaceAttrib not implemented
05-05 16:55:45.736 W/InputMethodManagerService( 1255): Starting input on non-focused client com.android.internal.view.IInputMethodClient$Stub$Proxy@ad222210 (uid=1000 pid=1455)
05-05 16:55:46.716 W/InteractionController( 2099): runAndwaitForEvent timedout waiting for events
05-05 16:55:47.926 D/droidmate/uiad( 2099): GUI stabilized after 1 iterations / 1209ms
05-05 16:55:47.926 D/droidmate/server( 2099): serverSocket.accept(59800)
05-05 16:55:47.936 D/droidmate/uiad( 2099): Getting window hierarchy dump
05-05 16:55:47.956 D/droidmate/server( 2099): serverSocket.accept(59800)
05-05 16:55:48.016 D/AndroidRuntime( 2389): 
05-05 16:55:48.016 D/AndroidRuntime( 2389): >>>>>> AndroidRuntime START com.android.internal.os.RuntimeInit <<<<<<
05-05 16:55:48.016 W/linker  ( 2389): libdvm.so has text relocations. This is wasting memory and is a security risk. Please fix.
05-05 16:55:48.026 D/AndroidRuntime( 2389): CheckJNI is ON
05-05 16:55:48.066 E/memtrack( 2389): Couldn't load memtrack module (No such file or directory)
05-05 16:55:48.066 E/android.os.Debug( 2389): failed to load memtrack module: -2
05-05 16:55:48.086 D/AndroidRuntime( 2389): Calling main entry com.android.commands.am.Am
05-05 16:55:48.086 I/ActivityManager( 1255): Force stopping org.droidmate.fixtures.apks.monitored appid=10053 user=0: from pid 2389
05-05 16:55:48.356 I/ActivityManager( 1255): START u0 {act=android.intent.action.MAIN cat=[android.intent.category.LAUNCHER] flg=0x10000000 cmp=org.droidmate.fixtures.apks.monitored/.Activity1} from pid 2389
05-05 16:55:48.396 I/ActivityManager( 1255): Start proc org.droidmate.fixtures.apks.monitored for activity org.droidmate.fixtures.apks.monitored/.Activity1: pid=2400 uid=10053 gids={50053, 3003}
05-05 16:55:48.476 I/System.out( 2400): Extracting lib/x86/libinstrumentation.so to /data/data/org.droidmate.fixtures.apks.monitored/files/appguard_monitor_libs/libinstrumentation.so
05-05 16:55:48.526 W/linker  ( 2413): libdvm.so has text relocations. This is wasting memory and is a security risk. Please fix.
05-05 16:55:48.596 D/Monitor_server( 2400): Starting monitor TCP server...
05-05 16:55:48.596 D/Monitor_server( 2400): Creating server socket bound to port 59701...
05-05 16:55:48.596 D/Monitor_server( 2400): Starting monitor TCP server succeeded. Port used: 59701 PID: 2400
05-05 16:55:48.596 I/Monitor_init( 2400): Monitor constructed successfully.
05-05 16:55:48.966 I/Monitor_init( 2400): Monitor initialized for package org.droidmate.fixtures.apks.monitored
05-05 16:55:48.966 D/AppDexLoader( 2400): Loading app-1462481663278.apk
05-05 16:55:48.986 W/linker  ( 2415): libdvm.so has text relocations. This is wasting memory and is a security risk. Please fix.
05-05 16:55:49.016 I/Monitor_API_method_call( 2400): TId: 1 objCls: android.app.Activity mthd: onResume retCls: void params:  stacktrace: dalvik.system.VMStack.getThreadStackTrace(Native Method)->java.lang.Thread.getStackTrace(Thread.java:579)->org.droidmate.monitor_generator.generated.Monitor.getStackTrace(Monitor.java:439)->org.droidmate.monitor_generator.generated.Monitor.redir_android_app_Activity_onResume0(Monitor.java:733)->java.lang.reflect.Method.invokeNative(Native Method)->java.lang.reflect.Method.invoke(Method.java:515)->android.app.Activity.onResume(Activity.java)->android.app.Instrumentation.callActivityOnResume(Instrumentation.java:1192)->android.app.Activity.performResume(Activity.java:5310)->android.app.ActivityThread.performResumeActivity(ActivityThread.java:2764)->android.app.ActivityThread.handleResumeActivity(ActivityThread.java:2803)->android.app.ActivityThread.handleLaunchActivity(ActivityThread.java:2238)->android.app.ActivityThread.access$800(ActivityThread.java:135)->android.app.ActivityThread$H.handleMessage(ActivityThread.java:1196)->android.os.Handler.dispatchMessage(Handler.java:102)->android.os.Looper.loop(Looper.java:136)->android.app.ActivityThread.main(ActivityThread.java:5001)->java.lang.reflect.Method.invokeNative(Native Method)->java.lang.reflect.Method.invoke(Method.java:515)->com.android.internal.os.ZygoteInit$MethodAndArgsCaller.run(ZygoteInit.java:785)->com.android.internal.os.ZygoteInit.main(ZygoteInit.java:601)->dalvik.system.NativeStart.main(Native Method)
05-05 16:55:49.056 D/        ( 2400): HostConnection::get() New Host Connection established 0xb78898b0, tid 2400
05-05 16:55:49.076 W/EGL_emulation( 2400): eglSurfaceAttrib not implemented
05-05 16:55:49.076 D/OpenGLRenderer( 2400): Enabling debug mode 0
05-05 16:55:49.136 I/ActivityManager( 1255): Displayed org.droidmate.fixtures.apks.monitored/.Activity1: +772ms
05-05 16:55:49.136 D/AndroidRuntime( 2389): Shutting down VM
05-05 16:55:49.146 D/jdwp    ( 2389): Got wake-up signal, bailing out of select
05-05 16:55:54.366 D/droidmate/uiad( 2099): Getting window hierarchy dump
05-05 16:55:54.376 D/droidmate/server( 2099): serverSocket.accept(59800)
05-05 16:55:54.406 D/droidmate/uiad( 2099): Getting window hierarchy dump
05-05 16:55:54.416 D/droidmate/server( 2099): serverSocket.accept(59800)
05-05 16:55:54.516 D/AndroidRuntime( 2416): 
05-05 16:55:54.516 D/AndroidRuntime( 2416): >>>>>> AndroidRuntime START com.android.internal.os.RuntimeInit <<<<<<
05-05 16:55:54.516 W/linker  ( 2416): libdvm.so has text relocations. This is wasting memory and is a security risk. Please fix.
05-05 16:55:54.516 D/AndroidRuntime( 2416): CheckJNI is ON
05-05 16:55:54.566 E/memtrack( 2416): Couldn't load memtrack module (No such file or directory)
05-05 16:55:54.566 E/android.os.Debug( 2416): failed to load memtrack module: -2
05-05 16:55:54.586 D/AndroidRuntime( 2416): Calling main entry com.android.commands.pm.Pm
05-05 16:55:54.586 W/InputDispatcher( 1255): channel 'ad249550 org.droidmate.fixtures.apks.monitored/org.droidmate.fixtures.apks.monitored.Activity1 (server)' ~ Consumer closed input channel or an error occurred.  events=0x9
05-05 16:55:54.586 E/InputDispatcher( 1255): channel 'ad249550 org.droidmate.fixtures.apks.monitored/org.droidmate.fixtures.apks.monitored.Activity1 (server)' ~ Channel is unrecoverably broken and will be disposed!
05-05 16:55:54.586 I/ActivityManager( 1255): Force stopping org.droidmate.fixtures.apks.monitored appid=10053 user=0: clear data
05-05 16:55:54.586 I/ActivityManager( 1255): Killing 2400:org.droidmate.fixtures.apks.monitored/u0a53 (adj 0): stop org.droidmate.fixtures.apks.monitored
05-05 16:55:54.586 W/ActivityManager( 1255): Force removing ActivityRecord{ad26e890 u0 org.droidmate.fixtures.apks.monitored/.Activity1 t9}: app died, no saved state
05-05 16:55:54.606 W/InputDispatcher( 1255): Attempted to unregister already unregistered input channel 'ad249550 org.droidmate.fixtures.apks.monitored/org.droidmate.fixtures.apks.monitored.Activity1 (server)'
05-05 16:55:54.606 D/Documents( 1933): Used cached roots for com.android.providers.downloads.documents
05-05 16:55:54.606 D/Documents( 1933): Loading roots for com.android.externalstorage.documents
05-05 16:55:54.606 I/WindowState( 1255): WIN DEATH: Window{ad249550 u0 org.droidmate.fixtures.apks.monitored/org.droidmate.fixtures.apks.monitored.Activity1}
05-05 16:55:54.626 W/EGL_emulation( 1424): eglSurfaceAttrib not implemented
05-05 16:55:54.626 W/InputMethodManagerService( 1255): Got RemoteException sending setActive(false) notification to pid 2400 uid 10053
05-05 16:55:54.656 W/Binder  ( 1380): Caught a RuntimeException from the binder stub implementation.
05-05 16:55:54.656 W/Binder  ( 1380): java.lang.NullPointerException
05-05 16:55:54.656 W/Binder  ( 1380): 	at android.inputmethodservice.IInputMethodWrapper.setSessionEnabled(IInputMethodWrapper.java:280)
05-05 16:55:54.656 W/Binder  ( 1380): 	at com.android.internal.view.IInputMethod$Stub.onTransact(IInputMethod.java:129)
05-05 16:55:54.656 W/Binder  ( 1380): 	at android.os.Binder.execTransact(Binder.java:404)
05-05 16:55:54.656 W/Binder  ( 1380): 	at dalvik.system.NativeStart.run(Native Method)
05-05 16:55:54.666 D/keystore(  942): calling clear_uid in state: 3
05-05 16:55:54.666 D/AndroidRuntime( 2416): Shutting down VM
05-05 16:55:54.666 D/jdwp    ( 2416): Got wake-up signal, bailing out of select
05-05 16:55:54.676 D/Documents( 1933): Used cached roots for com.android.providers.media.documents
05-05 16:55:54.686 D/Documents( 1933): Update found 5 roots in 76ms
05-05 16:55:59.926 D/droidmate/uiad( 2099): Getting window hierarchy dump
05-05 16:55:59.966 D/droidmate/server( 2099): serverSocket.accept(59800)
05-05 16:56:00.126 D/AndroidRuntime( 2428): 
05-05 16:56:00.126 D/AndroidRuntime( 2428): >>>>>> AndroidRuntime START com.android.internal.os.RuntimeInit <<<<<<
05-05 16:56:00.126 W/linker  ( 2428): libdvm.so has text relocations. This is wasting memory and is a security risk. Please fix.
05-05 16:56:00.126 D/AndroidRuntime( 2428): CheckJNI is ON
05-05 16:56:00.176 E/memtrack( 2428): Couldn't load memtrack module (No such file or directory)
05-05 16:56:00.176 E/android.os.Debug( 2428): failed to load memtrack module: -2
05-05 16:56:00.186 D/AndroidRuntime( 2428): Calling main entry com.android.commands.pm.Pm
05-05 16:56:00.186 I/ActivityManager( 1255): Force stopping org.droidmate.fixtures.apks.monitored appid=10053 user=0: clear data
05-05 16:56:00.196 D/keystore(  942): calling clear_uid in state: 3
05-05 16:56:00.196 D/Documents( 1933): Used cached roots for com.android.providers.downloads.documents
05-05 16:56:00.196 D/Documents( 1933): Loading roots for com.android.externalstorage.documents
05-05 16:56:00.206 D/Documents( 1933): Used cached roots for com.android.providers.media.documents
05-05 16:56:00.206 D/Documents( 1933): Update found 5 roots in 5ms
05-05 16:56:00.206 D/AndroidRuntime( 2428): Shutting down VM
05-05 16:56:00.206 D/jdwp    ( 2428): Got wake-up signal, bailing out of select
05-05 16:56:05.476 D/AndroidRuntime( 2442): 
05-05 16:56:05.476 D/AndroidRuntime( 2442): >>>>>> AndroidRuntime START com.android.internal.os.RuntimeInit <<<<<<
05-05 16:56:05.476 W/linker  ( 2442): libdvm.so has text relocations. This is wasting memory and is a security risk. Please fix.
05-05 16:56:05.476 D/AndroidRuntime( 2442): CheckJNI is ON
05-05 16:56:05.526 E/memtrack( 2442): Couldn't load memtrack module (No such file or directory)
05-05 16:56:05.526 E/android.os.Debug( 2442): failed to load memtrack module: -2
05-05 16:56:05.546 D/AndroidRuntime( 2442): Calling main entry com.android.commands.pm.Pm
05-05 16:56:05.546 I/ActivityManager( 1255): Force stopping org.droidmate.fixtures.apks.monitored appid=10053 user=-1: uninstall pkg
05-05 16:56:05.556 W/PackageManager( 1255): Couldn't delete native library directory /data/app-lib/org.droidmate.fixtures.apks.monitored
05-05 16:56:05.566 D/keystore(  942): calling clear_uid in state: 3
05-05 16:56:05.566 I/ActivityManager( 1255): Force stopping org.droidmate.fixtures.apks.monitored appid=10053 user=0: pkg removed
05-05 16:56:05.616 D/BackupManagerService( 1255): Received broadcast Intent { act=android.intent.action.PACKAGE_REMOVED dat=package:org.droidmate.fixtures.apks.monitored flg=0x4000010 (has extras) }
05-05 16:56:05.626 I/InputReader( 1255): Reconfiguring input devices.  changes=0x00000010
05-05 16:56:05.626 D/Documents( 1933): Used cached roots for com.android.providers.downloads.documents
05-05 16:56:05.626 D/Documents( 1933): Loading roots for com.android.externalstorage.documents
05-05 16:56:05.626 I/PackageManager( 1255):   Action: "android.intent.action.SENDTO"
05-05 16:56:05.626 I/PackageManager( 1255):   Category: "android.intent.category.DEFAULT"
05-05 16:56:05.626 I/PackageManager( 1255):   Scheme: "sms"
05-05 16:56:05.626 I/PackageManager( 1255): Adding preferred activity ComponentInfo{com.android.mms/com.android.mms.ui.ComposeMessageActivity} for user 0 :
05-05 16:56:05.636 D/AndroidRuntime( 2442): Shutting down VM
05-05 16:56:05.636 D/jdwp    ( 2442): Got wake-up signal, bailing out of select
05-05 16:56:05.656 D/Documents( 1933): Used cached roots for com.android.providers.media.documents
05-05 16:56:05.656 D/Documents( 1933): Update found 5 roots in 30ms
05-05 16:56:05.676 I/PackageManager( 1255):   Action: "android.intent.action.SENDTO"
05-05 16:56:05.676 I/PackageManager( 1255):   Category: "android.intent.category.DEFAULT"
05-05 16:56:05.676 I/PackageManager( 1255):   Scheme: "smsto"
05-05 16:56:05.676 I/PackageManager( 1255):   Action: "android.intent.action.SENDTO"
05-05 16:56:05.676 I/PackageManager( 1255):   Category: "android.intent.category.DEFAULT"
05-05 16:56:05.676 I/PackageManager( 1255):   Scheme: "mms"
05-05 16:56:05.676 I/PackageManager( 1255): Adding preferred activity ComponentInfo{com.android.mms/com.android.mms.ui.ComposeMessageActivity} for user 0 :
05-05 16:56:05.676 I/PackageManager( 1255): Adding preferred activity ComponentInfo{com.android.mms/com.android.mms.ui.ComposeMessageActivity} for user 0 :
05-05 16:56:05.686 I/PackageManager( 1255):   Action: "android.intent.action.SENDTO"
05-05 16:56:05.686 I/PackageManager( 1255):   Category: "android.intent.category.DEFAULT"
05-05 16:56:05.686 I/PackageManager( 1255):   Scheme: "mmsto"
05-05 16:56:05.686 I/PackageManager( 1255):   Action: "android.intent.action.SENDTO"
05-05 16:56:05.686 I/PackageManager( 1255):   Category: "android.intent.category.DEFAULT"
05-05 16:56:05.686 I/PackageManager( 1255):   Scheme: "sms"
05-05 16:56:05.686 I/PackageManager( 1255):   Action: "android.intent.action.SENDTO"
05-05 16:56:05.686 I/PackageManager( 1255):   Category: "android.intent.category.DEFAULT"
05-05 16:56:05.686 I/PackageManager( 1255):   Scheme: "smsto"
05-05 16:56:05.686 I/PackageManager( 1255): Adding preferred activity ComponentInfo{com.android.mms/com.android.mms.ui.ComposeMessageActivity} for user 0 :
05-05 16:56:05.686 I/PackageManager( 1255): Adding preferred activity ComponentInfo{com.android.mms/com.android.mms.ui.ComposeMessageActivity} for user 0 :
05-05 16:56:05.686 I/PackageManager( 1255): Adding preferred activity ComponentInfo{com.android.mms/com.android.mms.ui.ComposeMessageActivity} for user 0 :
05-05 16:56:05.696 I/LatinIME:LogUtils( 1380): Dictionary info: dictionary = main:en ; version = 42 ; date = 1381226429
05-05 16:56:05.706 W/ContextImpl( 2057): Calling a method in the system process without a qualified user: android.app.ContextImpl.startService:1487 android.content.ContextWrapper.startService:494 android.content.ContextWrapper.startService:494 com.android.keychain.KeyChainBroadcastReceiver.onReceive:12 android.app.ActivityThread.handleReceiver:2407 
05-05 16:56:05.716 I/PackageManager( 1255):   Action: "android.intent.action.SENDTO"
05-05 16:56:05.716 I/PackageManager( 1255):   Category: "android.intent.category.DEFAULT"
05-05 16:56:05.716 I/PackageManager( 1255):   Scheme: "mms"
05-05 16:56:05.716 I/PackageManager( 1255):   Action: "android.intent.action.SENDTO"
05-05 16:56:05.716 I/PackageManager( 1255):   Category: "android.intent.category.DEFAULT"
05-05 16:56:05.716 I/PackageManager( 1255):   Scheme: "mmsto"
05-05 16:56:05.716 I/PackageManager( 1255): Adding preferred activity ComponentInfo{com.android.mms/com.android.mms.ui.ComposeMessageActivity} for user 0 :
05-05 16:56:05.716 I/PackageManager( 1255): Adding preferred activity ComponentInfo{com.android.mms/com.android.mms.ui.ComposeMessageActivity} for user 0 :
05-05 16:56:05.736 D/VoicemailCleanupService( 1790): Cleaning up data for package: org.droidmate.fixtures.apks.monitored
