05-05 16:54:24.345 E/AccessibilityNodeInfoCache( 2099): Disconneced node: android.view.accessibility.AccessibilityNodeInfo@ce5f; boundsInParent: Rect(0, 0 - 125, 33); boundsInScreen: Rect(88, 1123 - 213, 1156); packageName: com.android.settings; className: android.widget.TextView; text: Date & time; contentDescription: null; viewIdResName: android:id/title; checkable: false; checked: false; focusable: false; focused: false; selected: false; clickable: false; longClickable: false; enabled: true; password: false; scrollable: false; [ACTION_SELECT, ACTION_CLEAR_SELECTION, ACTION_ACCESSIBILITY_FOCUS, ACTION_NEXT_AT_MOVEMENT_GRANULARITY, ACTION_PREVIOUS_AT_MOVEMENT_GRANULARITY, ACTION_SET_SELECTION]
05-05 16:54:24.345 E/AccessibilityNodeInfoCache( 2099): Disconneced node: android.view.accessibility.AccessibilityNodeInfo@d220; boundsInParent: Rect(0, 0 - 139, 33); boundsInScreen: Rect(88, 1188 - 227, 1221); packageName: com.android.settings; className: android.widget.TextView; text: Accessibility; contentDescription: null; viewIdResName: android:id/title; checkable: false; checked: false; focusable: false; focused: false; selected: false; clickable: false; longClickable: false; enabled: true; password: false; scrollable: false; [ACTION_SELECT, ACTION_CLEAR_SELECTION, ACTION_ACCESSIBILITY_FOCUS, ACTION_NEXT_AT_MOVEMENT_GRANULARITY, ACTION_PREVIOUS_AT_MOVEMENT_GRANULARITY, ACTION_SET_SELECTION]
05-05 16:54:24.345 E/AccessibilityNodeInfoCache( 2099): Disconneced node: android.view.accessibility.AccessibilityNodeInfo@102ed; boundsInParent: Rect(0, 0 - 736, 64); boundsInScreen: Rect(32, 326 - 768, 390); packageName: com.android.settings; className: android.widget.LinearLayout; text: null; contentDescription: null; viewIdResName: null; checkable: false; checked: false; focusable: false; focused: false; selected: false; clickable: true; longClickable: false; enabled: true; password: false; scrollable: false; [ACTION_SELECT, ACTION_CLEAR_SELECTION, ACTION_CLICK, ACTION_ACCESSIBILITY_FOCUS]
05-05 16:54:24.345 E/AccessibilityNodeInfoCache( 2099): Disconneced node: android.view.accessibility.AccessibilityNodeInfo@106ae; boundsInParent: Rect(0, 0 - 736, 64); boundsInScreen: Rect(32, 391 - 768, 455); packageName: com.android.settings; className: android.widget.LinearLayout; text: null; contentDescription: null; viewIdResName: null; checkable: false; checked: false; focusable: false; focused: false; selected: false; clickable: true; longClickable: false; enabled: true; password: false; scrollable: false; [ACTION_SELECT, ACTION_CLEAR_SELECTION, ACTION_CLICK, ACTION_ACCESSIBILITY_FOCUS]
05-05 16:54:24.345 E/AccessibilityNodeInfoCache( 2099): Disconneced node: android.view.accessibility.AccessibilityNodeInfo@10a6f; boundsInParent: Rect(0, 0 - 736, 64); boundsInScreen: Rect(32, 456 - 768, 520); packageName: com.android.settings; className: android.widget.LinearLayout; text: null; contentDescription: null; viewIdResName: null; checkable: false; checked: false; focusable: false; focused: false; selected: false; clickable: true; longClickable: false; enabled: true; password: false; scrollable: false; [ACTION_SELECT, ACTION_CLEAR_SELECTION, ACTION_CLICK, ACTION_ACCESSIBILITY_FOCUS]
05-05 16:54:24.345 E/AccessibilityNodeInfoCache( 2099): Disconneced node: android.view.accessibility.AccessibilityNodeInfo@10e30; boundsInParent: Rect(0, 0 - 736, 64); boundsInScreen: Rect(32, 521 - 768, 585); packageName: com.android.settings; className: android.widget.LinearLayout; text: null; contentDescription: null; viewIdResName: null; checkable: false; checked: false; focusable: false; focused: false; selected: false; clickable: true; longClickable: false; enabled: true; password: false; scrollable: false; [ACTION_SELECT, ACTION_CLEAR_SELECTION, ACTION_CLICK, ACTION_ACCESSIBILITY_FOCUS]
05-05 16:54:24.345 E/AccessibilityNodeInfoCache( 2099): Disconneced node: android.view.accessibility.AccessibilityNodeInfo@111f1; boundsInParent: Rect(0, 0 - 736, 64); boundsInScreen: Rect(32, 586 - 768, 650); packageName: com.android.settings; className: android.widget.LinearLayout; text: null; contentDescription: null; viewIdResName: null; checkable: false; checked: false; focusable: false; focused: false; selected: false; clickable: true; longClickable: false; enabled: true; password: false; scrollable: false; [ACTION_SELECT, ACTION_CLEAR_SELECTION, ACTION_CLICK, ACTION_ACCESSIBILITY_FOCUS]
05-05 16:54:24.345 E/AccessibilityNodeInfoCache( 2099): Disconneced node: android.view.accessibility.AccessibilityNodeInfo@115b2; boundsInParent: Rect(0, 0 - 736, 64); boundsInScreen: Rect(32, 695 - 768, 759); packageName: com.android.settings; className: android.widget.LinearLayout; text: null; contentDescription: null; viewIdResName: null; checkable: false; checked: false; focusable: false; focused: false; selected: false; clickable: true; longClickable: false; enabled: true; password: false; scrollable: false; [ACTION_SELECT, ACTION_CLEAR_SELECTION, ACTION_CLICK, ACTION_ACCESSIBILITY_FOCUS]
05-05 16:54:24.345 E/AccessibilityNodeInfoCache( 2099): Disconneced node: android.view.accessibility.AccessibilityNodeInfo@11973; boundsInParent: Rect(0, 0 - 736, 64); boundsInScreen: Rect(32, 760 - 768, 824); packageName: com.android.settings; className: android.widget.LinearLayout; text: null; contentDescription: null; viewIdResName: null; checkable: false; checked: false; focusable: false; focused: false; selected: false; clickable: true; longClickable: false; enabled: true; password: false; scrollable: false; [ACTION_SELECT, ACTION_CLEAR_SELECTION, ACTION_CLICK, ACTION_ACCESSIBILITY_FOCUS]
05-05 16:54:24.345 E/AccessibilityNodeInfoCache( 2099): Disconneced node: android.view.accessibility.AccessibilityNodeInfo@11d34; boundsInParent: Rect(0, 0 - 736, 64); boundsInScreen: Rect(32, 825 - 768, 889); packageName: com.android.settings; className: android.widget.LinearLayout; text: null; contentDescription: null; viewIdResName: null; checkable: false; checked: false; focusable: false; focused: false; selected: false; clickable: true; longClickable: false; enabled: true; password: false; scrollable: false; [ACTION_SELECT, ACTION_CLEAR_SELECTION, ACTION_CLICK, ACTION_ACCESSIBILITY_FOCUS]
05-05 16:54:24.345 E/AccessibilityNodeInfoCache( 2099): Disconneced node: android.view.accessibility.AccessibilityNodeInfo@120f5; boundsInParent: Rect(0, 0 - 736, 64); boundsInScreen: Rect(32, 890 - 768, 954); packageName: com.android.settings; className: android.widget.LinearLayout; text: null; contentDescription: null; viewIdResName: null; checkable: false; checked: false; focusable: false; focused: false; selected: false; clickable: true; longClickable: false; enabled: true; password: false; scrollable: false; [ACTION_SELECT, ACTION_CLEAR_SELECTION, ACTION_CLICK, ACTION_ACCESSIBILITY_FOCUS]
05-05 16:54:24.345 E/AccessibilityNodeInfoCache( 2099): Disconneced node: android.view.accessibility.AccessibilityNodeInfo@124b6; boundsInParent: Rect(0, 0 - 736, 64); boundsInScreen: Rect(32, 999 - 768, 1063); packageName: com.android.settings; className: android.widget.LinearLayout; text: null; contentDescription: null; viewIdResName: null; checkable: false; checked: false; focusable: false; focused: false; selected: false; clickable: true; longClickable: false; enabled: true; password: false; scrollable: false; [ACTION_SELECT, ACTION_CLEAR_SELECTION, ACTION_CLICK, ACTION_ACCESSIBILITY_FOCUS]
05-05 16:54:24.345 E/AccessibilityNodeInfoCache( 2099): Disconneced node: android.view.accessibility.AccessibilityNodeInfo@12877; boundsInParent: Rect(0, 0 - 736, 64); boundsInScreen: Rect(32, 1108 - 768, 1172); packageName: com.android.settings; className: android.widget.LinearLayout; text: null; contentDescription: null; viewIdResName: null; checkable: false; checked: false; focusable: false; focused: false; selected: false; clickable: true; longClickable: false; enabled: true; password: false; scrollable: false; [ACTION_SELECT, ACTION_CLEAR_SELECTION, ACTION_CLICK, ACTION_ACCESSIBILITY_FOCUS]
05-05 16:54:24.345 E/AccessibilityNodeInfoCache( 2099): Disconneced node: android.view.accessibility.AccessibilityNodeInfo@12c38; boundsInParent: Rect(0, 0 - 736, 64); boundsInScreen: Rect(32, 1173 - 768, 1237); packageName: com.android.settings; className: android.widget.LinearLayout; text: null; contentDescription: null; viewIdResName: null; checkable: false; checked: false; focusable: false; focused: false; selected: false; clickable: true; longClickable: false; enabled: true; password: false; scrollable: false; [ACTION_SELECT, ACTION_CLEAR_SELECTION, ACTION_CLICK, ACTION_ACCESSIBILITY_FOCUS]
05-05 16:54:24.345 E/AccessibilityNodeInfoCache( 2099): Disconneced node: android.view.accessibility.AccessibilityNodeInfo@1377b; boundsInParent: Rect(0, 0 - 37, 43); boundsInScreen: Rect(40, 227 - 77, 270); packageName: com.android.settings; className: android.widget.LinearLayout; text: null; contentDescription: null; viewIdResName: null; checkable: false; checked: false; focusable: false; focused: false; selected: false; clickable: false; longClickable: false; enabled: true; password: false; scrollable: false; [ACTION_SELECT, ACTION_CLEAR_SELECTION, ACTION_ACCESSIBILITY_FOCUS]
05-05 16:54:24.345 E/AccessibilityNodeInfoCache( 2099): Disconneced node: android.view.accessibility.AccessibilityNodeInfo@13b3c; boundsInParent: Rect(0, 0 - 659, 33); boundsInScreen: Rect(88, 232 - 747, 265); packageName: com.android.settings; className: android.widget.RelativeLayout; text: null; contentDescription: null; viewIdResName: null; checkable: false; checked: false; focusable: false; focused: false; selected: false; clickable: false; longClickable: false; enabled: true; password: false; scrollable: false; [ACTION_SELECT, ACTION_CLEAR_SELECTION, ACTION_ACCESSIBILITY_FOCUS]
05-05 16:54:24.345 E/AccessibilityNodeInfoCache( 2099): Disconneced node: android.view.accessibility.AccessibilityNodeInfo@13efd; boundsInParent: Rect(0, 0 - 37, 43); boundsInScreen: Rect(40, 336 - 77, 379); packageName: com.android.settings; className: android.widget.LinearLayout; text: null; contentDescription: null; viewIdResName: null; checkable: false; checked: false; focusable: false; focused: false; selected: false; clickable: false; longClickable: false; enabled: true; password: false; scrollable: false; [ACTION_SELECT, ACTION_CLEAR_SELECTION, ACTION_ACCESSIBILITY_FOCUS]
05-05 16:54:24.345 E/AccessibilityNodeInfoCache( 2099): Disconneced node: android.view.accessibility.AccessibilityNodeInfo@142be; boundsInParent: Rect(0, 0 - 659, 33); boundsInScreen: Rect(88, 341 - 747, 374); packageName: com.android.settings; className: android.widget.RelativeLayout; text: null; contentDescription: null; viewIdResName: null; checkable: false; checked: false; focusable: false; focused: false; selected: false; clickable: false; longClickable: false; enabled: true; password: false; scrollable: false; [ACTION_SELECT, ACTION_CLEAR_SELECTION, ACTION_ACCESSIBILITY_FOCUS]
05-05 16:54:24.345 E/AccessibilityNodeInfoCache( 2099): Disconneced node: android.view.accessibility.AccessibilityNodeInfo@1467f; boundsInParent: Rect(0, 0 - 37, 43); boundsInScreen: Rect(40, 401 - 77, 444); packageName: com.android.settings; className: android.widget.LinearLayout; text: null; contentDescription: null; viewIdResName: null; checkable: false; checked: false; focusable: false; focused: false; selected: false; clickable: false; longClickable: false; enabled: true; password: false; scrollable: false; [ACTION_SELECT, ACTION_CLEAR_SELECTION, ACTION_ACCESSIBILITY_FOCUS]
05-05 16:54:24.345 E/AccessibilityNodeInfoCache( 2099): Disconneced node: android.view.accessibility.AccessibilityNodeInfo@14a40; boundsInParent: Rect(0, 0 - 659, 33); boundsInScreen: Rect(88, 406 - 747, 439); packageName: com.android.settings; className: android.widget.RelativeLayout; text: null; contentDescription: null; viewIdResName: null; checkable: false; checked: false; focusable: false; focused: false; selected: false; clickable: false; longClickable: false; enabled: true; password: false; scrollable: false; [ACTION_SELECT, ACTION_CLEAR_SELECTION, ACTION_ACCESSIBILITY_FOCUS]
05-05 16:54:24.345 E/AccessibilityNodeInfoCache( 2099): Disconneced node: android.view.accessibility.AccessibilityNodeInfo@14e01; boundsInParent: Rect(0, 0 - 37, 43); boundsInScreen: Rect(40, 466 - 77, 509); packageName: com.android.settings; className: android.widget.LinearLayout; text: null; contentDescription: null; viewIdResName: null; checkable: false; checked: false; focusable: false; focused: false; selected: false; clickable: false; longClickable: false; enabled: true; password: false; scrollable: false; [ACTION_SELECT, ACTION_CLEAR_SELECTION, ACTION_ACCESSIBILITY_FOCUS]
05-05 16:54:24.345 E/AccessibilityNodeInfoCache( 2099): Disconneced node: android.view.accessibility.AccessibilityNodeInfo@151c2; boundsInParent: Rect(0, 0 - 659, 33); boundsInScreen: Rect(88, 471 - 747, 504); packageName: com.android.settings; className: android.widget.RelativeLayout; text: null; contentDescription: null; viewIdResName: null; checkable: false; checked: false; focusable: false; focused: false; selected: false; clickable: false; longClickable: false; enabled: true; password: false; scrollable: false; [ACTION_SELECT, ACTION_CLEAR_SELECTION, ACTION_ACCESSIBILITY_FOCUS]
05-05 16:54:24.345 E/AccessibilityNodeInfoCache( 2099): Disconneced node: android.view.accessibility.AccessibilityNodeInfo@15583; boundsInParent: Rect(0, 0 - 37, 43); boundsInScreen: Rect(40, 531 - 77, 574); packageName: com.android.settings; className: android.widget.LinearLayout; text: null; contentDescription: null; viewIdResName: null; checkable: false; checked: false; focusable: false; focused: false; selected: false; clickable: false; longClickable: false; enabled: true; password: false; scrollable: false; [ACTION_SELECT, ACTION_CLEAR_SELECTION, ACTION_ACCESSIBILITY_FOCUS]
05-05 16:54:24.345 E/AccessibilityNodeInfoCache( 2099): Disconneced node: android.view.accessibility.AccessibilityNodeInfo@15944; boundsInParent: Rect(0, 0 - 659, 33); boundsInScreen: Rect(88, 536 - 747, 569); packageName: com.android.settings; className: android.widget.RelativeLayout; text: null; contentDescription: null; viewIdResName: null; checkable: false; checked: false; focusable: false; focused: false; selected: false; clickable: false; longClickable: false; enabled: true; password: false; scrollable: false; [ACTION_SELECT, ACTION_CLEAR_SELECTION, ACTION_ACCESSIBILITY_FOCUS]
05-05 16:54:24.345 E/AccessibilityNodeInfoCache( 2099): Disconneced node: android.view.accessibility.AccessibilityNodeInfo@15d05; boundsInParent: Rect(0, 0 - 37, 43); boundsInScreen: Rect(40, 596 - 77, 639); packageName: com.android.settings; className: android.widget.LinearLayout; text: null; contentDescription: null; viewIdResName: null; checkable: false; checked: false; focusable: false; focused: false; selected: false; clickable: false; longClickable: false; enabled: true; password: false; scrollable: false; [ACTION_SELECT, ACTION_CLEAR_SELECTION, ACTION_ACCESSIBILITY_FOCUS]
05-05 16:54:24.345 E/AccessibilityNodeInfoCache( 2099): Disconneced node: android.view.accessibility.AccessibilityNodeInfo@160c6; boundsInParent: Rect(0, 0 - 659, 33); boundsInScreen: Rect(88, 601 - 747, 634); packageName: com.android.settings; className: android.widget.RelativeLayout; text: null; contentDescription: null; viewIdResName: null; checkable: false; checked: false; focusable: false; focused: false; selected: false; clickable: false; longClickable: false; enabled: true; password: false; scrollable: false; [ACTION_SELECT, ACTION_CLEAR_SELECTION, ACTION_ACCESSIBILITY_FOCUS]
05-05 16:54:24.345 E/AccessibilityNodeInfoCache( 2099): Disconneced node: android.view.accessibility.AccessibilityNodeInfo@16487; boundsInParent: Rect(0, 0 - 37, 43); boundsInScreen: Rect(40, 705 - 77, 748); packageName: com.android.settings; className: android.widget.LinearLayout; text: null; contentDescription: null; viewIdResName: null; checkable: false; checked: false; focusable: false; focused: false; selected: false; clickable: false; longClickable: false; enabled: true; password: false; scrollable: false; [ACTION_SELECT, ACTION_CLEAR_SELECTION, ACTION_ACCESSIBILITY_FOCUS]
05-05 16:54:24.345 E/AccessibilityNodeInfoCache( 2099): Disconneced node: android.view.accessibility.AccessibilityNodeInfo@16848; boundsInParent: Rect(0, 0 - 659, 33); boundsInScreen: Rect(88, 710 - 747, 743); packageName: com.android.settings; className: android.widget.RelativeLayout; text: null; contentDescription: null; viewIdResName: null; checkable: false; checked: false; focusable: false; focused: false; selected: false; clickable: false; longClickable: false; enabled: true; password: false; scrollable: false; [ACTION_SELECT, ACTION_CLEAR_SELECTION, ACTION_ACCESSIBILITY_FOCUS]
05-05 16:54:24.345 E/AccessibilityNodeInfoCache( 2099): Disconneced node: android.view.accessibility.AccessibilityNodeInfo@16c09; boundsInParent: Rect(0, 0 - 37, 43); boundsInScreen: Rect(40, 770 - 77, 813); packageName: com.android.settings; className: android.widget.LinearLayout; text: null; contentDescription: null; viewIdResName: null; checkable: false; checked: false; focusable: false; focused: false; selected: false; clickable: false; longClickable: false; enabled: true; password: false; scrollable: false; [ACTION_SELECT, ACTION_CLEAR_SELECTION, ACTION_ACCESSIBILITY_FOCUS]
05-05 16:54:24.345 E/AccessibilityNodeInfoCache( 2099): Disconneced node: android.view.accessibility.AccessibilityNodeInfo@16fca; boundsInParent: Rect(0, 0 - 659, 33); boundsInScreen: Rect(88, 775 - 747, 808); packageName: com.android.settings; className: android.widget.RelativeLayout; text: null; contentDescription: null; viewIdResName: null; checkable: false; checked: false; focusable: false; focused: false; selected: false; clickable: false; longClickable: false; enabled: true; password: false; scrollable: false; [ACTION_SELECT, ACTION_CLEAR_SELECTION, ACTION_ACCESSIBILITY_FOCUS]
05-05 16:54:24.345 E/AccessibilityNodeInfoCache( 2099): Disconneced node: android.view.accessibility.AccessibilityNodeInfo@1738b; boundsInParent: Rect(0, 0 - 37, 43); boundsInScreen: Rect(40, 835 - 77, 878); packageName: com.android.settings; className: android.widget.LinearLayout; text: null; contentDescription: null; viewIdResName: null; checkable: false; checked: false; focusable: false; focused: false; selected: false; clickable: false; longClickable: false; enabled: true; password: false; scrollable: false; [ACTION_SELECT, ACTION_CLEAR_SELECTION, ACTION_ACCESSIBILITY_FOCUS]
05-05 16:54:24.345 E/AccessibilityNodeInfoCache( 2099): Disconneced node: android.view.accessibility.AccessibilityNodeInfo@1774c; boundsInParent: Rect(0, 0 - 659, 33); boundsInScreen: Rect(88, 840 - 747, 873); packageName: com.android.settings; className: android.widget.RelativeLayout; text: null; contentDescription: null; viewIdResName: null; checkable: false; checked: false; focusable: false; focused: false; selected: false; clickable: false; longClickable: false; enabled: true; password: false; scrollable: false; [ACTION_SELECT, ACTION_CLEAR_SELECTION, ACTION_ACCESSIBILITY_FOCUS]
05-05 16:54:24.345 E/AccessibilityNodeInfoCache( 2099): Disconneced node: android.view.accessibility.AccessibilityNodeInfo@17b0d; boundsInParent: Rect(0, 0 - 37, 43); boundsInScreen: Rect(40, 900 - 77, 943); packageName: com.android.settings; className: android.widget.LinearLayout; text: null; contentDescription: null; viewIdResName: null; checkable: false; checked: false; focusable: false; focused: false; selected: false; clickable: false; longClickable: false; enabled: true; password: false; scrollable: false; [ACTION_SELECT, ACTION_CLEAR_SELECTION, ACTION_ACCESSIBILITY_FOCUS]
05-05 16:54:24.345 E/AccessibilityNodeInfoCache( 2099): Disconneced node: android.view.accessibility.AccessibilityNodeInfo@17ece; boundsInParent: Rect(0, 0 - 659, 33); boundsInScreen: Rect(88, 905 - 747, 938); packageName: com.android.settings; className: android.widget.RelativeLayout; text: null; contentDescription: null; viewIdResName: null; checkable: false; checked: false; focusable: false; focused: false; selected: false; clickable: false; longClickable: false; enabled: true; password: false; scrollable: false; [ACTION_SELECT, ACTION_CLEAR_SELECTION, ACTION_ACCESSIBILITY_FOCUS]
05-05 16:54:24.345 E/AccessibilityNodeInfoCache( 2099): Disconneced node: android.view.accessibility.AccessibilityNodeInfo@1828f; boundsInParent: Rect(0, 0 - 37, 43); boundsInScreen: Rect(40, 1009 - 77, 1052); packageName: com.android.settings; className: android.widget.LinearLayout; text: null; contentDescription: null; viewIdResName: null; checkable: false; checked: false; focusable: false; focused: false; selected: false; clickable: false; longClickable: false; enabled: true; password: false; scrollable: false; [ACTION_SELECT, ACTION_CLEAR_SELECTION, ACTION_ACCESSIBILITY_FOCUS]
05-05 16:54:24.345 E/AccessibilityNodeInfoCache( 2099): Disconneced node: android.view.accessibility.AccessibilityNodeInfo@18650; boundsInParent: Rect(0, 0 - 659, 33); boundsInScreen: Rect(88, 1014 - 747, 1047); packageName: com.android.settings; className: android.widget.RelativeLayout; text: null; contentDescription: null; viewIdResName: null; checkable: false; checked: false; focusable: false; focused: false; selected: false; clickable: false; longClickable: false; enabled: true; password: false; scrollable: false; [ACTION_SELECT, ACTION_CLEAR_SELECTION, ACTION_ACCESSIBILITY_FOCUS]
05-05 16:54:24.345 E/AccessibilityNodeInfoCache( 2099): Disconneced node: android.view.accessibility.AccessibilityNodeInfo@18a11; boundsInParent: Rect(0, 0 - 37, 43); boundsInScreen: Rect(40, 1118 - 77, 1161); packageName: com.android.settings; className: android.widget.LinearLayout; text: null; contentDescription: null; viewIdResName: null; checkable: false; checked: false; focusable: false; focused: false; selected: false; clickable: false; longClickable: false; enabled: true; password: false; scrollable: false; [ACTION_SELECT, ACTION_CLEAR_SELECTION, ACTION_ACCESSIBILITY_FOCUS]
05-05 16:54:24.345 E/AccessibilityNodeInfoCache( 2099): Disconneced node: android.view.accessibility.AccessibilityNodeInfo@18dd2; boundsInParent: Rect(0, 0 - 659, 33); boundsInScreen: Rect(88, 1123 - 747, 1156); packageName: com.android.settings; className: android.widget.RelativeLayout; text: null; contentDescription: null; viewIdResName: null; checkable: false; checked: false; focusable: false; focused: false; selected: false; clickable: false; longClickable: false; enabled: true; password: false; scrollable: false; [ACTION_SELECT, ACTION_CLEAR_SELECTION, ACTION_ACCESSIBILITY_FOCUS]
05-05 16:54:24.345 E/AccessibilityNodeInfoCache( 2099): Disconneced node: android.view.accessibility.AccessibilityNodeInfo@19193; boundsInParent: Rect(0, 0 - 37, 43); boundsInScreen: Rect(40, 1183 - 77, 1226); packageName: com.android.settings; className: android.widget.LinearLayout; text: null; contentDescription: null; viewIdResName: null; checkable: false; checked: false; focusable: false; focused: false; selected: false; clickable: false; longClickable: false; enabled: true; password: false; scrollable: false; [ACTION_SELECT, ACTION_CLEAR_SELECTION, ACTION_ACCESSIBILITY_FOCUS]
05-05 16:54:24.345 E/AccessibilityNodeInfoCache( 2099): Disconneced node: android.view.accessibility.AccessibilityNodeInfo@19554; boundsInParent: Rect(0, 0 - 659, 33); boundsInScreen: Rect(88, 1188 - 747, 1221); packageName: com.android.settings; className: android.widget.RelativeLayout; text: null; contentDescription: null; viewIdResName: null; checkable: false; checked: false; focusable: false; focused: false; selected: false; clickable: false; longClickable: false; enabled: true; password: false; scrollable: false; [ACTION_SELECT, ACTION_CLEAR_SELECTION, ACTION_ACCESSIBILITY_FOCUS]
05-05 16:54:24.345 E/AccessibilityNodeInfoCache( 2099): Disconneced node: android.view.accessibility.AccessibilityNodeInfo@19cd6; boundsInParent: Rect(0, 0 - 37, 43); boundsInScreen: Rect(40, 596 - 77, 639); packageName: com.android.settings; className: android.widget.ImageView; text: null; contentDescription: null; viewIdResName: com.android.settings:id/icon; checkable: false; checked: false; focusable: false; focused: false; selected: false; clickable: false; longClickable: false; enabled: true; password: false; scrollable: false; [ACTION_SELECT, ACTION_CLEAR_SELECTION, ACTION_ACCESSIBILITY_FOCUS]
05-05 16:54:24.345 E/AccessibilityNodeInfoCache( 2099): Disconneced node: android.view.accessibility.AccessibilityNodeInfo@1a097; boundsInParent: Rect(0, 0 - 37, 43); boundsInScreen: Rect(40, 466 - 77, 509); packageName: com.android.settings; className: android.widget.ImageView; text: null; contentDescription: null; viewIdResName: com.android.settings:id/icon; checkable: false; checked: false; focusable: false; focused: false; selected: false; clickable: false; longClickable: false; enabled: true; password: false; scrollable: false; [ACTION_SELECT, ACTION_CLEAR_SELECTION, ACTION_ACCESSIBILITY_FOCUS]
05-05 16:54:24.345 E/AccessibilityNodeInfoCache( 2099): Disconneced node: android.view.accessibility.AccessibilityNodeInfo@1a458; boundsInParent: Rect(0, 0 - 37, 43); boundsInScreen: Rect(40, 705 - 77, 748); packageName: com.android.settings; className: android.widget.ImageView; text: null; contentDescription: null; viewIdResName: com.android.settings:id/icon; checkable: false; checked: false; focusable: false; focused: false; selected: false; clickable: false; longClickable: false; enabled: true; password: false; scrollable: false; [ACTION_SELECT, ACTION_CLEAR_SELECTION, ACTION_ACCESSIBILITY_FOCUS]
05-05 16:54:24.345 E/AccessibilityNodeInfoCache( 2099): Disconneced node: android.view.accessibility.AccessibilityNodeInfo@1abda; boundsInParent: Rect(0, 0 - 37, 43); boundsInScreen: Rect(40, 227 - 77, 270); packageName: com.android.settings; className: android.widget.ImageView; text: null; contentDescription: null; viewIdResName: com.android.settings:id/icon; checkable: false; checked: false; focusable: false; focused: false; selected: false; clickable: false; longClickable: false; enabled: true; password: false; scrollable: false; [ACTION_SELECT, ACTION_CLEAR_SELECTION, ACTION_ACCESSIBILITY_FOCUS]
05-05 16:54:24.345 E/AccessibilityNodeInfoCache( 2099): Disconneced node: android.view.accessibility.AccessibilityNodeInfo@1b35c; boundsInParent: Rect(0, 0 - 37, 43); boundsInScreen: Rect(40, 336 - 77, 379); packageName: com.android.settings; className: android.widget.ImageView; text: null; contentDescription: null; viewIdResName: com.android.settings:id/icon; checkable: false; checked: false; focusable: false; focused: false; selected: false; clickable: false; longClickable: false; enabled: true; password: false; scrollable: false; [ACTION_SELECT, ACTION_CLEAR_SELECTION, ACTION_ACCESSIBILITY_FOCUS]
05-05 16:54:24.345 E/AccessibilityNodeInfoCache( 2099): Disconneced node: android.view.accessibility.AccessibilityNodeInfo@1bade; boundsInParent: Rect(0, 0 - 37, 43); boundsInScreen: Rect(40, 401 - 77, 444); packageName: com.android.settings; className: android.widget.ImageView; text: null; contentDescription: null; viewIdResName: com.android.settings:id/icon; checkable: false; checked: false; focusable: false; focused: false; selected: false; clickable: false; longClickable: false; enabled: true; password: false; scrollable: false; [ACTION_SELECT, ACTION_CLEAR_SELECTION, ACTION_ACCESSIBILITY_FOCUS]
05-05 16:54:24.345 E/AccessibilityNodeInfoCache( 2099): Disconneced node: android.view.accessibility.AccessibilityNodeInfo@1c621; boundsInParent: Rect(0, 0 - 37, 43); boundsInScreen: Rect(40, 531 - 77, 574); packageName: com.android.settings; className: android.widget.ImageView; text: null; contentDescription: null; viewIdResName: com.android.settings:id/icon; checkable: false; checked: false; focusable: false; focused: false; selected: false; clickable: false; longClickable: false; enabled: true; password: false; scrollable: false; [ACTION_SELECT, ACTION_CLEAR_SELECTION, ACTION_ACCESSIBILITY_FOCUS]
05-05 16:54:24.345 E/AccessibilityNodeInfoCache( 2099): Disconneced node: android.view.accessibility.AccessibilityNodeInfo@1d525; boundsInParent: Rect(0, 0 - 37, 43); boundsInScreen: Rect(40, 770 - 77, 813); packageName: com.android.settings; className: android.widget.ImageView; text: null; contentDescription: null; viewIdResName: com.android.settings:id/icon; checkable: false; checked: false; focusable: false; focused: false; selected: false; clickable: false; longClickable: false; enabled: true; password: false; scrollable: false; [ACTION_SELECT, ACTION_CLEAR_SELECTION, ACTION_ACCESSIBILITY_FOCUS]
05-05 16:54:24.345 E/AccessibilityNodeInfoCache( 2099): Disconneced node: android.view.accessibility.AccessibilityNodeInfo@1e429; boundsInParent: Rect(0, 0 - 37, 43); boundsInScreen: Rect(40, 835 - 77, 878); packageName: com.android.settings; className: android.widget.ImageView; text: null; contentDescription: null; viewIdResName: com.android.settings:id/icon; checkable: false; checked: false; focusable: false; focused: false; selected: false; clickable: false; longClickable: false; enabled: true; password: false; scrollable: false; [ACTION_SELECT, ACTION_CLEAR_SELECTION, ACTION_ACCESSIBILITY_FOCUS]
05-05 16:54:24.345 E/AccessibilityNodeInfoCache( 2099): Disconneced node: android.view.accessibility.AccessibilityNodeInfo@1ebab; boundsInParent: Rect(0, 0 - 37, 43); boundsInScreen: Rect(40, 900 - 77, 943); packageName: com.android.settings; className: android.widget.ImageView; text: null; contentDescription: null; viewIdResName: com.android.settings:id/icon; checkable: false; checked: false; focusable: false; focused: false; selected: false; clickable: false; longClickable: false; enabled: true; password: false; scrollable: false; [ACTION_SELECT, ACTION_CLEAR_SELECTION, ACTION_ACCESSIBILITY_FOCUS]
05-05 16:54:24.345 E/AccessibilityNodeInfoCache( 2099): Disconneced node: android.view.accessibility.AccessibilityNodeInfo@1f32d; boundsInParent: Rect(0, 0 - 37, 43); boundsInScreen: Rect(40, 1009 - 77, 1052); packageName: com.android.settings; className: android.widget.ImageView; text: null; contentDescription: null; viewIdResName: com.android.settings:id/icon; checkable: false; checked: false; focusable: false; focused: false; selected: false; clickable: false; longClickable: false; enabled: true; password: false; scrollable: false; [ACTION_SELECT, ACTION_CLEAR_SELECTION, ACTION_ACCESSIBILITY_FOCUS]
05-05 16:54:24.345 E/AccessibilityNodeInfoCache( 2099): Disconneced node: android.view.accessibility.AccessibilityNodeInfo@1faaf; boundsInParent: Rect(0, 0 - 37, 43); boundsInScreen: Rect(40, 1118 - 77, 1161); packageName: com.android.settings; className: android.widget.ImageView; text: null; contentDescription: null; viewIdResName: com.android.settings:id/icon; checkable: false; checked: false; focusable: false; focused: false; selected: false; clickable: false; longClickable: false; enabled: true; password: false; scrollable: false; [ACTION_SELECT, ACTION_CLEAR_SELECTION, ACTION_ACCESSIBILITY_FOCUS]
05-05 16:54:24.345 E/AccessibilityNodeInfoCache( 2099): Disconneced node: android.view.accessibility.AccessibilityNodeInfo@20231; boundsInParent: Rect(0, 0 - 37, 43); boundsInScreen: Rect(40, 1183 - 77, 1226); packageName: com.android.settings; className: android.widget.ImageView; text: null; contentDescription: null; viewIdResName: com.android.settings:id/icon; checkable: false; checked: false; focusable: false; focused: false; selected: false; clickable: false; longClickable: false; enabled: true; password: false; scrollable: false; [ACTION_SELECT, ACTION_CLEAR_SELECTION, ACTION_ACCESSIBILITY_FOCUS]
05-05 16:54:24.345 D/droidmate/server( 2099): serverSocket.accept(59800)
05-05 16:54:24.815 D/AndroidRuntime( 2163): 
05-05 16:54:24.815 D/AndroidRuntime( 2163): >>>>>> AndroidRuntime START com.android.internal.os.RuntimeInit <<<<<<
05-05 16:54:24.815 W/linker  ( 2163): libdvm.so has text relocations. This is wasting memory and is a security risk. Please fix.
05-05 16:54:24.825 D/AndroidRuntime( 2163): CheckJNI is ON
05-05 16:54:24.895 E/memtrack( 2163): Couldn't load memtrack module (No such file or directory)
05-05 16:54:24.895 E/android.os.Debug( 2163): failed to load memtrack module: -2
05-05 16:54:24.905 D/AndroidRuntime( 2163): Calling main entry com.android.commands.pm.Pm
05-05 16:54:24.905 I/ActivityManager( 1255): Force stopping org.droidmate.fixtures.apks.monitored appid=10053 user=0: clear data
05-05 16:54:24.915 D/keystore(  942): calling clear_uid in state: 3
05-05 16:54:24.925 D/Documents( 1933): Used cached roots for com.android.providers.downloads.documents
05-05 16:54:24.925 D/Documents( 1933): Loading roots for com.android.externalstorage.documents
05-05 16:54:24.925 D/Documents( 1933): Used cached roots for com.android.providers.media.documents
05-05 16:54:24.925 D/Documents( 1933): Update found 5 roots in 2ms
05-05 16:54:24.925 D/AndroidRuntime( 2163): Shutting down VM
05-05 16:54:24.925 D/jdwp    ( 2163): Got wake-up signal, bailing out of select
05-05 16:54:30.185 D/droidmate/uiad( 2099): Getting window hierarchy dump
05-05 16:54:30.215 D/droidmate/server( 2099): serverSocket.accept(59800)
05-05 16:54:30.325 D/droidmate/uiad( 2099): Pressing 'home' button.
05-05 16:54:30.335 I/ActivityManager( 1255): START u0 {act=android.intent.action.MAIN cat=[android.intent.category.HOME] flg=0x10200000 cmp=com.android.launcher/com.android.launcher2.Launcher} from pid 1255
05-05 16:54:30.385 W/EGL_emulation( 1424): eglSurfaceAttrib not implemented
05-05 16:54:30.385 W/InputMethodManagerService( 1255): Starting input on non-focused client com.android.internal.view.IInputMethodClient$Stub$Proxy@ad222210 (uid=1000 pid=1455)
05-05 16:54:31.355 W/InteractionController( 2099): runAndwaitForEvent timedout waiting for events
05-05 16:54:32.565 D/droidmate/uiad( 2099): GUI stabilized after 1 iterations / 1210ms
05-05 16:54:32.565 D/droidmate/server( 2099): serverSocket.accept(59800)
05-05 16:54:32.575 D/droidmate/uiad( 2099): Getting window hierarchy dump
05-05 16:54:32.595 D/droidmate/server( 2099): serverSocket.accept(59800)
05-05 16:54:34.105 D/droidmate/uiad( 2099): Checking wifi state.
05-05 16:54:34.125 I/QueryController( 2099): Matched selector: UiSelector[CONTAINS_TEXT=Settings] <<==>> [android.view.accessibility.AccessibilityNodeInfo@ec62; boundsInParent: Rect(524229, 0 - 524357, 128); boundsInScreen: Rect(144, 600 - 272, 728); packageName: com.android.launcher; className: android.widget.TextView; text: Settings; contentDescription: null; viewIdResName: null; checkable: false; checked: false; focusable: true; focused: false; selected: false; clickable: true; longClickable: true; enabled: true; password: false; scrollable: false; [ACTION_FOCUS, ACTION_SELECT, ACTION_CLEAR_SELECTION, ACTION_CLICK, ACTION_LONG_CLICK, ACTION_ACCESSIBILITY_FOCUS, ACTION_NEXT_AT_MOVEMENT_GRANULARITY, ACTION_PREVIOUS_AT_MOVEMENT_GRANULARITY, ACTION_SET_SELECTION]]
05-05 16:54:34.125 D/InteractionController( 2099): clickAndSync(208, 664)
05-05 16:54:34.275 I/ActivityManager( 1255): START u0 {act=android.intent.action.MAIN cat=[android.intent.category.LAUNCHER] flg=0x10200000 cmp=com.android.settings/.Settings bnds=[144,600][272,728]} from pid 1424
05-05 16:54:34.285 E/SoundPool( 1255): error loading /system/media/audio/ui/Effect_Tick.ogg
05-05 16:54:34.285 W/AudioService( 1255): Soundpool could not load file: /system/media/audio/ui/Effect_Tick.ogg
05-05 16:54:34.285 E/SoundPool( 1255): error loading /system/media/audio/ui/Effect_Tick.ogg
05-05 16:54:34.285 W/AudioService( 1255): Soundpool could not load file: /system/media/audio/ui/Effect_Tick.ogg
05-05 16:54:34.285 E/SoundPool( 1255): error loading /system/media/audio/ui/Effect_Tick.ogg
05-05 16:54:34.285 W/AudioService( 1255): Soundpool could not load file: /system/media/audio/ui/Effect_Tick.ogg
05-05 16:54:34.285 E/SoundPool( 1255): error loading /system/media/audio/ui/Effect_Tick.ogg
05-05 16:54:34.285 W/AudioService( 1255): Soundpool could not load file: /system/media/audio/ui/Effect_Tick.ogg
05-05 16:54:34.285 E/SoundPool( 1255): error loading /system/media/audio/ui/Effect_Tick.ogg
05-05 16:54:34.285 W/AudioService( 1255): Soundpool could not load file: /system/media/audio/ui/Effect_Tick.ogg
05-05 16:54:34.285 E/SoundPool( 1255): error loading /system/media/audio/ui/KeypressStandard.ogg
05-05 16:54:34.285 W/AudioService( 1255): Soundpool could not load file: /system/media/audio/ui/KeypressStandard.ogg
05-05 16:54:34.285 E/SoundPool( 1255): error loading /system/media/audio/ui/KeypressSpacebar.ogg
05-05 16:54:34.285 W/AudioService( 1255): Soundpool could not load file: /system/media/audio/ui/KeypressSpacebar.ogg
05-05 16:54:34.285 E/SoundPool( 1255): error loading /system/media/audio/ui/KeypressDelete.ogg
05-05 16:54:34.285 W/AudioService( 1255): Soundpool could not load file: /system/media/audio/ui/KeypressDelete.ogg
05-05 16:54:34.285 E/SoundPool( 1255): error loading /system/media/audio/ui/KeypressReturn.ogg
05-05 16:54:34.285 W/AudioService( 1255): Soundpool could not load file: /system/media/audio/ui/KeypressReturn.ogg
05-05 16:54:34.285 E/SoundPool( 1255): error loading /system/media/audio/ui/KeypressInvalid.ogg
05-05 16:54:34.285 W/AudioService( 1255): Soundpool could not load file: /system/media/audio/ui/KeypressInvalid.ogg
05-05 16:54:34.285 W/AudioService( 1255): onLoadSoundEffects(), Error -1 while loading samples
05-05 16:54:34.345 W/EGL_emulation( 1455): eglSurfaceAttrib not implemented
05-05 16:54:36.165 D/droidmate/uiad( 2099): GUI stabilized after 1 iterations / 1719ms
05-05 16:54:36.165 D/droidmate/uiad( 2099): Getting 'DeviceModel'
05-05 16:54:36.165 D/droidmate/uiad( 2099): Device model: unknown-Android SDK built for x86
05-05 16:54:36.165 I/QueryController( 2099): Matched selector: UiSelector[RESOURCE_ID=com.android.settings:id/switchWidget] <<==>> [android.view.accessibility.AccessibilityNodeInfo@924f; boundsInParent: Rect(0, 0 - 162, 51); boundsInScreen: Rect(593, 158 - 755, 209); packageName: com.android.settings; className: android.widget.Switch; text: ON; contentDescription: null; viewIdResName: com.android.settings:id/switchWidget; checkable: true; checked: true; focusable: false; focused: false; selected: false; clickable: true; longClickable: false; enabled: false; password: false; scrollable: false; [ACTION_SELECT, ACTION_CLEAR_SELECTION, ACTION_ACCESSIBILITY_FOCUS]]
05-05 16:54:36.165 D/UiObject( 2099): getText() = ON
05-05 16:54:36.175 I/ActivityManager( 1255): START u0 {act=android.intent.action.MAIN cat=[android.intent.category.HOME] flg=0x10200000 cmp=com.android.launcher/com.android.launcher2.Launcher} from pid 1255
05-05 16:54:36.235 W/EGL_emulation( 1424): eglSurfaceAttrib not implemented
05-05 16:54:37.195 W/InteractionController( 2099): runAndwaitForEvent timedout waiting for events
05-05 16:54:38.405 D/droidmate/uiad( 2099): GUI stabilized after 1 iterations / 1209ms
05-05 16:54:38.405 D/droidmate/server( 2099): serverSocket.accept(59800)
05-05 16:54:38.415 D/droidmate/uiad( 2099): Getting window hierarchy dump
05-05 16:54:38.445 D/droidmate/server( 2099): serverSocket.accept(59800)
05-05 16:54:38.515 D/AndroidRuntime( 2180): 
05-05 16:54:38.515 D/AndroidRuntime( 2180): >>>>>> AndroidRuntime START com.android.internal.os.RuntimeInit <<<<<<
05-05 16:54:38.515 W/linker  ( 2180): libdvm.so has text relocations. This is wasting memory and is a security risk. Please fix.
05-05 16:54:38.515 D/AndroidRuntime( 2180): CheckJNI is ON
05-05 16:54:38.565 E/memtrack( 2180): Couldn't load memtrack module (No such file or directory)
05-05 16:54:38.565 E/android.os.Debug( 2180): failed to load memtrack module: -2
05-05 16:54:38.585 D/AndroidRuntime( 2180): Calling main entry com.android.commands.am.Am
05-05 16:54:38.585 I/ActivityManager( 1255): Force stopping org.droidmate.fixtures.apks.monitored appid=10053 user=0: from pid 2180
05-05 16:54:38.855 I/ActivityManager( 1255): START u0 {act=android.intent.action.MAIN cat=[android.intent.category.LAUNCHER] flg=0x10000000 cmp=org.droidmate.fixtures.apks.monitored/.Activity1} from pid 2180
05-05 16:54:38.915 I/ActivityManager( 1255): Start proc org.droidmate.fixtures.apks.monitored for activity org.droidmate.fixtures.apks.monitored/.Activity1: pid=2191 uid=10053 gids={50053, 3003}
05-05 16:54:38.945 I/System.out( 2191): Extracting lib/x86/libinstrumentation.so to /data/data/org.droidmate.fixtures.apks.monitored/files/appguard_monitor_libs/libinstrumentation.so
05-05 16:54:38.975 W/linker  ( 2204): libdvm.so has text relocations. This is wasting memory and is a security risk. Please fix.
05-05 16:54:39.095 D/Monitor_server( 2191): Starting monitor TCP server...
05-05 16:54:39.095 D/Monitor_server( 2191): Creating server socket bound to port 59701...
05-05 16:54:39.095 D/Monitor_server( 2191): Starting monitor TCP server succeeded. Port used: 59701 PID: 2191
05-05 16:54:39.095 I/Monitor_init( 2191): Monitor constructed successfully.
05-05 16:54:39.475 I/Monitor_init( 2191): Monitor initialized for package org.droidmate.fixtures.apks.monitored
05-05 16:54:39.475 D/AppDexLoader( 2191): Loading app-1462481663278.apk
05-05 16:54:39.485 W/linker  ( 2206): libdvm.so has text relocations. This is wasting memory and is a security risk. Please fix.
05-05 16:54:39.525 I/Monitor_API_method_call( 2191): TId: 1 objCls: android.app.Activity mthd: onResume retCls: void params:  stacktrace: dalvik.system.VMStack.getThreadStackTrace(Native Method)->java.lang.Thread.getStackTrace(Thread.java:579)->org.droidmate.monitor_generator.generated.Monitor.getStackTrace(Monitor.java:439)->org.droidmate.monitor_generator.generated.Monitor.redir_android_app_Activity_onResume0(Monitor.java:733)->java.lang.reflect.Method.invokeNative(Native Method)->java.lang.reflect.Method.invoke(Method.java:515)->android.app.Activity.onResume(Activity.java)->android.app.Instrumentation.callActivityOnResume(Instrumentation.java:1192)->android.app.Activity.performResume(Activity.java:5310)->android.app.ActivityThread.performResumeActivity(ActivityThread.java:2764)->android.app.ActivityThread.handleResumeActivity(ActivityThread.java:2803)->android.app.ActivityThread.handleLaunchActivity(ActivityThread.java:2238)->android.app.ActivityThread.access$800(ActivityThread.java:135)->android.app.ActivityThread$H.handleMessage(ActivityThread.java:1196)->android.os.Handler.dispatchMessage(Handler.java:102)->android.os.Looper.loop(Looper.java:136)->android.app.ActivityThread.main(ActivityThread.java:5001)->java.lang.reflect.Method.invokeNative(Native Method)->java.lang.reflect.Method.invoke(Method.java:515)->com.android.internal.os.ZygoteInit$MethodAndArgsCaller.run(ZygoteInit.java:785)->com.android.internal.os.ZygoteInit.main(ZygoteInit.java:601)->dalvik.system.NativeStart.main(Native Method)
05-05 16:54:39.575 D/        ( 2191): HostConnection::get() New Host Connection established 0xb7889770, tid 2191
05-05 16:54:39.595 W/EGL_emulation( 2191): eglSurfaceAttrib not implemented
05-05 16:54:39.595 D/OpenGLRenderer( 2191): Enabling debug mode 0
05-05 16:54:39.655 I/ActivityManager( 1255): Displayed org.droidmate.fixtures.apks.monitored/.Activity1: +772ms
05-05 16:54:39.655 D/AndroidRuntime( 2180): Shutting down VM
05-05 16:54:39.665 D/jdwp    ( 2180): Got wake-up signal, bailing out of select
05-05 16:54:44.895 D/droidmate/uiad( 2099): Getting window hierarchy dump
05-05 16:54:44.915 D/droidmate/server( 2099): serverSocket.accept(59800)
05-05 16:54:44.955 D/droidmate/uiad( 2099): Getting window hierarchy dump
05-05 16:54:44.965 D/droidmate/server( 2099): serverSocket.accept(59800)
05-05 16:54:45.035 D/Monitor_server( 2191): Sending time: 2016-05-05 16:54:45.041
05-05 16:54:45.205 D/droidmate/uiad( 2099): Clicking on (x,y) coordinates of (185,161)
05-05 16:54:45.205 D/InteractionController( 2099): clickNoSync (185, 161)
05-05 16:54:45.325 I/Activity1( 2191): ===== Calling new URL("http://www.google.com").openConnection()
05-05 16:54:45.325 I/Monitor_API_method_call( 2191): TId: 1 objCls: java.net.URL mthd: openConnection retCls: java.net.URLConnection params:  stacktrace: dalvik.system.VMStack.getThreadStackTrace(Native Method)->java.lang.Thread.getStackTrace(Thread.java:579)->org.droidmate.monitor_generator.generated.Monitor.getStackTrace(Monitor.java:439)->org.droidmate.monitor_generator.generated.Monitor.redir_java_net_URL_openConnection0(Monitor.java:1998)->java.lang.reflect.Method.invokeNative(Native Method)->java.lang.reflect.Method.invoke(Method.java:515)->java.net.URL.openConnection(URL.java)->org.droidmate.fixtures.apks.monitored.ActivityWithHelper.callAPI_URL_openConnection(ActivityWithHelper.java:69)->org.droidmate.fixtures.apks.monitored.Activity1.callAPIURLOpenConnection(Activity1.java:30)->java.lang.reflect.Method.invokeNative(Native Method)->java.lang.reflect.Method.invoke(Method.java:515)->android.view.View$1.onClick(View.java:3818)->android.view.View.performClick(View.java:4438)->android.view.View$PerformClick.run(View.java:18422)->android.os.Handler.handleCallback(Handler.java:733)->android.os.Handler.dispatchMessage(Handler.java:95)->android.os.Looper.loop(Looper.java:136)->android.app.ActivityThread.main(ActivityThread.java:5001)->java.lang.reflect.Method.invokeNative(Native Method)->java.lang.reflect.Method.invoke(Method.java:515)->com.android.internal.os.ZygoteInit$MethodAndArgsCaller.run(ZygoteInit.java:785)->com.android.internal.os.ZygoteInit.main(ZygoteInit.java:601)->dalvik.system.NativeStart.main(Native Method)
05-05 16:54:45.325 I/Activity1( 2191): ===== new URL("http://www.google.com").openConnection() returnedcom.android.okhttp.internal.http.HttpURLConnectionImpl:http://www.google.com
05-05 16:54:45.335 E/SoundPool( 1255): error loading /system/media/audio/ui/Effect_Tick.ogg
05-05 16:54:45.335 W/AudioService( 1255): Soundpool could not load file: /system/media/audio/ui/Effect_Tick.ogg
05-05 16:54:45.335 E/SoundPool( 1255): error loading /system/media/audio/ui/Effect_Tick.ogg
05-05 16:54:45.335 W/AudioService( 1255): Soundpool could not load file: /system/media/audio/ui/Effect_Tick.ogg
05-05 16:54:45.335 E/SoundPool( 1255): error loading /system/media/audio/ui/Effect_Tick.ogg
05-05 16:54:45.335 W/AudioService( 1255): Soundpool could not load file: /system/media/audio/ui/Effect_Tick.ogg
05-05 16:54:45.335 E/SoundPool( 1255): error loading /system/media/audio/ui/Effect_Tick.ogg
05-05 16:54:45.335 W/AudioService( 1255): Soundpool could not load file: /system/media/audio/ui/Effect_Tick.ogg
05-05 16:54:45.335 E/SoundPool( 1255): error loading /system/media/audio/ui/Effect_Tick.ogg
05-05 16:54:45.335 W/AudioService( 1255): Soundpool could not load file: /system/media/audio/ui/Effect_Tick.ogg
05-05 16:54:45.335 E/SoundPool( 1255): error loading /system/media/audio/ui/KeypressStandard.ogg
05-05 16:54:45.335 W/AudioService( 1255): Soundpool could not load file: /system/media/audio/ui/KeypressStandard.ogg
05-05 16:54:45.335 E/SoundPool( 1255): error loading /system/media/audio/ui/KeypressSpacebar.ogg
05-05 16:54:45.335 W/AudioService( 1255): Soundpool could not load file: /system/media/audio/ui/KeypressSpacebar.ogg
05-05 16:54:45.335 E/SoundPool( 1255): error loading /system/media/audio/ui/KeypressDelete.ogg
05-05 16:54:45.335 W/AudioService( 1255): Soundpool could not load file: /system/media/audio/ui/KeypressDelete.ogg
05-05 16:54:45.335 E/SoundPool( 1255): error loading /system/media/audio/ui/KeypressReturn.ogg
05-05 16:54:45.335 W/AudioService( 1255): Soundpool could not load file: /system/media/audio/ui/KeypressReturn.ogg
05-05 16:54:45.335 E/SoundPool( 1255): error loading /system/media/audio/ui/KeypressInvalid.ogg
05-05 16:54:45.335 W/AudioService( 1255): Soundpool could not load file: /system/media/audio/ui/KeypressInvalid.ogg
05-05 16:54:45.335 W/AudioService( 1255): onLoadSoundEffects(), Error -1 while loading samples
05-05 16:54:47.045 D/droidmate/uiad( 2099): GUI stabilized after 1 iterations / 1718ms
05-05 16:54:47.045 D/droidmate/server( 2099): serverSocket.accept(59800)
05-05 16:54:47.075 D/droidmate/uiad( 2099): Getting window hierarchy dump
05-05 16:54:47.075 D/droidmate/server( 2099): serverSocket.accept(59800)
05-05 16:54:47.135 D/droidmate/uiad( 2099): Clicking on (x,y) coordinates of (185,289)
05-05 16:54:47.135 D/InteractionController( 2099): clickNoSync (185, 289)
05-05 16:54:47.255 I/Activity1( 2191): Exiting the app
