05-05 16:55:12.166 E/eglCodecCommon( 1772): glUtilsParamSize: unknow param 0x00000b44
05-05 16:55:12.166 E/eglCodecCommon( 1772): glUtilsParamSize: unknow param 0x00000bd0
05-05 16:55:12.176 E/eglCodecCommon( 1772): **** ERROR unknown type 0x0 (glSizeof,72)
05-05 16:55:12.186 E/eglCodecCommon( 1772): glUtilsParamSize: unknow param 0x00000b44
05-05 16:55:12.186 E/eglCodecCommon( 1772): glUtilsParamSize: unknow param 0x00000bd0
05-05 16:55:12.196 E/eglCodecCommon( 1772): **** ERROR unknown type 0x0 (glSizeof,72)
05-05 16:55:12.206 E/eglCodecCommon( 1772): glUtilsParamSize: unknow param 0x00000b44
05-05 16:55:12.206 E/eglCodecCommon( 1772): glUtilsParamSize: unknow param 0x00000bd0
05-05 16:55:12.216 E/eglCodecCommon( 1772): **** ERROR unknown type 0x0 (glSizeof,72)
05-05 16:55:12.276 E/eglCodecCommon( 1772): glUtilsParamSize: unknow param 0x00000b44
05-05 16:55:12.276 E/eglCodecCommon( 1772): glUtilsParamSize: unknow param 0x00000bd0
05-05 16:55:12.276 E/eglCodecCommon( 1772): **** ERROR unknown type 0x0 (glSizeof,72)
05-05 16:55:12.286 E/eglCodecCommon( 1772): glUtilsParamSize: unknow param 0x00000b44
05-05 16:55:12.296 E/eglCodecCommon( 1772): glUtilsParamSize: unknow param 0x00000bd0
05-05 16:55:12.296 E/eglCodecCommon( 1772): **** ERROR unknown type 0x0 (glSizeof,72)
05-05 16:55:12.306 E/eglCodecCommon( 1772): glUtilsParamSize: unknow param 0x00000b44
05-05 16:55:12.306 E/eglCodecCommon( 1772): glUtilsParamSize: unknow param 0x00000bd0
05-05 16:55:12.316 E/eglCodecCommon( 1772): **** ERROR unknown type 0x0 (glSizeof,72)
05-05 16:55:12.326 E/eglCodecCommon( 1772): glUtilsParamSize: unknow param 0x00000b44
05-05 16:55:12.326 E/eglCodecCommon( 1772): glUtilsParamSize: unknow param 0x00000bd0
05-05 16:55:12.336 E/eglCodecCommon( 1772): **** ERROR unknown type 0x0 (glSizeof,72)
05-05 16:55:12.366 E/eglCodecCommon( 1772): glUtilsParamSize: unknow param 0x00000b44
05-05 16:55:12.366 E/eglCodecCommon( 1772): glUtilsParamSize: unknow param 0x00000bd0
05-05 16:55:12.376 E/eglCodecCommon( 1772): **** ERROR unknown type 0x0 (glSizeof,72)
05-05 16:55:12.386 E/eglCodecCommon( 1772): glUtilsParamSize: unknow param 0x00000b44
05-05 16:55:12.386 E/eglCodecCommon( 1772): glUtilsParamSize: unknow param 0x00000bd0
05-05 16:55:12.386 E/eglCodecCommon( 1772): **** ERROR unknown type 0x0 (glSizeof,72)
05-05 16:55:12.426 E/eglCodecCommon( 1772): glUtilsParamSize: unknow param 0x00000b44
05-05 16:55:12.426 E/eglCodecCommon( 1772): glUtilsParamSize: unknow param 0x00000bd0
05-05 16:55:12.436 E/eglCodecCommon( 1772): **** ERROR unknown type 0x0 (glSizeof,72)
05-05 16:55:12.436 E/eglCodecCommon( 1772): glUtilsParamSize: unknow param 0x00000b44
05-05 16:55:12.436 E/eglCodecCommon( 1772): glUtilsParamSize: unknow param 0x00000bd0
05-05 16:55:12.456 E/eglCodecCommon( 1772): **** ERROR unknown type 0x0 (glSizeof,72)
05-05 16:55:12.486 E/eglCodecCommon( 1772): glUtilsParamSize: unknow param 0x00000b44
05-05 16:55:12.486 E/eglCodecCommon( 1772): glUtilsParamSize: unknow param 0x00000bd0
05-05 16:55:12.496 E/eglCodecCommon( 1772): **** ERROR unknown type 0x0 (glSizeof,72)
05-05 16:55:12.496 E/eglCodecCommon( 1772): glUtilsParamSize: unknow param 0x00000b44
05-05 16:55:12.496 E/eglCodecCommon( 1772): glUtilsParamSize: unknow param 0x00000bd0
05-05 16:55:12.506 E/eglCodecCommon( 1772): **** ERROR unknown type 0x0 (glSizeof,72)
05-05 16:55:12.556 E/eglCodecCommon( 1772): glUtilsParamSize: unknow param 0x00000b44
05-05 16:55:12.586 E/eglCodecCommon( 1772): glUtilsParamSize: unknow param 0x00000bd0
05-05 16:55:12.586 E/eglCodecCommon( 1772): **** ERROR unknown type 0x0 (glSizeof,72)
05-05 16:55:12.616 E/eglCodecCommon( 1772): glUtilsParamSize: unknow param 0x00000b44
05-05 16:55:12.616 E/eglCodecCommon( 1772): glUtilsParamSize: unknow param 0x00000bd0
05-05 16:55:12.626 E/eglCodecCommon( 1772): **** ERROR unknown type 0x0 (glSizeof,72)
05-05 16:55:12.656 E/eglCodecCommon( 1772): glUtilsParamSize: unknow param 0x00000b44
05-05 16:55:12.656 E/eglCodecCommon( 1772): glUtilsParamSize: unknow param 0x00000bd0
05-05 16:55:12.666 E/eglCodecCommon( 1772): **** ERROR unknown type 0x0 (glSizeof,72)
05-05 16:55:12.686 E/eglCodecCommon( 1772): glUtilsParamSize: unknow param 0x00000b44
05-05 16:55:12.686 E/eglCodecCommon( 1772): glUtilsParamSize: unknow param 0x00000bd0
05-05 16:55:12.696 E/eglCodecCommon( 1772): **** ERROR unknown type 0x0 (glSizeof,72)
05-05 16:55:12.726 E/eglCodecCommon( 1772): glUtilsParamSize: unknow param 0x00000b44
05-05 16:55:12.726 E/eglCodecCommon( 1772): glUtilsParamSize: unknow param 0x00000bd0
05-05 16:55:12.736 E/eglCodecCommon( 1772): **** ERROR unknown type 0x0 (glSizeof,72)
05-05 16:55:12.766 E/eglCodecCommon( 1772): glUtilsParamSize: unknow param 0x00000b44
05-05 16:55:12.766 E/eglCodecCommon( 1772): glUtilsParamSize: unknow param 0x00000bd0
05-05 16:55:12.766 E/eglCodecCommon( 1772): **** ERROR unknown type 0x0 (glSizeof,72)
05-05 16:55:12.786 E/eglCodecCommon( 1772): glUtilsParamSize: unknow param 0x00000b44
05-05 16:55:12.786 E/eglCodecCommon( 1772): glUtilsParamSize: unknow param 0x00000bd0
05-05 16:55:12.796 E/eglCodecCommon( 1772): **** ERROR unknown type 0x0 (glSizeof,72)
05-05 16:55:12.806 E/eglCodecCommon( 1772): glUtilsParamSize: unknow param 0x00000b44
05-05 16:55:12.806 E/eglCodecCommon( 1772): glUtilsParamSize: unknow param 0x00000bd0
05-05 16:55:12.806 E/eglCodecCommon( 1772): **** ERROR unknown type 0x0 (glSizeof,72)
05-05 16:55:12.826 E/eglCodecCommon( 1772): glUtilsParamSize: unknow param 0x00000b44
05-05 16:55:12.826 E/eglCodecCommon( 1772): glUtilsParamSize: unknow param 0x00000bd0
05-05 16:55:12.826 E/eglCodecCommon( 1772): **** ERROR unknown type 0x0 (glSizeof,72)
05-05 16:55:12.836 E/eglCodecCommon( 1772): glUtilsParamSize: unknow param 0x00000b44
05-05 16:55:12.836 E/eglCodecCommon( 1772): glUtilsParamSize: unknow param 0x00000bd0
05-05 16:55:12.856 E/eglCodecCommon( 1772): **** ERROR unknown type 0x0 (glSizeof,72)
05-05 16:55:12.886 E/eglCodecCommon( 1772): glUtilsParamSize: unknow param 0x00000b44
05-05 16:55:12.886 E/eglCodecCommon( 1772): glUtilsParamSize: unknow param 0x00000bd0
05-05 16:55:12.886 E/eglCodecCommon( 1772): **** ERROR unknown type 0x0 (glSizeof,72)
05-05 16:55:12.906 E/eglCodecCommon( 1772): glUtilsParamSize: unknow param 0x00000b44
05-05 16:55:12.906 E/eglCodecCommon( 1772): glUtilsParamSize: unknow param 0x00000bd0
05-05 16:55:12.906 E/eglCodecCommon( 1772): **** ERROR unknown type 0x0 (glSizeof,72)
05-05 16:55:12.926 E/eglCodecCommon( 1772): glUtilsParamSize: unknow param 0x00000b44
05-05 16:55:12.926 E/eglCodecCommon( 1772): glUtilsParamSize: unknow param 0x00000bd0
05-05 16:55:12.926 E/eglCodecCommon( 1772): **** ERROR unknown type 0x0 (glSizeof,72)
05-05 16:55:12.936 E/eglCodecCommon( 1772): glUtilsParamSize: unknow param 0x00000b44
05-05 16:55:12.936 E/eglCodecCommon( 1772): glUtilsParamSize: unknow param 0x00000bd0
05-05 16:55:12.946 E/eglCodecCommon( 1772): **** ERROR unknown type 0x0 (glSizeof,72)
05-05 16:55:12.986 E/eglCodecCommon( 1772): glUtilsParamSize: unknow param 0x00000b44
05-05 16:55:12.986 E/eglCodecCommon( 1772): glUtilsParamSize: unknow param 0x00000bd0
05-05 16:55:12.986 E/eglCodecCommon( 1772): **** ERROR unknown type 0x0 (glSizeof,72)
05-05 16:55:12.996 E/eglCodecCommon( 1772): glUtilsParamSize: unknow param 0x00000b44
05-05 16:55:12.996 E/eglCodecCommon( 1772): glUtilsParamSize: unknow param 0x00000bd0
05-05 16:55:13.016 E/eglCodecCommon( 1772): **** ERROR unknown type 0x0 (glSizeof,72)
05-05 16:55:13.056 E/eglCodecCommon( 1772): glUtilsParamSize: unknow param 0x00000b44
05-05 16:55:13.056 E/eglCodecCommon( 1772): glUtilsParamSize: unknow param 0x00000bd0
05-05 16:55:13.056 E/eglCodecCommon( 1772): **** ERROR unknown type 0x0 (glSizeof,72)
05-05 16:55:13.066 E/eglCodecCommon( 1772): glUtilsParamSize: unknow param 0x00000b44
05-05 16:55:13.066 E/eglCodecCommon( 1772): glUtilsParamSize: unknow param 0x00000bd0
05-05 16:55:13.086 E/eglCodecCommon( 1772): **** ERROR unknown type 0x0 (glSizeof,72)
05-05 16:55:13.106 E/eglCodecCommon( 1772): glUtilsParamSize: unknow param 0x00000b44
05-05 16:55:13.106 E/eglCodecCommon( 1772): glUtilsParamSize: unknow param 0x00000bd0
05-05 16:55:13.116 E/eglCodecCommon( 1772): **** ERROR unknown type 0x0 (glSizeof,72)
05-05 16:55:13.126 E/eglCodecCommon( 1772): glUtilsParamSize: unknow param 0x00000b44
05-05 16:55:13.126 E/eglCodecCommon( 1772): glUtilsParamSize: unknow param 0x00000bd0
05-05 16:55:13.126 E/eglCodecCommon( 1772): **** ERROR unknown type 0x0 (glSizeof,72)
05-05 16:55:13.156 E/eglCodecCommon( 1772): glUtilsParamSize: unknow param 0x00000b44
05-05 16:55:13.156 E/eglCodecCommon( 1772): glUtilsParamSize: unknow param 0x00000bd0
05-05 16:55:13.156 E/eglCodecCommon( 1772): **** ERROR unknown type 0x0 (glSizeof,72)
05-05 16:55:13.176 E/eglCodecCommon( 1772): glUtilsParamSize: unknow param 0x00000b44
05-05 16:55:13.176 E/eglCodecCommon( 1772): glUtilsParamSize: unknow param 0x00000bd0
05-05 16:55:13.186 E/eglCodecCommon( 1772): **** ERROR unknown type 0x0 (glSizeof,72)
05-05 16:55:13.206 E/eglCodecCommon( 1772): glUtilsParamSize: unknow param 0x00000b44
05-05 16:55:13.206 E/eglCodecCommon( 1772): glUtilsParamSize: unknow param 0x00000bd0
05-05 16:55:13.216 E/eglCodecCommon( 1772): **** ERROR unknown type 0x0 (glSizeof,72)
05-05 16:55:13.226 E/eglCodecCommon( 1772): glUtilsParamSize: unknow param 0x00000b44
05-05 16:55:13.226 E/eglCodecCommon( 1772): glUtilsParamSize: unknow param 0x00000bd0
05-05 16:55:13.236 E/eglCodecCommon( 1772): **** ERROR unknown type 0x0 (glSizeof,72)
05-05 16:55:13.256 E/eglCodecCommon( 1772): glUtilsParamSize: unknow param 0x00000b44
05-05 16:55:13.256 E/eglCodecCommon( 1772): glUtilsParamSize: unknow param 0x00000bd0
05-05 16:55:13.266 E/eglCodecCommon( 1772): **** ERROR unknown type 0x0 (glSizeof,72)
05-05 16:55:13.276 E/eglCodecCommon( 1772): glUtilsParamSize: unknow param 0x00000b44
05-05 16:55:13.276 E/eglCodecCommon( 1772): glUtilsParamSize: unknow param 0x00000bd0
05-05 16:55:13.286 E/eglCodecCommon( 1772): **** ERROR unknown type 0x0 (glSizeof,72)
05-05 16:55:13.406 E/eglCodecCommon( 1772): glUtilsParamSize: unknow param 0x00000b44
05-05 16:55:13.406 E/eglCodecCommon( 1772): glUtilsParamSize: unknow param 0x00000bd0
05-05 16:55:13.626 E/eglCodecCommon( 1772): **** ERROR unknown type 0x0 (glSizeof,72)
05-05 16:55:13.636 E/eglCodecCommon( 1772): glUtilsParamSize: unknow param 0x00000b44
05-05 16:55:13.636 E/eglCodecCommon( 1772): glUtilsParamSize: unknow param 0x00000bd0
05-05 16:55:13.646 E/eglCodecCommon( 1772): **** ERROR unknown type 0x0 (glSizeof,72)
05-05 16:55:13.656 E/eglCodecCommon( 1772): glUtilsParamSize: unknow param 0x00000b44
05-05 16:55:13.666 E/eglCodecCommon( 1772): glUtilsParamSize: unknow param 0x00000bd0
05-05 16:55:13.696 E/eglCodecCommon( 1772): **** ERROR unknown type 0x0 (glSizeof,72)
05-05 16:55:13.696 E/eglCodecCommon( 1772): glUtilsParamSize: unknow param 0x00000b44
05-05 16:55:13.696 E/eglCodecCommon( 1772): glUtilsParamSize: unknow param 0x00000bd0
05-05 16:55:13.716 E/eglCodecCommon( 1772): **** ERROR unknown type 0x0 (glSizeof,72)
05-05 16:55:13.726 E/eglCodecCommon( 1772): glUtilsParamSize: unknow param 0x00000b44
05-05 16:55:13.726 E/eglCodecCommon( 1772): glUtilsParamSize: unknow param 0x00000bd0
05-05 16:55:13.736 E/eglCodecCommon( 1772): **** ERROR unknown type 0x0 (glSizeof,72)
05-05 16:55:14.156 E/eglCodecCommon( 1772): glUtilsParamSize: unknow param 0x00000b44
05-05 16:55:14.156 E/eglCodecCommon( 1772): glUtilsParamSize: unknow param 0x00000bd0
05-05 16:55:14.156 E/eglCodecCommon( 1772): **** ERROR unknown type 0x0 (glSizeof,72)
05-05 16:55:14.186 E/eglCodecCommon( 1772): glUtilsParamSize: unknow param 0x00000b44
05-05 16:55:14.186 E/eglCodecCommon( 1772): glUtilsParamSize: unknow param 0x00000bd0
05-05 16:55:14.196 E/eglCodecCommon( 1772): **** ERROR unknown type 0x0 (glSizeof,72)
05-05 16:55:14.206 E/eglCodecCommon( 1772): glUtilsParamSize: unknow param 0x00000b44
05-05 16:55:14.206 E/eglCodecCommon( 1772): glUtilsParamSize: unknow param 0x00000bd0
05-05 16:55:14.216 E/eglCodecCommon( 1772): **** ERROR unknown type 0x0 (glSizeof,72)
05-05 16:55:14.226 E/eglCodecCommon( 1772): glUtilsParamSize: unknow param 0x00000b44
05-05 16:55:14.226 E/eglCodecCommon( 1772): glUtilsParamSize: unknow param 0x00000bd0
05-05 16:55:14.236 E/eglCodecCommon( 1772): **** ERROR unknown type 0x0 (glSizeof,72)
05-05 16:55:14.236 E/eglCodecCommon( 1772): glUtilsParamSize: unknow param 0x00000b44
05-05 16:55:14.256 E/eglCodecCommon( 1772): glUtilsParamSize: unknow param 0x00000bd0
05-05 16:55:14.266 E/eglCodecCommon( 1772): **** ERROR unknown type 0x0 (glSizeof,72)
05-05 16:55:14.286 E/eglCodecCommon( 1772): glUtilsParamSize: unknow param 0x00000b44
05-05 16:55:14.286 E/eglCodecCommon( 1772): glUtilsParamSize: unknow param 0x00000bd0
05-05 16:55:14.286 E/eglCodecCommon( 1772): **** ERROR unknown type 0x0 (glSizeof,72)
05-05 16:55:14.296 E/eglCodecCommon( 1772): glUtilsParamSize: unknow param 0x00000b44
05-05 16:55:14.296 E/eglCodecCommon( 1772): glUtilsParamSize: unknow param 0x00000bd0
05-05 16:55:14.316 E/eglCodecCommon( 1772): **** ERROR unknown type 0x0 (glSizeof,72)
05-05 16:55:14.356 E/eglCodecCommon( 1772): glUtilsParamSize: unknow param 0x00000b44
05-05 16:55:14.356 E/eglCodecCommon( 1772): glUtilsParamSize: unknow param 0x00000bd0
05-05 16:55:14.356 E/eglCodecCommon( 1772): **** ERROR unknown type 0x0 (glSizeof,72)
05-05 16:55:14.366 E/eglCodecCommon( 1772): glUtilsParamSize: unknow param 0x00000b44
05-05 16:55:14.366 E/eglCodecCommon( 1772): glUtilsParamSize: unknow param 0x00000bd0
05-05 16:55:14.396 E/eglCodecCommon( 1772): **** ERROR unknown type 0x0 (glSizeof,72)
05-05 16:55:14.426 E/eglCodecCommon( 1772): glUtilsParamSize: unknow param 0x00000b44
05-05 16:55:14.426 E/eglCodecCommon( 1772): glUtilsParamSize: unknow param 0x00000bd0
05-05 16:55:14.426 E/eglCodecCommon( 1772): **** ERROR unknown type 0x0 (glSizeof,72)
05-05 16:55:14.436 E/eglCodecCommon( 1772): glUtilsParamSize: unknow param 0x00000b44
05-05 16:55:14.436 E/eglCodecCommon( 1772): glUtilsParamSize: unknow param 0x00000bd0
05-05 16:55:14.446 E/eglCodecCommon( 1772): **** ERROR unknown type 0x0 (glSizeof,72)
05-05 16:55:14.476 E/eglCodecCommon( 1772): glUtilsParamSize: unknow param 0x00000b44
05-05 16:55:14.476 E/eglCodecCommon( 1772): glUtilsParamSize: unknow param 0x00000bd0
05-05 16:55:14.486 E/eglCodecCommon( 1772): **** ERROR unknown type 0x0 (glSizeof,72)
05-05 16:55:14.486 E/eglCodecCommon( 1772): glUtilsParamSize: unknow param 0x00000b44
05-05 16:55:14.506 E/eglCodecCommon( 1772): glUtilsParamSize: unknow param 0x00000bd0
05-05 16:55:14.516 E/eglCodecCommon( 1772): **** ERROR unknown type 0x0 (glSizeof,72)
05-05 16:55:14.536 E/eglCodecCommon( 1772): glUtilsParamSize: unknow param 0x00000b44
05-05 16:55:14.536 E/eglCodecCommon( 1772): glUtilsParamSize: unknow param 0x00000bd0
05-05 16:55:14.536 E/eglCodecCommon( 1772): **** ERROR unknown type 0x0 (glSizeof,72)
05-05 16:55:14.546 E/eglCodecCommon( 1772): glUtilsParamSize: unknow param 0x00000b44
05-05 16:55:14.546 E/eglCodecCommon( 1772): glUtilsParamSize: unknow param 0x00000bd0
05-05 16:55:14.556 E/eglCodecCommon( 1772): **** ERROR unknown type 0x0 (glSizeof,72)
05-05 16:55:14.606 E/eglCodecCommon( 1772): glUtilsParamSize: unknow param 0x00000b44
05-05 16:55:14.606 E/eglCodecCommon( 1772): glUtilsParamSize: unknow param 0x00000bd0
05-05 16:55:14.606 E/eglCodecCommon( 1772): **** ERROR unknown type 0x0 (glSizeof,72)
05-05 16:55:14.646 E/eglCodecCommon( 1772): glUtilsParamSize: unknow param 0x00000b44
05-05 16:55:14.646 E/eglCodecCommon( 1772): glUtilsParamSize: unknow param 0x00000bd0
05-05 16:55:14.646 E/eglCodecCommon( 1772): **** ERROR unknown type 0x0 (glSizeof,72)
05-05 16:55:14.806 E/eglCodecCommon( 1772): glUtilsParamSize: unknow param 0x00000b44
05-05 16:55:14.806 E/eglCodecCommon( 1772): glUtilsParamSize: unknow param 0x00000bd0
05-05 16:55:14.806 E/eglCodecCommon( 1772): **** ERROR unknown type 0x0 (glSizeof,72)
05-05 16:55:14.856 E/eglCodecCommon( 1772): glUtilsParamSize: unknow param 0x00000b44
05-05 16:55:14.856 E/eglCodecCommon( 1772): glUtilsParamSize: unknow param 0x00000bd0
05-05 16:55:14.866 E/eglCodecCommon( 1772): **** ERROR unknown type 0x0 (glSizeof,72)
05-05 16:55:15.146 I/dalvikvm-heap( 1772): Grow heap (frag case) to 5.078MB for 304020-byte allocation
05-05 16:55:15.236 E/eglCodecCommon( 1772): glUtilsParamSize: unknow param 0x00000b44
05-05 16:55:15.236 E/eglCodecCommon( 1772): glUtilsParamSize: unknow param 0x00000bd0
05-05 16:55:15.256 E/eglCodecCommon( 1772): **** ERROR unknown type 0x0 (glSizeof,72)
05-05 16:55:15.856 E/eglCodecCommon( 1772): glUtilsParamSize: unknow param 0x00000b44
05-05 16:55:15.856 E/eglCodecCommon( 1772): glUtilsParamSize: unknow param 0x00000bd0
05-05 16:55:16.356 E/eglCodecCommon( 1772): **** ERROR unknown type 0x0 (glSizeof,72)
05-05 16:55:17.156 E/eglCodecCommon( 1772): glUtilsParamSize: unknow param 0x00000b44
05-05 16:55:17.166 E/eglCodecCommon( 1772): glUtilsParamSize: unknow param 0x00000bd0
05-05 16:55:17.176 E/eglCodecCommon( 1772): **** ERROR unknown type 0x0 (glSizeof,72)
05-05 16:55:17.226 E/eglCodecCommon( 1772): glUtilsParamSize: unknow param 0x00000b44
05-05 16:55:17.226 E/eglCodecCommon( 1772): glUtilsParamSize: unknow param 0x00000bd0
05-05 16:55:17.326 E/eglCodecCommon( 1772): **** ERROR unknown type 0x0 (glSizeof,72)
05-05 16:55:17.386 D/droidmate/uiad( 2099): Getting window hierarchy dump
05-05 16:55:17.706 E/eglCodecCommon( 1772): glUtilsParamSize: unknow param 0x00000b44
05-05 16:55:17.706 E/eglCodecCommon( 1772): glUtilsParamSize: unknow param 0x00000bd0
05-05 16:55:17.826 E/eglCodecCommon( 1772): **** ERROR unknown type 0x0 (glSizeof,72)
05-05 16:55:17.876 E/eglCodecCommon( 1772): glUtilsParamSize: unknow param 0x00000b44
05-05 16:55:17.876 E/eglCodecCommon( 1772): glUtilsParamSize: unknow param 0x00000bd0
05-05 16:55:17.946 E/eglCodecCommon( 1772): **** ERROR unknown type 0x0 (glSizeof,72)
05-05 16:55:17.986 E/eglCodecCommon( 1772): glUtilsParamSize: unknow param 0x00000b44
05-05 16:55:17.986 E/eglCodecCommon( 1772): glUtilsParamSize: unknow param 0x00000bd0
05-05 16:55:17.996 E/eglCodecCommon( 1772): **** ERROR unknown type 0x0 (glSizeof,72)
05-05 16:55:18.056 D/droidmate/server( 2099): serverSocket.accept(59800)
05-05 16:55:18.136 E/eglCodecCommon( 1772): glUtilsParamSize: unknow param 0x00000b44
05-05 16:55:18.136 E/eglCodecCommon( 1772): glUtilsParamSize: unknow param 0x00000bd0
05-05 16:55:18.276 E/eglCodecCommon( 1772): **** ERROR unknown type 0x0 (glSizeof,72)
05-05 16:55:18.306 E/eglCodecCommon( 1772): glUtilsParamSize: unknow param 0x00000b44
05-05 16:55:18.306 E/eglCodecCommon( 1772): glUtilsParamSize: unknow param 0x00000bd0
05-05 16:55:18.476 D/droidmate/uiad( 2099): Pressing 'home' button.
05-05 16:55:18.506 E/eglCodecCommon( 1772): **** ERROR unknown type 0x0 (glSizeof,72)
05-05 16:55:18.516 E/eglCodecCommon( 1772): glUtilsParamSize: unknow param 0x00000b44
05-05 16:55:18.516 E/eglCodecCommon( 1772): glUtilsParamSize: unknow param 0x00000bd0
05-05 16:55:18.626 I/ActivityManager( 1255): START u0 {act=android.intent.action.MAIN cat=[android.intent.category.HOME] flg=0x10200000 cmp=com.android.launcher/com.android.launcher2.Launcher} from pid 1255
05-05 16:55:18.646 I/dalvikvm-heap( 1255): Grow heap (frag case) to 7.041MB for 251116-byte allocation
05-05 16:55:18.686 E/eglCodecCommon( 1772): **** ERROR unknown type 0x0 (glSizeof,72)
05-05 16:55:18.706 E/eglCodecCommon( 1772): glUtilsParamSize: unknow param 0x00000b44
05-05 16:55:18.706 E/eglCodecCommon( 1772): glUtilsParamSize: unknow param 0x00000bd0
05-05 16:55:18.766 E/eglCodecCommon( 1772): **** ERROR unknown type 0x0 (glSizeof,72)
05-05 16:55:18.776 D/WebViewTimersControl( 1772): onBrowserActivityPause
05-05 16:55:18.776 D/WebViewTimersControl( 1772): Pausing webview timers, view=com.android.browser.BrowserWebView{acff77a8 VFEDHVCL .F...... 0,0-800,1044}
05-05 16:55:18.876 E/eglCodecCommon( 1772): glUtilsParamSize: unknow param 0x00000b44
05-05 16:55:18.876 E/eglCodecCommon( 1772): glUtilsParamSize: unknow param 0x00000bd0
05-05 16:55:18.886 W/EGL_emulation( 1424): eglSurfaceAttrib not implemented
05-05 16:55:19.036 E/eglCodecCommon( 1772): **** ERROR unknown type 0x0 (glSizeof,72)
05-05 16:55:19.066 E/eglCodecCommon( 1772): glUtilsParamSize: unknow param 0x00000b44
05-05 16:55:19.066 E/eglCodecCommon( 1772): glUtilsParamSize: unknow param 0x00000bd0
05-05 16:55:19.146 E/eglCodecCommon( 1772): **** ERROR unknown type 0x0 (glSizeof,72)
05-05 16:55:19.146 W/IInputConnectionWrapper( 1772): showStatusIcon on inactive InputConnection
05-05 16:55:19.146 W/InputMethodManagerService( 1255): Starting input on non-focused client com.android.internal.view.IInputMethodClient$Stub$Proxy@ad1e9790 (uid=10014 pid=1772)
05-05 16:55:19.696 W/InteractionController( 2099): runAndwaitForEvent timedout waiting for events
05-05 16:55:20.906 D/droidmate/uiad( 2099): GUI stabilized after 1 iterations / 1211ms
05-05 16:55:20.906 D/droidmate/server( 2099): serverSocket.accept(59800)
05-05 16:55:20.916 D/droidmate/uiad( 2099): Getting window hierarchy dump
05-05 16:55:20.926 D/droidmate/server( 2099): serverSocket.accept(59800)
05-05 16:55:20.956 D/droidmate/uiad( 2099): Checking wifi state.
05-05 16:55:20.966 I/QueryController( 2099): Matched selector: UiSelector[CONTAINS_TEXT=Settings] <<==>> [android.view.accessibility.AccessibilityNodeInfo@ec62; boundsInParent: Rect(524229, 0 - 524357, 128); boundsInScreen: Rect(144, 600 - 272, 728); packageName: com.android.launcher; className: android.widget.TextView; text: Settings; contentDescription: null; viewIdResName: null; checkable: false; checked: false; focusable: true; focused: false; selected: false; clickable: true; longClickable: true; enabled: true; password: false; scrollable: false; [ACTION_FOCUS, ACTION_SELECT, ACTION_CLEAR_SELECTION, ACTION_CLICK, ACTION_LONG_CLICK, ACTION_ACCESSIBILITY_FOCUS, ACTION_NEXT_AT_MOVEMENT_GRANULARITY, ACTION_PREVIOUS_AT_MOVEMENT_GRANULARITY, ACTION_SET_SELECTION]]
05-05 16:55:20.966 D/InteractionController( 2099): clickAndSync(208, 664)
05-05 16:55:21.126 I/ActivityManager( 1255): START u0 {act=android.intent.action.MAIN cat=[android.intent.category.LAUNCHER] flg=0x10200000 cmp=com.android.settings/.Settings bnds=[144,600][272,728]} from pid 1424
05-05 16:55:21.136 E/SoundPool( 1255): error loading /system/media/audio/ui/Effect_Tick.ogg
05-05 16:55:21.136 W/AudioService( 1255): Soundpool could not load file: /system/media/audio/ui/Effect_Tick.ogg
05-05 16:55:21.136 E/SoundPool( 1255): error loading /system/media/audio/ui/Effect_Tick.ogg
05-05 16:55:21.136 W/AudioService( 1255): Soundpool could not load file: /system/media/audio/ui/Effect_Tick.ogg
05-05 16:55:21.136 E/SoundPool( 1255): error loading /system/media/audio/ui/Effect_Tick.ogg
05-05 16:55:21.136 W/AudioService( 1255): Soundpool could not load file: /system/media/audio/ui/Effect_Tick.ogg
05-05 16:55:21.136 E/SoundPool( 1255): error loading /system/media/audio/ui/Effect_Tick.ogg
05-05 16:55:21.136 W/AudioService( 1255): Soundpool could not load file: /system/media/audio/ui/Effect_Tick.ogg
05-05 16:55:21.136 E/SoundPool( 1255): error loading /system/media/audio/ui/Effect_Tick.ogg
05-05 16:55:21.136 W/AudioService( 1255): Soundpool could not load file: /system/media/audio/ui/Effect_Tick.ogg
05-05 16:55:21.136 E/SoundPool( 1255): error loading /system/media/audio/ui/KeypressStandard.ogg
05-05 16:55:21.136 W/AudioService( 1255): Soundpool could not load file: /system/media/audio/ui/KeypressStandard.ogg
05-05 16:55:21.136 E/SoundPool( 1255): error loading /system/media/audio/ui/KeypressSpacebar.ogg
05-05 16:55:21.136 W/AudioService( 1255): Soundpool could not load file: /system/media/audio/ui/KeypressSpacebar.ogg
05-05 16:55:21.136 E/SoundPool( 1255): error loading /system/media/audio/ui/KeypressDelete.ogg
05-05 16:55:21.136 W/AudioService( 1255): Soundpool could not load file: /system/media/audio/ui/KeypressDelete.ogg
05-05 16:55:21.136 E/SoundPool( 1255): error loading /system/media/audio/ui/KeypressReturn.ogg
05-05 16:55:21.136 W/AudioService( 1255): Soundpool could not load file: /system/media/audio/ui/KeypressReturn.ogg
05-05 16:55:21.136 E/SoundPool( 1255): error loading /system/media/audio/ui/KeypressInvalid.ogg
05-05 16:55:21.136 W/AudioService( 1255): Soundpool could not load file: /system/media/audio/ui/KeypressInvalid.ogg
05-05 16:55:21.136 W/AudioService( 1255): onLoadSoundEffects(), Error -1 while loading samples
05-05 16:55:21.186 W/EGL_emulation( 1455): eglSurfaceAttrib not implemented
05-05 16:55:23.016 D/droidmate/uiad( 2099): GUI stabilized after 1 iterations / 1719ms
05-05 16:55:23.016 D/droidmate/uiad( 2099): Getting 'DeviceModel'
05-05 16:55:23.016 D/droidmate/uiad( 2099): Device model: unknown-Android SDK built for x86
05-05 16:55:23.016 I/QueryController( 2099): Matched selector: UiSelector[RESOURCE_ID=com.android.settings:id/switchWidget] <<==>> [android.view.accessibility.AccessibilityNodeInfo@924f; boundsInParent: Rect(0, 0 - 162, 51); boundsInScreen: Rect(593, 158 - 755, 209); packageName: com.android.settings; className: android.widget.Switch; text: ON; contentDescription: null; viewIdResName: com.android.settings:id/switchWidget; checkable: true; checked: true; focusable: false; focused: false; selected: false; clickable: true; longClickable: false; enabled: false; password: false; scrollable: false; [ACTION_SELECT, ACTION_CLEAR_SELECTION, ACTION_ACCESSIBILITY_FOCUS]]
05-05 16:55:23.016 D/UiObject( 2099): getText() = ON
05-05 16:55:23.026 I/ActivityManager( 1255): START u0 {act=android.intent.action.MAIN cat=[android.intent.category.HOME] flg=0x10200000 cmp=com.android.launcher/com.android.launcher2.Launcher} from pid 1255
05-05 16:55:23.086 W/EGL_emulation( 1424): eglSurfaceAttrib not implemented
05-05 16:55:23.086 W/InputMethodManagerService( 1255): Starting input on non-focused client com.android.internal.view.IInputMethodClient$Stub$Proxy@ad222210 (uid=1000 pid=1455)
05-05 16:55:24.086 W/InteractionController( 2099): runAndwaitForEvent timedout waiting for events
05-05 16:55:25.296 D/droidmate/uiad( 2099): GUI stabilized after 1 iterations / 1210ms
05-05 16:55:25.296 D/droidmate/server( 2099): serverSocket.accept(59800)
05-05 16:55:25.306 D/droidmate/uiad( 2099): Getting window hierarchy dump
05-05 16:55:25.346 D/droidmate/server( 2099): serverSocket.accept(59800)
05-05 16:55:25.406 D/AndroidRuntime( 2335): 
05-05 16:55:25.406 D/AndroidRuntime( 2335): >>>>>> AndroidRuntime START com.android.internal.os.RuntimeInit <<<<<<
05-05 16:55:25.406 W/linker  ( 2335): libdvm.so has text relocations. This is wasting memory and is a security risk. Please fix.
05-05 16:55:25.416 D/AndroidRuntime( 2335): CheckJNI is ON
05-05 16:55:25.456 E/memtrack( 2335): Couldn't load memtrack module (No such file or directory)
05-05 16:55:25.456 E/android.os.Debug( 2335): failed to load memtrack module: -2
05-05 16:55:25.476 D/AndroidRuntime( 2335): Calling main entry com.android.commands.am.Am
05-05 16:55:25.486 I/ActivityManager( 1255): Force stopping org.droidmate.fixtures.apks.monitored appid=10053 user=0: from pid 2335
05-05 16:55:25.756 I/ActivityManager( 1255): START u0 {act=android.intent.action.MAIN cat=[android.intent.category.LAUNCHER] flg=0x10000000 cmp=org.droidmate.fixtures.apks.monitored/.Activity1} from pid 2335
05-05 16:55:25.796 I/ActivityManager( 1255): Start proc org.droidmate.fixtures.apks.monitored for activity org.droidmate.fixtures.apks.monitored/.Activity1: pid=2346 uid=10053 gids={50053, 3003}
05-05 16:55:25.826 E/jdwp    ( 2346): Failed sending reply to debugger: Broken pipe
05-05 16:55:25.876 I/System.out( 2346): Extracting lib/x86/libinstrumentation.so to /data/data/org.droidmate.fixtures.apks.monitored/files/appguard_monitor_libs/libinstrumentation.so
05-05 16:55:25.886 W/linker  ( 2359): libdvm.so has text relocations. This is wasting memory and is a security risk. Please fix.
05-05 16:55:25.966 D/Monitor_server( 2346): Starting monitor TCP server...
05-05 16:55:25.966 D/Monitor_server( 2346): Creating server socket bound to port 59701...
05-05 16:55:25.966 D/Monitor_server( 2346): Starting monitor TCP server succeeded. Port used: 59701 PID: 2346
05-05 16:55:25.966 I/Monitor_init( 2346): Monitor constructed successfully.
05-05 16:55:26.346 I/Monitor_init( 2346): Monitor initialized for package org.droidmate.fixtures.apks.monitored
05-05 16:55:26.346 D/AppDexLoader( 2346): Loading app-1462481663278.apk
05-05 16:55:26.356 W/linker  ( 2361): libdvm.so has text relocations. This is wasting memory and is a security risk. Please fix.
05-05 16:55:26.406 I/Monitor_API_method_call( 2346): TId: 1 objCls: android.app.Activity mthd: onResume retCls: void params:  stacktrace: dalvik.system.VMStack.getThreadStackTrace(Native Method)->java.lang.Thread.getStackTrace(Thread.java:579)->org.droidmate.monitor_generator.generated.Monitor.getStackTrace(Monitor.java:439)->org.droidmate.monitor_generator.generated.Monitor.redir_android_app_Activity_onResume0(Monitor.java:733)->java.lang.reflect.Method.invokeNative(Native Method)->java.lang.reflect.Method.invoke(Method.java:515)->android.app.Activity.onResume(Activity.java)->android.app.Instrumentation.callActivityOnResume(Instrumentation.java:1192)->android.app.Activity.performResume(Activity.java:5310)->android.app.ActivityThread.performResumeActivity(ActivityThread.java:2764)->android.app.ActivityThread.handleResumeActivity(ActivityThread.java:2803)->android.app.ActivityThread.handleLaunchActivity(ActivityThread.java:2238)->android.app.ActivityThread.access$800(ActivityThread.java:135)->android.app.ActivityThread$H.handleMessage(ActivityThread.java:1196)->android.os.Handler.dispatchMessage(Handler.java:102)->android.os.Looper.loop(Looper.java:136)->android.app.ActivityThread.main(ActivityThread.java:5001)->java.lang.reflect.Method.invokeNative(Native Method)->java.lang.reflect.Method.invoke(Method.java:515)->com.android.internal.os.ZygoteInit$MethodAndArgsCaller.run(ZygoteInit.java:785)->com.android.internal.os.ZygoteInit.main(ZygoteInit.java:601)->dalvik.system.NativeStart.main(Native Method)
05-05 16:55:26.456 D/        ( 2346): HostConnection::get() New Host Connection established 0xb79d6d00, tid 2346
05-05 16:55:26.476 W/EGL_emulation( 2346): eglSurfaceAttrib not implemented
05-05 16:55:26.476 D/OpenGLRenderer( 2346): Enabling debug mode 0
05-05 16:55:26.536 I/ActivityManager( 1255): Displayed org.droidmate.fixtures.apks.monitored/.Activity1: +773ms
05-05 16:55:26.536 D/AndroidRuntime( 2335): Shutting down VM
05-05 16:55:26.546 D/jdwp    ( 2335): Got wake-up signal, bailing out of select
05-05 16:55:31.776 D/droidmate/uiad( 2099): Getting window hierarchy dump
05-05 16:55:31.786 D/droidmate/server( 2099): serverSocket.accept(59800)
05-05 16:55:31.816 D/droidmate/uiad( 2099): Getting window hierarchy dump
05-05 16:55:31.826 D/droidmate/server( 2099): serverSocket.accept(59800)
05-05 16:55:31.886 D/droidmate/uiad( 2099): Clicking on (x,y) coordinates of (185,225)
05-05 16:55:31.896 D/InteractionController( 2099): clickNoSync (185, 225)
05-05 16:55:32.006 I/Activity1( 2346): Launching activity 2
05-05 16:55:32.006 I/Monitor_API_method_call( 2346): TId: 1 objCls: android.app.Activity mthd: startActivityForResult retCls: void params: android.content.Intent intent:#Intent;component=org.droidmate.fixtures.apks.monitored/.Activity2;end int -1 stacktrace: dalvik.system.VMStack.getThreadStackTrace(Native Method)->java.lang.Thread.getStackTrace(Thread.java:579)->org.droidmate.monitor_generator.generated.Monitor.getStackTrace(Monitor.java:439)->org.droidmate.monitor_generator.generated.Monitor.redir_android_app_Activity_startActivityForResult2(Monitor.java:744)->java.lang.reflect.Method.invokeNative(Native Method)->java.lang.reflect.Method.invoke(Method.java:515)->android.app.Activity.startActivityForResult(Activity.java)->android.app.Activity.startActivity(Activity.java:3627)->android.app.Activity.startActivity(Activity.java:3595)->org.droidmate.fixtures.apks.monitored.Activity1.launchActivity2(Activity1.java:38)->java.lang.reflect.Method.invokeNative(Native Method)->java.lang.reflect.Method.invoke(Method.java:515)->android.view.View$1.onClick(View.java:3818)->android.view.View.performClick(View.java:4438)->android.view.View$PerformClick.run(View.java:18422)->android.os.Handler.handleCallback(Handler.java:733)->android.os.Handler.dispatchMessage(Handler.java:95)->android.os.Looper.loop(Looper.java:136)->android.app.ActivityThread.main(ActivityThread.java:5001)->java.lang.reflect.Method.invokeNative(Native Method)->java.lang.reflect.Method.invoke(Method.java:515)->com.android.internal.os.ZygoteInit$MethodAndArgsCaller.run(ZygoteInit.java:785)->com.android.internal.os.ZygoteInit.main(ZygoteInit.java:601)->dalvik.system.NativeStart.main(Native Method)
05-05 16:55:32.006 I/ActivityManager( 1255): START u0 {cmp=org.droidmate.fixtures.apks.monitored/.Activity2} from pid 2346
05-05 16:55:32.016 E/SoundPool( 1255): error loading /system/media/audio/ui/Effect_Tick.ogg
05-05 16:55:32.016 W/AudioService( 1255): Soundpool could not load file: /system/media/audio/ui/Effect_Tick.ogg
05-05 16:55:32.016 E/SoundPool( 1255): error loading /system/media/audio/ui/Effect_Tick.ogg
05-05 16:55:32.016 W/AudioService( 1255): Soundpool could not load file: /system/media/audio/ui/Effect_Tick.ogg
05-05 16:55:32.016 E/SoundPool( 1255): error loading /system/media/audio/ui/Effect_Tick.ogg
05-05 16:55:32.016 W/AudioService( 1255): Soundpool could not load file: /system/media/audio/ui/Effect_Tick.ogg
05-05 16:55:32.016 E/SoundPool( 1255): error loading /system/media/audio/ui/Effect_Tick.ogg
05-05 16:55:32.016 W/AudioService( 1255): Soundpool could not load file: /system/media/audio/ui/Effect_Tick.ogg
05-05 16:55:32.016 E/SoundPool( 1255): error loading /system/media/audio/ui/Effect_Tick.ogg
05-05 16:55:32.016 W/AudioService( 1255): Soundpool could not load file: /system/media/audio/ui/Effect_Tick.ogg
05-05 16:55:32.016 E/SoundPool( 1255): error loading /system/media/audio/ui/KeypressStandard.ogg
05-05 16:55:32.016 W/AudioService( 1255): Soundpool could not load file: /system/media/audio/ui/KeypressStandard.ogg
05-05 16:55:32.016 E/SoundPool( 1255): error loading /system/media/audio/ui/KeypressSpacebar.ogg
05-05 16:55:32.016 W/AudioService( 1255): Soundpool could not load file: /system/media/audio/ui/KeypressSpacebar.ogg
05-05 16:55:32.016 E/SoundPool( 1255): error loading /system/media/audio/ui/KeypressDelete.ogg
05-05 16:55:32.016 W/AudioService( 1255): Soundpool could not load file: /system/media/audio/ui/KeypressDelete.ogg
05-05 16:55:32.016 E/SoundPool( 1255): error loading /system/media/audio/ui/KeypressReturn.ogg
05-05 16:55:32.016 W/AudioService( 1255): Soundpool could not load file: /system/media/audio/ui/KeypressReturn.ogg
05-05 16:55:32.016 E/SoundPool( 1255): error loading /system/media/audio/ui/KeypressInvalid.ogg
05-05 16:55:32.016 W/AudioService( 1255): Soundpool could not load file: /system/media/audio/ui/KeypressInvalid.ogg
05-05 16:55:32.016 W/AudioService( 1255): onLoadSoundEffects(), Error -1 while loading samples
05-05 16:55:32.046 I/Monitor_API_method_call( 2346): TId: 1 objCls: android.app.Activity mthd: onResume retCls: void params:  stacktrace: dalvik.system.VMStack.getThreadStackTrace(Native Method)->java.lang.Thread.getStackTrace(Thread.java:579)->org.droidmate.monitor_generator.generated.Monitor.getStackTrace(Monitor.java:439)->org.droidmate.monitor_generator.generated.Monitor.redir_android_app_Activity_onResume0(Monitor.java:733)->java.lang.reflect.Method.invokeNative(Native Method)->java.lang.reflect.Method.invoke(Method.java:515)->android.app.Activity.onResume(Activity.java)->android.app.Instrumentation.callActivityOnResume(Instrumentation.java:1192)->android.app.Activity.performResume(Activity.java:5310)->android.app.ActivityThread.performResumeActivity(ActivityThread.java:2764)->android.app.ActivityThread.handleResumeActivity(ActivityThread.java:2803)->android.app.ActivityThread.handleLaunchActivity(ActivityThread.java:2238)->android.app.ActivityThread.access$800(ActivityThread.java:135)->android.app.ActivityThread$H.handleMessage(ActivityThread.java:1196)->android.os.Handler.dispatchMessage(Handler.java:102)->android.os.Looper.loop(Looper.java:136)->android.app.ActivityThread.main(ActivityThread.java:5001)->java.lang.reflect.Method.invokeNative(Native Method)->java.lang.reflect.Method.invoke(Method.java:515)->com.android.internal.os.ZygoteInit$MethodAndArgsCaller.run(ZygoteInit.java:785)->com.android.internal.os.ZygoteInit.main(ZygoteInit.java:601)->dalvik.system.NativeStart.main(Native Method)
05-05 16:55:32.086 W/EGL_emulation( 2346): eglSurfaceAttrib not implemented
05-05 16:55:32.126 I/ActivityManager( 1255): Displayed org.droidmate.fixtures.apks.monitored/.Activity2: +116ms
05-05 16:55:33.926 D/droidmate/uiad( 2099): GUI stabilized after 1 iterations / 1917ms
05-05 16:55:33.926 D/droidmate/server( 2099): serverSocket.accept(59800)
05-05 16:55:33.956 D/droidmate/uiad( 2099): Getting window hierarchy dump
05-05 16:55:33.966 D/droidmate/server( 2099): serverSocket.accept(59800)
05-05 16:55:34.016 D/droidmate/uiad( 2099): Clicking on (x,y) coordinates of (380,161)
05-05 16:55:34.016 D/InteractionController( 2099): clickNoSync (380, 161)
05-05 16:55:34.136 I/Activity2( 2346): ===== Calling Camera.open()
05-05 16:55:34.136 I/Activity2( 2346): ===== Camera.open() returned: null
05-05 16:55:34.136 I/Activity2( 2346): Launching activity 3
05-05 16:55:34.136 I/Monitor_API_method_call( 2346): TId: 1 objCls: android.app.Activity mthd: startActivityForResult retCls: void params: android.content.Intent intent:#Intent;component=org.droidmate.fixtures.apks.monitored/.Activity3;end int -1 stacktrace: dalvik.system.VMStack.getThreadStackTrace(Native Method)->java.lang.Thread.getStackTrace(Thread.java:579)->org.droidmate.monitor_generator.generated.Monitor.getStackTrace(Monitor.java:439)->org.droidmate.monitor_generator.generated.Monitor.redir_android_app_Activity_startActivityForResult2(Monitor.java:744)->java.lang.reflect.Method.invokeNative(Native Method)->java.lang.reflect.Method.invoke(Method.java:515)->android.app.Activity.startActivityForResult(Activity.java)->android.app.Activity.startActivity(Activity.java:3627)->android.app.Activity.startActivity(Activity.java:3595)->org.droidmate.fixtures.apks.monitored.Activity2.callAPIAndLaunchActivity3(Activity2.java:34)->java.lang.reflect.Method.invokeNative(Native Method)->java.lang.reflect.Method.invoke(Method.java:515)->android.view.View$1.onClick(View.java:3818)->android.view.View.performClick(View.java:4438)->android.view.View$PerformClick.run(View.java:18422)->android.os.Handler.handleCallback(Handler.java:733)->android.os.Handler.dispatchMessage(Handler.java:95)->android.os.Looper.loop(Looper.java:136)->android.app.ActivityThread.main(ActivityThread.java:5001)->java.lang.reflect.Method.invokeNative(Native Method)->java.lang.reflect.Method.invoke(Method.java:515)->com.android.internal.os.ZygoteInit$MethodAndArgsCaller.run(ZygoteInit.java:785)->com.android.internal.os.ZygoteInit.main(ZygoteInit.java:601)->dalvik.system.NativeStart.main(Native Method)
05-05 16:55:34.136 I/ActivityManager( 1255): START u0 {cmp=org.droidmate.fixtures.apks.monitored/.Activity3} from pid 2346
05-05 16:55:34.146 E/SoundPool( 1255): error loading /system/media/audio/ui/Effect_Tick.ogg
05-05 16:55:34.146 W/AudioService( 1255): Soundpool could not load file: /system/media/audio/ui/Effect_Tick.ogg
05-05 16:55:34.146 E/SoundPool( 1255): error loading /system/media/audio/ui/Effect_Tick.ogg
05-05 16:55:34.146 W/AudioService( 1255): Soundpool could not load file: /system/media/audio/ui/Effect_Tick.ogg
05-05 16:55:34.146 E/SoundPool( 1255): error loading /system/media/audio/ui/Effect_Tick.ogg
05-05 16:55:34.146 W/AudioService( 1255): Soundpool could not load file: /system/media/audio/ui/Effect_Tick.ogg
05-05 16:55:34.146 E/SoundPool( 1255): error loading /system/media/audio/ui/Effect_Tick.ogg
05-05 16:55:34.146 W/AudioService( 1255): Soundpool could not load file: /system/media/audio/ui/Effect_Tick.ogg
05-05 16:55:34.146 E/SoundPool( 1255): error loading /system/media/audio/ui/Effect_Tick.ogg
05-05 16:55:34.146 W/AudioService( 1255): Soundpool could not load file: /system/media/audio/ui/Effect_Tick.ogg
05-05 16:55:34.146 E/SoundPool( 1255): error loading /system/media/audio/ui/KeypressStandard.ogg
05-05 16:55:34.146 W/AudioService( 1255): Soundpool could not load file: /system/media/audio/ui/KeypressStandard.ogg
05-05 16:55:34.146 E/SoundPool( 1255): error loading /system/media/audio/ui/KeypressSpacebar.ogg
05-05 16:55:34.146 W/AudioService( 1255): Soundpool could not load file: /system/media/audio/ui/KeypressSpacebar.ogg
05-05 16:55:34.146 E/SoundPool( 1255): error loading /system/media/audio/ui/KeypressDelete.ogg
05-05 16:55:34.146 W/AudioService( 1255): Soundpool could not load file: /system/media/audio/ui/KeypressDelete.ogg
05-05 16:55:34.146 E/SoundPool( 1255): error loading /system/media/audio/ui/KeypressReturn.ogg
05-05 16:55:34.146 W/AudioService( 1255): Soundpool could not load file: /system/media/audio/ui/KeypressReturn.ogg
05-05 16:55:34.146 E/SoundPool( 1255): error loading /system/media/audio/ui/KeypressInvalid.ogg
05-05 16:55:34.146 W/AudioService( 1255): Soundpool could not load file: /system/media/audio/ui/KeypressInvalid.ogg
05-05 16:55:34.146 W/AudioService( 1255): onLoadSoundEffects(), Error -1 while loading samples
05-05 16:55:34.196 I/Monitor_API_method_call( 2346): TId: 1 objCls: android.app.Activity mthd: onResume retCls: void params:  stacktrace: dalvik.system.VMStack.getThreadStackTrace(Native Method)->java.lang.Thread.getStackTrace(Thread.java:579)->org.droidmate.monitor_generator.generated.Monitor.getStackTrace(Monitor.java:439)->org.droidmate.monitor_generator.generated.Monitor.redir_android_app_Activity_onResume0(Monitor.java:733)->java.lang.reflect.Method.invokeNative(Native Method)->java.lang.reflect.Method.invoke(Method.java:515)->android.app.Activity.onResume(Activity.java)->android.app.Instrumentation.callActivityOnResume(Instrumentation.java:1192)->android.app.Activity.performResume(Activity.java:5310)->android.app.ActivityThread.performResumeActivity(ActivityThread.java:2764)->android.app.ActivityThread.handleResumeActivity(ActivityThread.java:2803)->android.app.ActivityThread.handleLaunchActivity(ActivityThread.java:2238)->android.app.ActivityThread.access$800(ActivityThread.java:135)->android.app.ActivityThread$H.handleMessage(ActivityThread.java:1196)->android.os.Handler.dispatchMessage(Handler.java:102)->android.os.Looper.loop(Looper.java:136)->android.app.ActivityThread.main(ActivityThread.java:5001)->java.lang.reflect.Method.invokeNative(Native Method)->java.lang.reflect.Method.invoke(Method.java:515)->com.android.internal.os.ZygoteInit$MethodAndArgsCaller.run(ZygoteInit.java:785)->com.android.internal.os.ZygoteInit.main(ZygoteInit.java:601)->dalvik.system.NativeStart.main(Native Method)
05-05 16:55:34.236 W/EGL_emulation( 2346): eglSurfaceAttrib not implemented
05-05 16:55:34.266 I/ActivityManager( 1255): Displayed org.droidmate.fixtures.apks.monitored/.Activity3: +129ms
05-05 16:55:36.076 D/droidmate/uiad( 2099): GUI stabilized after 1 iterations / 1939ms
05-05 16:55:36.076 D/droidmate/server( 2099): serverSocket.accept(59800)
05-05 16:55:36.106 D/droidmate/uiad( 2099): Getting window hierarchy dump
05-05 16:55:36.126 D/droidmate/server( 2099): serverSocket.accept(59800)
05-05 16:55:36.166 D/droidmate/uiad( 2099): Clicking on (x,y) coordinates of (343,225)
05-05 16:55:36.166 D/InteractionController( 2099): clickNoSync (343, 225)
05-05 16:55:36.286 I/Activity3( 2346): ===== Calling ContentResolver.getCurrentSyncs()
05-05 16:55:36.286 I/Activity3( 2346): ===== ContentResolver.getCurrentSyncs() returned: []
05-05 16:55:36.286 I/Activity3( 2346): Exiting the app
05-05 16:55:36.286 I/Monitor_API_method_call( 2346): TId: 1 objCls: android.app.Activity mthd: startActivityForResult retCls: void params: android.content.Intent intent:#Intent;action=android.intent.action.MAIN;category=android.intent.category.HOME;launchFlags=0x10000000;end int -1 stacktrace: dalvik.system.VMStack.getThreadStackTrace(Native Method)->java.lang.Thread.getStackTrace(Thread.java:579)->org.droidmate.monitor_generator.generated.Monitor.getStackTrace(Monitor.java:439)->org.droidmate.monitor_generator.generated.Monitor.redir_android_app_Activity_startActivityForResult2(Monitor.java:744)->java.lang.reflect.Method.invokeNative(Native Method)->java.lang.reflect.Method.invoke(Method.java:515)->android.app.Activity.startActivityForResult(Activity.java)->android.app.Activity.startActivity(Activity.java:3627)->android.app.Activity.startActivity(Activity.java:3595)->org.droidmate.fixtures.apks.monitored.ActivityWithHelper.launchHome(ActivityWithHelper.java:52)->org.droidmate.fixtures.apks.monitored.Activity3.callAPIAndLaunchHome(Activity3.java:45)->java.lang.reflect.Method.invokeNative(Native Method)->java.lang.reflect.Method.invoke(Method.java:515)->android.view.View$1.onClick(View.java:3818)->android.view.View.performClick(View.java:4438)->android.view.View$PerformClick.run(View.java:18422)->android.os.Handler.handleCallback(Handler.java:733)->android.os.Handler.dispatchMessage(Handler.java:95)->android.os.Looper.loop(Looper.java:136)->android.app.ActivityThread.main(ActivityThread.java:5001)->java.lang.reflect.Method.invokeNative(Native Method)->java.lang.reflect.Method.invoke(Method.java:515)->com.android.internal.os.ZygoteInit$MethodAndArgsCaller.run(ZygoteInit.java:785)->com.android.internal.os.ZygoteInit.main(ZygoteInit.java:601)->dalvik.system.NativeStart.main(Native Method)
05-05 16:55:36.286 I/ActivityManager( 1255): START u0 {act=android.intent.action.MAIN cat=[android.intent.category.HOME] flg=0x10000000 cmp=com.android.launcher/com.android.launcher2.Launcher} from pid 2346
05-05 16:55:36.296 E/SoundPool( 1255): error loading /system/media/audio/ui/Effect_Tick.ogg
05-05 16:55:36.296 W/AudioService( 1255): Soundpool could not load file: /system/media/audio/ui/Effect_Tick.ogg
05-05 16:55:36.296 E/SoundPool( 1255): error loading /system/media/audio/ui/Effect_Tick.ogg
05-05 16:55:36.296 W/AudioService( 1255): Soundpool could not load file: /system/media/audio/ui/Effect_Tick.ogg
05-05 16:55:36.296 E/SoundPool( 1255): error loading /system/media/audio/ui/Effect_Tick.ogg
05-05 16:55:36.296 W/AudioService( 1255): Soundpool could not load file: /system/media/audio/ui/Effect_Tick.ogg
05-05 16:55:36.296 E/SoundPool( 1255): error loading /system/media/audio/ui/Effect_Tick.ogg
05-05 16:55:36.296 W/AudioService( 1255): Soundpool could not load file: /system/media/audio/ui/Effect_Tick.ogg
05-05 16:55:36.296 E/SoundPool( 1255): error loading /system/media/audio/ui/Effect_Tick.ogg
05-05 16:55:36.296 W/AudioService( 1255): Soundpool could not load file: /system/media/audio/ui/Effect_Tick.ogg
05-05 16:55:36.296 E/SoundPool( 1255): error loading /system/media/audio/ui/KeypressStandard.ogg
05-05 16:55:36.296 W/AudioService( 1255): Soundpool could not load file: /system/media/audio/ui/KeypressStandard.ogg
05-05 16:55:36.296 E/SoundPool( 1255): error loading /system/media/audio/ui/KeypressSpacebar.ogg
05-05 16:55:36.296 W/AudioService( 1255): Soundpool could not load file: /system/media/audio/ui/KeypressSpacebar.ogg
05-05 16:55:36.296 E/SoundPool( 1255): error loading /system/media/audio/ui/KeypressDelete.ogg
05-05 16:55:36.296 W/AudioService( 1255): Soundpool could not load file: /system/media/audio/ui/KeypressDelete.ogg
05-05 16:55:36.296 E/SoundPool( 1255): error loading /system/media/audio/ui/KeypressReturn.ogg
05-05 16:55:36.296 W/AudioService( 1255): Soundpool could not load file: /system/media/audio/ui/KeypressReturn.ogg
05-05 16:55:36.296 E/SoundPool( 1255): error loading /system/media/audio/ui/KeypressInvalid.ogg
05-05 16:55:36.296 W/AudioService( 1255): Soundpool could not load file: /system/media/audio/ui/KeypressInvalid.ogg
05-05 16:55:36.296 W/AudioService( 1255): onLoadSoundEffects(), Error -1 while loading samples
05-05 16:55:36.366 W/EGL_emulation( 1424): eglSurfaceAttrib not implemented
05-05 16:55:36.366 W/InputMethodManagerService( 1255): Starting input on non-focused client com.android.internal.view.IInputMethodClient$Stub$Proxy@ad274038 (uid=10053 pid=2346)
05-05 16:55:38.096 D/droidmate/uiad( 2099): GUI stabilized after 1 iterations / 1808ms
05-05 16:55:38.096 D/droidmate/server( 2099): serverSocket.accept(59800)
05-05 16:55:38.126 D/droidmate/uiad( 2099): Getting window hierarchy dump
05-05 16:55:38.146 D/droidmate/server( 2099): serverSocket.accept(59800)
05-05 16:55:38.206 D/AndroidRuntime( 2372): 
05-05 16:55:38.206 D/AndroidRuntime( 2372): >>>>>> AndroidRuntime START com.android.internal.os.RuntimeInit <<<<<<
05-05 16:55:38.206 W/linker  ( 2372): libdvm.so has text relocations. This is wasting memory and is a security risk. Please fix.
05-05 16:55:38.206 D/AndroidRuntime( 2372): CheckJNI is ON
05-05 16:55:38.256 E/memtrack( 2372): Couldn't load memtrack module (No such file or directory)
05-05 16:55:38.256 E/android.os.Debug( 2372): failed to load memtrack module: -2
05-05 16:55:38.276 D/AndroidRuntime( 2372): Calling main entry com.android.commands.pm.Pm
05-05 16:55:38.276 I/ActivityManager( 1255): Force stopping org.droidmate.fixtures.apks.monitored appid=10053 user=0: clear data
05-05 16:55:38.276 I/ActivityManager( 1255): Killing 2346:org.droidmate.fixtures.apks.monitored/u0a53 (adj 7): stop org.droidmate.fixtures.apks.monitored
05-05 16:55:38.276 I/ActivityManager( 1255):   Force finishing activity ActivityRecord{ad2aae90 u0 org.droidmate.fixtures.apks.monitored/.Activity1 t8}
05-05 16:55:38.276 I/ActivityManager( 1255):   Force finishing activity ActivityRecord{ad2befd0 u0 org.droidmate.fixtures.apks.monitored/.Activity2 t8}
