05-05 16:54:47.255 I/Monitor_API_method_call( 2191): TId: 1 objCls: android.app.Activity mthd: startActivityForResult retCls: void params: android.content.Intent intent:#Intent;action=android.intent.action.MAIN;category=android.intent.category.HOME;launchFlags=0x10000000;end int -1 stacktrace: dalvik.system.VMStack.getThreadStackTrace(Native Method)->java.lang.Thread.getStackTrace(Thread.java:579)->org.droidmate.monitor_generator.generated.Monitor.getStackTrace(Monitor.java:439)->org.droidmate.monitor_generator.generated.Monitor.redir_android_app_Activity_startActivityForResult2(Monitor.java:744)->java.lang.reflect.Method.invokeNative(Native Method)->java.lang.reflect.Method.invoke(Method.java:515)->android.app.Activity.startActivityForResult(Activity.java)->android.app.Activity.startActivity(Activity.java:3627)->android.app.Activity.startActivity(Activity.java:3595)->org.droidmate.fixtures.apks.monitored.ActivityWithHelper.launchHome(ActivityWithHelper.java:52)->org.droidmate.fixtures.apks.monitored.Activity1.launchHome(Activity1.java:43)->java.lang.reflect.Method.invokeNative(Native Method)->java.lang.reflect.Method.invoke(Method.java:515)->android.view.View$1.onClick(View.java:3818)->android.view.View.performClick(View.java:4438)->android.view.View$PerformClick.run(View.java:18422)->android.os.Handler.handleCallback(Handler.java:733)->android.os.Handler.dispatchMessage(Handler.java:95)->android.os.Looper.loop(Looper.java:136)->android.app.ActivityThread.main(ActivityThread.java:5001)->java.lang.reflect.Method.invokeNative(Native Method)->java.lang.reflect.Method.invoke(Method.java:515)->com.android.internal.os.ZygoteInit$MethodAndArgsCaller.run(ZygoteInit.java:785)->com.android.internal.os.ZygoteInit.main(ZygoteInit.java:601)->dalvik.system.NativeStart.main(Native Method)
05-05 16:54:47.255 D/        ( 1255): HostConnection::get() New Host Connection established 0xb7ba9cf0, tid 1363
05-05 16:54:47.255 I/ActivityManager( 1255): START u0 {act=android.intent.action.MAIN cat=[android.intent.category.HOME] flg=0x10000000 cmp=com.android.launcher/com.android.launcher2.Launcher} from pid 2191
05-05 16:54:47.265 E/SoundPool( 1255): error loading /system/media/audio/ui/Effect_Tick.ogg
05-05 16:54:47.265 W/AudioService( 1255): Soundpool could not load file: /system/media/audio/ui/Effect_Tick.ogg
05-05 16:54:47.265 E/SoundPool( 1255): error loading /system/media/audio/ui/Effect_Tick.ogg
05-05 16:54:47.265 W/AudioService( 1255): Soundpool could not load file: /system/media/audio/ui/Effect_Tick.ogg
05-05 16:54:47.265 E/SoundPool( 1255): error loading /system/media/audio/ui/Effect_Tick.ogg
05-05 16:54:47.265 W/AudioService( 1255): Soundpool could not load file: /system/media/audio/ui/Effect_Tick.ogg
05-05 16:54:47.265 E/SoundPool( 1255): error loading /system/media/audio/ui/Effect_Tick.ogg
05-05 16:54:47.265 W/AudioService( 1255): Soundpool could not load file: /system/media/audio/ui/Effect_Tick.ogg
05-05 16:54:47.265 E/SoundPool( 1255): error loading /system/media/audio/ui/Effect_Tick.ogg
05-05 16:54:47.265 W/AudioService( 1255): Soundpool could not load file: /system/media/audio/ui/Effect_Tick.ogg
05-05 16:54:47.265 E/SoundPool( 1255): error loading /system/media/audio/ui/KeypressStandard.ogg
05-05 16:54:47.265 W/AudioService( 1255): Soundpool could not load file: /system/media/audio/ui/KeypressStandard.ogg
05-05 16:54:47.265 E/SoundPool( 1255): error loading /system/media/audio/ui/KeypressSpacebar.ogg
05-05 16:54:47.265 W/AudioService( 1255): Soundpool could not load file: /system/media/audio/ui/KeypressSpacebar.ogg
05-05 16:54:47.265 E/SoundPool( 1255): error loading /system/media/audio/ui/KeypressDelete.ogg
05-05 16:54:47.265 W/AudioService( 1255): Soundpool could not load file: /system/media/audio/ui/KeypressDelete.ogg
05-05 16:54:47.265 E/SoundPool( 1255): error loading /system/media/audio/ui/KeypressReturn.ogg
05-05 16:54:47.265 W/AudioService( 1255): Soundpool could not load file: /system/media/audio/ui/KeypressReturn.ogg
05-05 16:54:47.265 E/SoundPool( 1255): error loading /system/media/audio/ui/KeypressInvalid.ogg
05-05 16:54:47.265 W/AudioService( 1255): Soundpool could not load file: /system/media/audio/ui/KeypressInvalid.ogg
05-05 16:54:47.265 W/AudioService( 1255): onLoadSoundEffects(), Error -1 while loading samples
05-05 16:54:47.385 W/EGL_emulation( 1424): eglSurfaceAttrib not implemented
05-05 16:54:48.465 D/droidmate/uiad( 2099): GUI stabilized after 1 iterations / 1207ms
05-05 16:54:48.465 D/droidmate/server( 2099): serverSocket.accept(59800)
05-05 16:54:48.505 D/droidmate/uiad( 2099): Getting window hierarchy dump
05-05 16:54:48.525 D/droidmate/server( 2099): serverSocket.accept(59800)
05-05 16:54:48.615 D/AndroidRuntime( 2213): 
05-05 16:54:48.615 D/AndroidRuntime( 2213): >>>>>> AndroidRuntime START com.android.internal.os.RuntimeInit <<<<<<
05-05 16:54:48.615 W/linker  ( 2213): libdvm.so has text relocations. This is wasting memory and is a security risk. Please fix.
05-05 16:54:48.615 D/AndroidRuntime( 2213): CheckJNI is ON
05-05 16:54:48.685 E/memtrack( 2213): Couldn't load memtrack module (No such file or directory)
05-05 16:54:48.685 E/android.os.Debug( 2213): failed to load memtrack module: -2
05-05 16:54:48.715 D/AndroidRuntime( 2213): Calling main entry com.android.commands.pm.Pm
05-05 16:54:48.715 I/ActivityManager( 1255): Force stopping org.droidmate.fixtures.apks.monitored appid=10053 user=0: clear data
05-05 16:54:48.715 I/ActivityManager( 1255): Killing 2191:org.droidmate.fixtures.apks.monitored/u0a53 (adj 7): stop org.droidmate.fixtures.apks.monitored
05-05 16:54:48.715 I/ActivityManager( 1255):   Force finishing activity ActivityRecord{ad295b20 u0 org.droidmate.fixtures.apks.monitored/.Activity1 t5}
05-05 16:54:48.725 W/InputDispatcher( 1255): channel 'ad28fde0 org.droidmate.fixtures.apks.monitored/org.droidmate.fixtures.apks.monitored.Activity1 (server)' ~ Consumer closed input channel or an error occurred.  events=0x9
05-05 16:54:48.725 E/InputDispatcher( 1255): channel 'ad28fde0 org.droidmate.fixtures.apks.monitored/org.droidmate.fixtures.apks.monitored.Activity1 (server)' ~ Channel is unrecoverably broken and will be disposed!
05-05 16:54:48.725 W/InputDispatcher( 1255): Attempted to unregister already unregistered input channel 'ad28fde0 org.droidmate.fixtures.apks.monitored/org.droidmate.fixtures.apks.monitored.Activity1 (server)'
05-05 16:54:48.725 I/WindowState( 1255): WIN DEATH: Window{ad28fde0 u0 org.droidmate.fixtures.apks.monitored/org.droidmate.fixtures.apks.monitored.Activity1}
05-05 16:54:48.735 D/Documents( 1933): Used cached roots for com.android.providers.downloads.documents
05-05 16:54:48.735 D/Documents( 1933): Loading roots for com.android.externalstorage.documents
05-05 16:54:48.735 D/keystore(  942): calling clear_uid in state: 3
05-05 16:54:48.735 D/Documents( 1933): Used cached roots for com.android.providers.media.documents
05-05 16:54:48.735 D/Documents( 1933): Update found 5 roots in 5ms
05-05 16:54:48.745 D/AndroidRuntime( 2213): Shutting down VM
05-05 16:54:48.745 I/AndroidRuntime( 2213): NOTE: attach of thread 'Binder_2' failed
05-05 16:54:53.995 D/droidmate/uiad( 2099): Getting window hierarchy dump
05-05 16:54:54.045 D/droidmate/server( 2099): serverSocket.accept(59800)
05-05 16:54:54.065 D/droidmate/uiad( 2099): Checking wifi state.
05-05 16:54:54.075 I/QueryController( 2099): Matched selector: UiSelector[CONTAINS_TEXT=Settings] <<==>> [android.view.accessibility.AccessibilityNodeInfo@ec62; boundsInParent: Rect(524229, 0 - 524357, 128); boundsInScreen: Rect(144, 600 - 272, 728); packageName: com.android.launcher; className: android.widget.TextView; text: Settings; contentDescription: null; viewIdResName: null; checkable: false; checked: false; focusable: true; focused: false; selected: false; clickable: true; longClickable: true; enabled: true; password: false; scrollable: false; [ACTION_FOCUS, ACTION_SELECT, ACTION_CLEAR_SELECTION, ACTION_CLICK, ACTION_LONG_CLICK, ACTION_ACCESSIBILITY_FOCUS, ACTION_NEXT_AT_MOVEMENT_GRANULARITY, ACTION_PREVIOUS_AT_MOVEMENT_GRANULARITY, ACTION_SET_SELECTION]]
05-05 16:54:54.075 D/InteractionController( 2099): clickAndSync(208, 664)
05-05 16:54:54.225 I/ActivityManager( 1255): START u0 {act=android.intent.action.MAIN cat=[android.intent.category.LAUNCHER] flg=0x10200000 cmp=com.android.settings/.Settings bnds=[144,600][272,728]} from pid 1424
05-05 16:54:54.235 E/SoundPool( 1255): error loading /system/media/audio/ui/Effect_Tick.ogg
05-05 16:54:54.235 W/AudioService( 1255): Soundpool could not load file: /system/media/audio/ui/Effect_Tick.ogg
05-05 16:54:54.235 E/SoundPool( 1255): error loading /system/media/audio/ui/Effect_Tick.ogg
05-05 16:54:54.235 W/AudioService( 1255): Soundpool could not load file: /system/media/audio/ui/Effect_Tick.ogg
05-05 16:54:54.235 E/SoundPool( 1255): error loading /system/media/audio/ui/Effect_Tick.ogg
05-05 16:54:54.235 W/AudioService( 1255): Soundpool could not load file: /system/media/audio/ui/Effect_Tick.ogg
05-05 16:54:54.235 E/SoundPool( 1255): error loading /system/media/audio/ui/Effect_Tick.ogg
05-05 16:54:54.235 W/AudioService( 1255): Soundpool could not load file: /system/media/audio/ui/Effect_Tick.ogg
05-05 16:54:54.235 E/SoundPool( 1255): error loading /system/media/audio/ui/Effect_Tick.ogg
05-05 16:54:54.235 W/AudioService( 1255): Soundpool could not load file: /system/media/audio/ui/Effect_Tick.ogg
05-05 16:54:54.235 E/SoundPool( 1255): error loading /system/media/audio/ui/KeypressStandard.ogg
05-05 16:54:54.235 W/AudioService( 1255): Soundpool could not load file: /system/media/audio/ui/KeypressStandard.ogg
05-05 16:54:54.235 E/SoundPool( 1255): error loading /system/media/audio/ui/KeypressSpacebar.ogg
05-05 16:54:54.235 W/AudioService( 1255): Soundpool could not load file: /system/media/audio/ui/KeypressSpacebar.ogg
05-05 16:54:54.235 E/SoundPool( 1255): error loading /system/media/audio/ui/KeypressDelete.ogg
05-05 16:54:54.235 W/AudioService( 1255): Soundpool could not load file: /system/media/audio/ui/KeypressDelete.ogg
05-05 16:54:54.235 E/SoundPool( 1255): error loading /system/media/audio/ui/KeypressReturn.ogg
05-05 16:54:54.235 W/AudioService( 1255): Soundpool could not load file: /system/media/audio/ui/KeypressReturn.ogg
05-05 16:54:54.235 E/SoundPool( 1255): error loading /system/media/audio/ui/KeypressInvalid.ogg
05-05 16:54:54.235 W/AudioService( 1255): Soundpool could not load file: /system/media/audio/ui/KeypressInvalid.ogg
05-05 16:54:54.235 W/AudioService( 1255): onLoadSoundEffects(), Error -1 while loading samples
05-05 16:54:54.285 W/EGL_emulation( 1455): eglSurfaceAttrib not implemented
05-05 16:54:56.125 D/droidmate/uiad( 2099): GUI stabilized after 1 iterations / 1737ms
05-05 16:54:56.125 D/droidmate/uiad( 2099): Getting 'DeviceModel'
05-05 16:54:56.125 D/droidmate/uiad( 2099): Device model: unknown-Android SDK built for x86
05-05 16:54:56.135 I/QueryController( 2099): Matched selector: UiSelector[RESOURCE_ID=com.android.settings:id/switchWidget] <<==>> [android.view.accessibility.AccessibilityNodeInfo@924f; boundsInParent: Rect(0, 0 - 162, 51); boundsInScreen: Rect(593, 158 - 755, 209); packageName: com.android.settings; className: android.widget.Switch; text: ON; contentDescription: null; viewIdResName: com.android.settings:id/switchWidget; checkable: true; checked: true; focusable: false; focused: false; selected: false; clickable: true; longClickable: false; enabled: false; password: false; scrollable: false; [ACTION_SELECT, ACTION_CLEAR_SELECTION, ACTION_ACCESSIBILITY_FOCUS]]
05-05 16:54:56.135 D/UiObject( 2099): getText() = ON
05-05 16:54:56.145 I/ActivityManager( 1255): START u0 {act=android.intent.action.MAIN cat=[android.intent.category.HOME] flg=0x10200000 cmp=com.android.launcher/com.android.launcher2.Launcher} from pid 1255
05-05 16:54:56.245 W/EGL_emulation( 1424): eglSurfaceAttrib not implemented
05-05 16:54:56.255 W/InputMethodManagerService( 1255): Starting input on non-focused client com.android.internal.view.IInputMethodClient$Stub$Proxy@ad222210 (uid=1000 pid=1455)
05-05 16:54:57.215 W/InteractionController( 2099): runAndwaitForEvent timedout waiting for events
05-05 16:54:58.425 D/droidmate/uiad( 2099): GUI stabilized after 1 iterations / 1210ms
05-05 16:54:58.425 D/droidmate/server( 2099): serverSocket.accept(59800)
05-05 16:54:58.435 D/droidmate/uiad( 2099): Getting window hierarchy dump
05-05 16:54:58.465 D/droidmate/server( 2099): serverSocket.accept(59800)
05-05 16:54:58.525 D/AndroidRuntime( 2231): 
05-05 16:54:58.525 D/AndroidRuntime( 2231): >>>>>> AndroidRuntime START com.android.internal.os.RuntimeInit <<<<<<
05-05 16:54:58.525 W/linker  ( 2231): libdvm.so has text relocations. This is wasting memory and is a security risk. Please fix.
05-05 16:54:58.535 D/AndroidRuntime( 2231): CheckJNI is ON
05-05 16:54:58.575 E/memtrack( 2231): Couldn't load memtrack module (No such file or directory)
05-05 16:54:58.575 E/android.os.Debug( 2231): failed to load memtrack module: -2
05-05 16:54:58.595 D/AndroidRuntime( 2231): Calling main entry com.android.commands.am.Am
05-05 16:54:58.605 I/ActivityManager( 1255): Force stopping org.droidmate.fixtures.apks.monitored appid=10053 user=0: from pid 2231
05-05 16:54:58.875 I/ActivityManager( 1255): START u0 {act=android.intent.action.MAIN cat=[android.intent.category.LAUNCHER] flg=0x10000000 cmp=org.droidmate.fixtures.apks.monitored/.Activity1} from pid 2231
05-05 16:54:58.905 I/ActivityManager( 1255): Start proc org.droidmate.fixtures.apks.monitored for activity org.droidmate.fixtures.apks.monitored/.Activity1: pid=2242 uid=10053 gids={50053, 3003}
05-05 16:54:58.935 I/System.out( 2242): Extracting lib/x86/libinstrumentation.so to /data/data/org.droidmate.fixtures.apks.monitored/files/appguard_monitor_libs/libinstrumentation.so
05-05 16:54:58.945 W/linker  ( 2255): libdvm.so has text relocations. This is wasting memory and is a security risk. Please fix.
05-05 16:54:59.065 D/Monitor_server( 2242): Starting monitor TCP server...
05-05 16:54:59.065 D/Monitor_server( 2242): Creating server socket bound to port 59701...
05-05 16:54:59.075 D/Monitor_server( 2242): Starting monitor TCP server succeeded. Port used: 59701 PID: 2242
05-05 16:54:59.075 I/Monitor_init( 2242): Monitor constructed successfully.
05-05 16:54:59.415 I/Monitor_init( 2242): Monitor initialized for package org.droidmate.fixtures.apks.monitored
05-05 16:54:59.415 D/AppDexLoader( 2242): Loading app-1462481663278.apk
05-05 16:54:59.415 W/linker  ( 2257): libdvm.so has text relocations. This is wasting memory and is a security risk. Please fix.
05-05 16:54:59.465 I/Monitor_API_method_call( 2242): TId: 1 objCls: android.app.Activity mthd: onResume retCls: void params:  stacktrace: dalvik.system.VMStack.getThreadStackTrace(Native Method)->java.lang.Thread.getStackTrace(Thread.java:579)->org.droidmate.monitor_generator.generated.Monitor.getStackTrace(Monitor.java:439)->org.droidmate.monitor_generator.generated.Monitor.redir_android_app_Activity_onResume0(Monitor.java:733)->java.lang.reflect.Method.invokeNative(Native Method)->java.lang.reflect.Method.invoke(Method.java:515)->android.app.Activity.onResume(Activity.java)->android.app.Instrumentation.callActivityOnResume(Instrumentation.java:1192)->android.app.Activity.performResume(Activity.java:5310)->android.app.ActivityThread.performResumeActivity(ActivityThread.java:2764)->android.app.ActivityThread.handleResumeActivity(ActivityThread.java:2803)->android.app.ActivityThread.handleLaunchActivity(ActivityThread.java:2238)->android.app.ActivityThread.access$800(ActivityThread.java:135)->android.app.ActivityThread$H.handleMessage(ActivityThread.java:1196)->android.os.Handler.dispatchMessage(Handler.java:102)->android.os.Looper.loop(Looper.java:136)->android.app.ActivityThread.main(ActivityThread.java:5001)->java.lang.reflect.Method.invokeNative(Native Method)->java.lang.reflect.Method.invoke(Method.java:515)->com.android.internal.os.ZygoteInit$MethodAndArgsCaller.run(ZygoteInit.java:785)->com.android.internal.os.ZygoteInit.main(ZygoteInit.java:601)->dalvik.system.NativeStart.main(Native Method)
05-05 16:54:59.485 D/        ( 2242): HostConnection::get() New Host Connection established 0xb79b1370, tid 2242
05-05 16:54:59.505 W/EGL_emulation( 2242): eglSurfaceAttrib not implemented
05-05 16:54:59.505 D/OpenGLRenderer( 2242): Enabling debug mode 0
05-05 16:54:59.585 I/ActivityManager( 1255): Displayed org.droidmate.fixtures.apks.monitored/.Activity1: +699ms
05-05 16:54:59.585 D/AndroidRuntime( 2231): Shutting down VM
05-05 16:54:59.585 D/jdwp    ( 2231): Got wake-up signal, bailing out of select
05-05 16:55:04.815 D/droidmate/uiad( 2099): Getting window hierarchy dump
05-05 16:55:04.865 D/droidmate/server( 2099): serverSocket.accept(59800)
05-05 16:55:04.885 D/droidmate/uiad( 2099): Getting window hierarchy dump
05-05 16:55:04.895 D/droidmate/server( 2099): serverSocket.accept(59800)
05-05 16:55:04.975 D/droidmate/uiad( 2099): Clicking on (x,y) coordinates of (185,225)
05-05 16:55:04.975 D/InteractionController( 2099): clickNoSync (185, 225)
05-05 16:55:05.095 I/Activity1( 2242): Launching activity 2
05-05 16:55:05.095 I/Monitor_API_method_call( 2242): TId: 1 objCls: android.app.Activity mthd: startActivityForResult retCls: void params: android.content.Intent intent:#Intent;component=org.droidmate.fixtures.apks.monitored/.Activity2;end int -1 stacktrace: dalvik.system.VMStack.getThreadStackTrace(Native Method)->java.lang.Thread.getStackTrace(Thread.java:579)->org.droidmate.monitor_generator.generated.Monitor.getStackTrace(Monitor.java:439)->org.droidmate.monitor_generator.generated.Monitor.redir_android_app_Activity_startActivityForResult2(Monitor.java:744)->java.lang.reflect.Method.invokeNative(Native Method)->java.lang.reflect.Method.invoke(Method.java:515)->android.app.Activity.startActivityForResult(Activity.java)->android.app.Activity.startActivity(Activity.java:3627)->android.app.Activity.startActivity(Activity.java:3595)->org.droidmate.fixtures.apks.monitored.Activity1.launchActivity2(Activity1.java:38)->java.lang.reflect.Method.invokeNative(Native Method)->java.lang.reflect.Method.invoke(Method.java:515)->android.view.View$1.onClick(View.java:3818)->android.view.View.performClick(View.java:4438)->android.view.View$PerformClick.run(View.java:18422)->android.os.Handler.handleCallback(Handler.java:733)->android.os.Handler.dispatchMessage(Handler.java:95)->android.os.Looper.loop(Looper.java:136)->android.app.ActivityThread.main(ActivityThread.java:5001)->java.lang.reflect.Method.invokeNative(Native Method)->java.lang.reflect.Method.invoke(Method.java:515)->com.android.internal.os.ZygoteInit$MethodAndArgsCaller.run(ZygoteInit.java:785)->com.android.internal.os.ZygoteInit.main(ZygoteInit.java:601)->dalvik.system.NativeStart.main(Native Method)
05-05 16:55:05.095 I/ActivityManager( 1255): START u0 {cmp=org.droidmate.fixtures.apks.monitored/.Activity2} from pid 2242
05-05 16:55:05.105 E/SoundPool( 1255): error loading /system/media/audio/ui/Effect_Tick.ogg
05-05 16:55:05.105 W/AudioService( 1255): Soundpool could not load file: /system/media/audio/ui/Effect_Tick.ogg
05-05 16:55:05.105 E/SoundPool( 1255): error loading /system/media/audio/ui/Effect_Tick.ogg
05-05 16:55:05.105 W/AudioService( 1255): Soundpool could not load file: /system/media/audio/ui/Effect_Tick.ogg
05-05 16:55:05.105 E/SoundPool( 1255): error loading /system/media/audio/ui/Effect_Tick.ogg
05-05 16:55:05.105 W/AudioService( 1255): Soundpool could not load file: /system/media/audio/ui/Effect_Tick.ogg
05-05 16:55:05.105 E/SoundPool( 1255): error loading /system/media/audio/ui/Effect_Tick.ogg
05-05 16:55:05.105 W/AudioService( 1255): Soundpool could not load file: /system/media/audio/ui/Effect_Tick.ogg
05-05 16:55:05.105 E/SoundPool( 1255): error loading /system/media/audio/ui/Effect_Tick.ogg
05-05 16:55:05.105 W/AudioService( 1255): Soundpool could not load file: /system/media/audio/ui/Effect_Tick.ogg
05-05 16:55:05.105 E/SoundPool( 1255): error loading /system/media/audio/ui/KeypressStandard.ogg
05-05 16:55:05.105 W/AudioService( 1255): Soundpool could not load file: /system/media/audio/ui/KeypressStandard.ogg
05-05 16:55:05.105 E/SoundPool( 1255): error loading /system/media/audio/ui/KeypressSpacebar.ogg
05-05 16:55:05.105 W/AudioService( 1255): Soundpool could not load file: /system/media/audio/ui/KeypressSpacebar.ogg
05-05 16:55:05.105 E/SoundPool( 1255): error loading /system/media/audio/ui/KeypressDelete.ogg
05-05 16:55:05.105 W/AudioService( 1255): Soundpool could not load file: /system/media/audio/ui/KeypressDelete.ogg
05-05 16:55:05.105 E/SoundPool( 1255): error loading /system/media/audio/ui/KeypressReturn.ogg
05-05 16:55:05.105 W/AudioService( 1255): Soundpool could not load file: /system/media/audio/ui/KeypressReturn.ogg
05-05 16:55:05.105 E/SoundPool( 1255): error loading /system/media/audio/ui/KeypressInvalid.ogg
05-05 16:55:05.105 W/AudioService( 1255): Soundpool could not load file: /system/media/audio/ui/KeypressInvalid.ogg
05-05 16:55:05.105 W/AudioService( 1255): onLoadSoundEffects(), Error -1 while loading samples
05-05 16:55:05.135 I/Monitor_API_method_call( 2242): TId: 1 objCls: android.app.Activity mthd: onResume retCls: void params:  stacktrace: dalvik.system.VMStack.getThreadStackTrace(Native Method)->java.lang.Thread.getStackTrace(Thread.java:579)->org.droidmate.monitor_generator.generated.Monitor.getStackTrace(Monitor.java:439)->org.droidmate.monitor_generator.generated.Monitor.redir_android_app_Activity_onResume0(Monitor.java:733)->java.lang.reflect.Method.invokeNative(Native Method)->java.lang.reflect.Method.invoke(Method.java:515)->android.app.Activity.onResume(Activity.java)->android.app.Instrumentation.callActivityOnResume(Instrumentation.java:1192)->android.app.Activity.performResume(Activity.java:5310)->android.app.ActivityThread.performResumeActivity(ActivityThread.java:2764)->android.app.ActivityThread.handleResumeActivity(ActivityThread.java:2803)->android.app.ActivityThread.handleLaunchActivity(ActivityThread.java:2238)->android.app.ActivityThread.access$800(ActivityThread.java:135)->android.app.ActivityThread$H.handleMessage(ActivityThread.java:1196)->android.os.Handler.dispatchMessage(Handler.java:102)->android.os.Looper.loop(Looper.java:136)->android.app.ActivityThread.main(ActivityThread.java:5001)->java.lang.reflect.Method.invokeNative(Native Method)->java.lang.reflect.Method.invoke(Method.java:515)->com.android.internal.os.ZygoteInit$MethodAndArgsCaller.run(ZygoteInit.java:785)->com.android.internal.os.ZygoteInit.main(ZygoteInit.java:601)->dalvik.system.NativeStart.main(Native Method)
05-05 16:55:05.185 W/EGL_emulation( 2242): eglSurfaceAttrib not implemented
05-05 16:55:05.215 I/ActivityManager( 1255): Displayed org.droidmate.fixtures.apks.monitored/.Activity2: +119ms
05-05 16:55:07.035 D/droidmate/uiad( 2099): GUI stabilized after 1 iterations / 1940ms
05-05 16:55:07.035 D/droidmate/server( 2099): serverSocket.accept(59800)
05-05 16:55:07.065 D/droidmate/uiad( 2099): Getting window hierarchy dump
05-05 16:55:07.095 D/droidmate/server( 2099): serverSocket.accept(59800)
05-05 16:55:07.135 D/droidmate/uiad( 2099): Clicking on (x,y) coordinates of (380,289)
05-05 16:55:07.135 D/InteractionController( 2099): clickNoSync (380, 289)
05-05 16:55:07.255 I/Activity2( 2242): ===== Calling AudioManager.isBluetoothA2dpOn()
05-05 16:55:07.255 I/Monitor_API_method_call( 2242): TId: 1 objCls: android.media.AudioManager mthd: isBluetoothA2dpOn retCls: boolean params:  stacktrace: dalvik.system.VMStack.getThreadStackTrace(Native Method)->java.lang.Thread.getStackTrace(Thread.java:579)->org.droidmate.monitor_generator.generated.Monitor.getStackTrace(Monitor.java:439)->org.droidmate.monitor_generator.generated.Monitor.redir_android_media_AudioManager_isBluetoothA2dpOn0(Monitor.java:1283)->java.lang.reflect.Method.invokeNative(Native Method)->java.lang.reflect.Method.invoke(Method.java:515)->android.media.AudioManager.isBluetoothA2dpOn(AudioManager.java)->org.droidmate.fixtures.apks.monitored.ActivityWithHelper.callAPI_AudioManager_isBluetoothA2dpOn(ActivityWithHelper.java:82)->org.droidmate.fixtures.apks.monitored.Activity2.callAPIAndLaunchGooglePlay(Activity2.java:44)->java.lang.reflect.Method.invokeNative(Native Method)->java.lang.reflect.Method.invoke(Method.java:515)->android.view.View$1.onClick(View.java:3818)->android.view.View.performClick(View.java:4438)->android.view.View$PerformClick.run(View.java:18422)->android.os.Handler.handleCallback(Handler.java:733)->android.os.Handler.dispatchMessage(Handler.java:95)->android.os.Looper.loop(Looper.java:136)->android.app.ActivityThread.main(ActivityThread.java:5001)->java.lang.reflect.Method.invokeNative(Native Method)->java.lang.reflect.Method.invoke(Method.java:515)->com.android.internal.os.ZygoteInit$MethodAndArgsCaller.run(ZygoteInit.java:785)->com.android.internal.os.ZygoteInit.main(ZygoteInit.java:601)->dalvik.system.NativeStart.main(Native Method)
05-05 16:55:07.255 I/Activity2( 2242): Opening Google Play
05-05 16:55:07.255 I/Monitor_API_method_call( 2242): TId: 1 objCls: android.app.Activity mthd: startActivityForResult retCls: void params: android.content.Intent intent://play.google.com/store/apps#Intent;scheme=http;action=android.intent.action.VIEW;end int -1 stacktrace: dalvik.system.VMStack.getThreadStackTrace(Native Method)->java.lang.Thread.getStackTrace(Thread.java:579)->org.droidmate.monitor_generator.generated.Monitor.getStackTrace(Monitor.java:439)->org.droidmate.monitor_generator.generated.Monitor.redir_android_app_Activity_startActivityForResult2(Monitor.java:744)->java.lang.reflect.Method.invokeNative(Native Method)->java.lang.reflect.Method.invoke(Method.java:515)->android.app.Activity.startActivityForResult(Activity.java)->android.app.Activity.startActivity(Activity.java:3627)->android.app.Activity.startActivity(Activity.java:3595)->org.droidmate.fixtures.apks.monitored.ActivityWithHelper.launchGooglePlay(ActivityWithHelper.java:42)->org.droidmate.fixtures.apks.monitored.Activity2.callAPIAndLaunchGooglePlay(Activity2.java:46)->java.lang.reflect.Method.invokeNative(Native Method)->java.lang.reflect.Method.invoke(Method.java:515)->android.view.View$1.onClick(View.java:3818)->android.view.View.performClick(View.java:4438)->android.view.View$PerformClick.run(View.java:18422)->android.os.Handler.handleCallback(Handler.java:733)->android.os.Handler.dispatchMessage(Handler.java:95)->android.os.Looper.loop(Looper.java:136)->android.app.ActivityThread.main(ActivityThread.java:5001)->java.lang.reflect.Method.invokeNative(Native Method)->java.lang.reflect.Method.invoke(Method.java:515)->com.android.internal.os.ZygoteInit$MethodAndArgsCaller.run(ZygoteInit.java:785)->com.android.internal.os.ZygoteInit.main(ZygoteInit.java:601)->dalvik.system.NativeStart.main(Native Method)
05-05 16:55:07.255 I/ActivityManager( 1255): START u0 {act=android.intent.action.VIEW dat=http://play.google.com/store/apps cmp=com.android.browser/.BrowserActivity} from pid 2242
05-05 16:55:07.265 D/        ( 1255): HostConnection::get() New Host Connection established 0xb7bb1fd0, tid 1365
05-05 16:55:07.275 E/SoundPool( 1255): error loading /system/media/audio/ui/Effect_Tick.ogg
05-05 16:55:07.275 W/AudioService( 1255): Soundpool could not load file: /system/media/audio/ui/Effect_Tick.ogg
05-05 16:55:07.275 E/SoundPool( 1255): error loading /system/media/audio/ui/Effect_Tick.ogg
05-05 16:55:07.275 W/AudioService( 1255): Soundpool could not load file: /system/media/audio/ui/Effect_Tick.ogg
05-05 16:55:07.275 E/SoundPool( 1255): error loading /system/media/audio/ui/Effect_Tick.ogg
05-05 16:55:07.275 W/AudioService( 1255): Soundpool could not load file: /system/media/audio/ui/Effect_Tick.ogg
05-05 16:55:07.275 E/SoundPool( 1255): error loading /system/media/audio/ui/Effect_Tick.ogg
05-05 16:55:07.275 W/AudioService( 1255): Soundpool could not load file: /system/media/audio/ui/Effect_Tick.ogg
05-05 16:55:07.275 E/SoundPool( 1255): error loading /system/media/audio/ui/Effect_Tick.ogg
05-05 16:55:07.275 W/AudioService( 1255): Soundpool could not load file: /system/media/audio/ui/Effect_Tick.ogg
05-05 16:55:07.275 E/SoundPool( 1255): error loading /system/media/audio/ui/KeypressStandard.ogg
05-05 16:55:07.275 W/AudioService( 1255): Soundpool could not load file: /system/media/audio/ui/KeypressStandard.ogg
05-05 16:55:07.275 E/SoundPool( 1255): error loading /system/media/audio/ui/KeypressSpacebar.ogg
05-05 16:55:07.275 W/AudioService( 1255): Soundpool could not load file: /system/media/audio/ui/KeypressSpacebar.ogg
05-05 16:55:07.275 E/SoundPool( 1255): error loading /system/media/audio/ui/KeypressDelete.ogg
05-05 16:55:07.275 W/AudioService( 1255): Soundpool could not load file: /system/media/audio/ui/KeypressDelete.ogg
05-05 16:55:07.275 E/SoundPool( 1255): error loading /system/media/audio/ui/KeypressReturn.ogg
05-05 16:55:07.275 W/AudioService( 1255): Soundpool could not load file: /system/media/audio/ui/KeypressReturn.ogg
05-05 16:55:07.275 E/SoundPool( 1255): error loading /system/media/audio/ui/KeypressInvalid.ogg
05-05 16:55:07.275 W/AudioService( 1255): Soundpool could not load file: /system/media/audio/ui/KeypressInvalid.ogg
05-05 16:55:07.275 W/AudioService( 1255): onLoadSoundEffects(), Error -1 while loading samples
05-05 16:55:07.335 I/LibraryLoader( 1772): Expected native library version number "",actual native library version number ""
05-05 16:55:07.335 I/chromium( 1772): [INFO:library_loader_hooks.cc(116)] Chromium logging enabled: level = 0, default verbosity = 0
05-05 16:55:07.345 I/BrowserStartupController( 1772): Initializing chromium process, renderers=0
05-05 16:55:07.365 E/AudioManagerAndroid( 1772): BLUETOOTH permission is missing!
05-05 16:55:07.425 D/        ( 1772): HostConnection::get() New Host Connection established 0xb79ecb00, tid 1772
05-05 16:55:07.465 W/chromium( 1772): [WARNING:mailbox_synchronizer.cc(36)] MailboxSync not supported due to missing EGL image/fence support
05-05 16:55:07.515 E/StrictMode( 1772): A resource was acquired at attached stack trace but never released. See java.io.Closeable for information on avoiding resource leaks.
05-05 16:55:07.515 E/StrictMode( 1772): java.lang.Throwable: Explicit termination method 'close' not called
05-05 16:55:07.515 E/StrictMode( 1772): 	at dalvik.system.CloseGuard.open(CloseGuard.java:184)
05-05 16:55:07.515 E/StrictMode( 1772): 	at android.os.ParcelFileDescriptor.<init>(ParcelFileDescriptor.java:179)
05-05 16:55:07.515 E/StrictMode( 1772): 	at android.os.ParcelFileDescriptor$1.createFromParcel(ParcelFileDescriptor.java:905)
05-05 16:55:07.515 E/StrictMode( 1772): 	at android.os.ParcelFileDescriptor$1.createFromParcel(ParcelFileDescriptor.java:897)
05-05 16:55:07.515 E/StrictMode( 1772): 	at android.app.IBackupAgent$Stub.onTransact(IBackupAgent.java:57)
05-05 16:55:07.515 E/StrictMode( 1772): 	at android.os.Binder.execTransact(Binder.java:404)
05-05 16:55:07.515 E/StrictMode( 1772): 	at dalvik.system.NativeStart.run(Native Method)
05-05 16:55:07.525 E/StrictMode( 1772): A resource was acquired at attached stack trace but never released. See java.io.Closeable for information on avoiding resource leaks.
05-05 16:55:07.525 E/StrictMode( 1772): java.lang.Throwable: Explicit termination method 'close' not called
05-05 16:55:07.525 E/StrictMode( 1772): 	at dalvik.system.CloseGuard.open(CloseGuard.java:184)
05-05 16:55:07.525 E/StrictMode( 1772): 	at android.os.ParcelFileDescriptor.<init>(ParcelFileDescriptor.java:179)
05-05 16:55:07.525 E/StrictMode( 1772): 	at android.os.ParcelFileDescriptor$1.createFromParcel(ParcelFileDescriptor.java:905)
05-05 16:55:07.525 E/StrictMode( 1772): 	at android.os.ParcelFileDescriptor$1.createFromParcel(ParcelFileDescriptor.java:897)
05-05 16:55:07.525 E/StrictMode( 1772): 	at android.app.IBackupAgent$Stub.onTransact(IBackupAgent.java:64)
05-05 16:55:07.525 E/StrictMode( 1772): 	at android.os.Binder.execTransact(Binder.java:404)
05-05 16:55:07.525 E/StrictMode( 1772): 	at dalvik.system.NativeStart.run(Native Method)
05-05 16:55:07.525 E/StrictMode( 1772): A resource was acquired at attached stack trace but never released. See java.io.Closeable for information on avoiding resource leaks.
05-05 16:55:07.525 E/StrictMode( 1772): java.lang.Throwable: Explicit termination method 'close' not called
05-05 16:55:07.525 E/StrictMode( 1772): 	at dalvik.system.CloseGuard.open(CloseGuard.java:184)
05-05 16:55:07.525 E/StrictMode( 1772): 	at android.os.ParcelFileDescriptor.<init>(ParcelFileDescriptor.java:179)
05-05 16:55:07.525 E/StrictMode( 1772): 	at android.os.ParcelFileDescriptor$1.createFromParcel(ParcelFileDescriptor.java:905)
05-05 16:55:07.525 E/StrictMode( 1772): 	at android.os.ParcelFileDescriptor$1.createFromParcel(ParcelFileDescriptor.java:897)
05-05 16:55:07.525 E/StrictMode( 1772): 	at android.app.IBackupAgent$Stub.onTransact(IBackupAgent.java:71)
05-05 16:55:07.525 E/StrictMode( 1772): 	at android.os.Binder.execTransact(Binder.java:404)
05-05 16:55:07.525 E/StrictMode( 1772): 	at dalvik.system.NativeStart.run(Native Method)
05-05 16:55:07.615 I/dalvikvm-heap( 1772): Grow heap (frag case) to 3.550MB for 436236-byte allocation
05-05 16:55:07.635 I/dalvikvm-heap( 1772): Grow heap (frag case) to 4.069MB for 500412-byte allocation
05-05 16:55:07.775 W/chromium( 1772): [WARNING:proxy_service.cc(890)] PAC support disabled because there is no system implementation
05-05 16:55:07.815 D/WebViewTimersControl( 1772): onBrowserActivityResume
05-05 16:55:07.815 D/WebViewTimersControl( 1772): Resuming webview timers, view=com.android.browser.BrowserWebView{acff77a8 VFEDHVCL .F....I. 0,0-0,0}
05-05 16:55:08.325 I/Choreographer( 1772): Skipped 45 frames!  The application may be doing too much work on its main thread.
05-05 16:55:08.365 W/EGL_emulation( 1772): eglSurfaceAttrib not implemented
05-05 16:55:08.365 D/OpenGLRenderer( 1772): Enabling debug mode 0
05-05 16:55:08.405 W/AwContents( 1772): nativeOnDraw failed; clearing to background color.
05-05 16:55:08.485 I/ActivityManager( 1255): Displayed com.android.browser/.BrowserActivity: +1s158ms
05-05 16:55:08.495 W/AwContents( 1772): nativeOnDraw failed; clearing to background color.
05-05 16:55:08.686 E/chromium( 1772): [ERROR:simple_version_upgrade.cc(158)] File structure does not match the disk cache backend.
05-05 16:55:08.686 E/chromium( 1772): [ERROR:simple_backend_impl.cc(493)] Simple Cache Backend: wrong file structure on disk: /data/data/com.android.browser/app_webview/Cache
05-05 16:55:08.706 W/chromium( 1772): [WARNING:simple_index_file.cc(338)] Could not map Simple Index file.
05-05 16:55:08.706 I/chromium( 1772): [INFO:simple_index_file.cc(437)] Simple Cache Index is being restored from disk.
05-05 16:55:08.776 E/eglCodecCommon( 1772): glUtilsParamSize: unknow param 0x00000b44
05-05 16:55:08.776 E/eglCodecCommon( 1772): glUtilsParamSize: unknow param 0x00000bd0
05-05 16:55:08.786 I/chromium( 1772): [INFO:async_pixel_transfer_manager_android.cc(60)] Async pixel transfers not supported
05-05 16:55:08.796 I/chromium( 1772): [INFO:async_pixel_transfer_manager_android.cc(60)] Async pixel transfers not supported
05-05 16:55:08.836 E/eglCodecCommon( 1772): **** ERROR unknown type 0x0 (glSizeof,72)
05-05 16:55:08.836 E/eglCodecCommon( 1772): glUtilsParamSize: unknow param 0x00000b44
05-05 16:55:08.836 E/eglCodecCommon( 1772): glUtilsParamSize: unknow param 0x00000bd0
05-05 16:55:08.886 E/eglCodecCommon( 1772): **** ERROR unknown type 0x0 (glSizeof,72)
05-05 16:55:08.896 E/eglCodecCommon( 1772): glUtilsParamSize: unknow param 0x00000b44
05-05 16:55:08.896 E/eglCodecCommon( 1772): glUtilsParamSize: unknow param 0x00000bd0
05-05 16:55:08.906 E/eglCodecCommon( 1772): **** ERROR unknown type 0x0 (glSizeof,72)
05-05 16:55:08.946 E/eglCodecCommon( 1772): glUtilsParamSize: unknow param 0x00000b44
05-05 16:55:08.946 E/eglCodecCommon( 1772): glUtilsParamSize: unknow param 0x00000bd0
05-05 16:55:08.946 E/eglCodecCommon( 1772): **** ERROR unknown type 0x0 (glSizeof,72)
05-05 16:55:08.956 E/eglCodecCommon( 1772): glUtilsParamSize: unknow param 0x00000b44
05-05 16:55:08.966 E/eglCodecCommon( 1772): glUtilsParamSize: unknow param 0x00000bd0
05-05 16:55:09.026 E/eglCodecCommon( 1772): **** ERROR unknown type 0x0 (glSizeof,72)
05-05 16:55:09.226 E/eglCodecCommon( 1772): glUtilsParamSize: unknow param 0x00000b44
05-05 16:55:09.226 E/eglCodecCommon( 1772): glUtilsParamSize: unknow param 0x00000bd0
05-05 16:55:09.226 E/eglCodecCommon( 1772): **** ERROR unknown type 0x0 (glSizeof,72)
05-05 16:55:09.236 E/eglCodecCommon( 1772): glUtilsParamSize: unknow param 0x00000b44
05-05 16:55:09.236 E/eglCodecCommon( 1772): glUtilsParamSize: unknow param 0x00000bd0
05-05 16:55:09.256 E/eglCodecCommon( 1772): **** ERROR unknown type 0x0 (glSizeof,72)
05-05 16:55:09.286 E/eglCodecCommon( 1772): glUtilsParamSize: unknow param 0x00000b44
05-05 16:55:09.286 E/eglCodecCommon( 1772): glUtilsParamSize: unknow param 0x00000bd0
05-05 16:55:09.286 E/eglCodecCommon( 1772): **** ERROR unknown type 0x0 (glSizeof,72)
05-05 16:55:09.306 E/eglCodecCommon( 1772): glUtilsParamSize: unknow param 0x00000b44
05-05 16:55:09.306 E/eglCodecCommon( 1772): glUtilsParamSize: unknow param 0x00000bd0
05-05 16:55:09.306 E/eglCodecCommon( 1772): **** ERROR unknown type 0x0 (glSizeof,72)
05-05 16:55:09.326 E/eglCodecCommon( 1772): glUtilsParamSize: unknow param 0x00000b44
05-05 16:55:09.326 E/eglCodecCommon( 1772): glUtilsParamSize: unknow param 0x00000bd0
05-05 16:55:09.336 E/eglCodecCommon( 1772): **** ERROR unknown type 0x0 (glSizeof,72)
05-05 16:55:09.336 E/eglCodecCommon( 1772): glUtilsParamSize: unknow param 0x00000b44
05-05 16:55:09.336 E/eglCodecCommon( 1772): glUtilsParamSize: unknow param 0x00000bd0
05-05 16:55:09.346 E/eglCodecCommon( 1772): **** ERROR unknown type 0x0 (glSizeof,72)
05-05 16:55:09.356 E/browser ( 1772): Console: Unrecognized Content-Security-Policy directive 'frame-ancestors'.
05-05 16:55:09.356 E/browser ( 1772):  https://play.google.com/store/apps:0
05-05 16:55:09.406 E/eglCodecCommon( 1772): glUtilsParamSize: unknow param 0x00000b44
05-05 16:55:09.406 E/eglCodecCommon( 1772): glUtilsParamSize: unknow param 0x00000bd0
05-05 16:55:09.406 E/eglCodecCommon( 1772): **** ERROR unknown type 0x0 (glSizeof,72)
05-05 16:55:09.416 E/eglCodecCommon( 1772): glUtilsParamSize: unknow param 0x00000b44
05-05 16:55:09.416 E/eglCodecCommon( 1772): glUtilsParamSize: unknow param 0x00000bd0
05-05 16:55:09.436 E/eglCodecCommon( 1772): **** ERROR unknown type 0x0 (glSizeof,72)
05-05 16:55:09.526 E/eglCodecCommon( 1772): glUtilsParamSize: unknow param 0x00000b44
05-05 16:55:09.526 E/eglCodecCommon( 1772): glUtilsParamSize: unknow param 0x00000bd0
05-05 16:55:09.526 E/eglCodecCommon( 1772): **** ERROR unknown type 0x0 (glSizeof,72)
05-05 16:55:09.576 E/eglCodecCommon( 1772): glUtilsParamSize: unknow param 0x00000b44
05-05 16:55:09.576 E/eglCodecCommon( 1772): glUtilsParamSize: unknow param 0x00000bd0
05-05 16:55:09.606 E/eglCodecCommon( 1772): **** ERROR unknown type 0x0 (glSizeof,72)
05-05 16:55:09.626 E/eglCodecCommon( 1772): glUtilsParamSize: unknow param 0x00000b44
05-05 16:55:09.626 E/eglCodecCommon( 1772): glUtilsParamSize: unknow param 0x00000bd0
05-05 16:55:09.656 E/eglCodecCommon( 1772): **** ERROR unknown type 0x0 (glSizeof,72)
05-05 16:55:09.696 E/eglCodecCommon( 1772): glUtilsParamSize: unknow param 0x00000b44
05-05 16:55:09.696 E/eglCodecCommon( 1772): glUtilsParamSize: unknow param 0x00000bd0
05-05 16:55:09.696 E/eglCodecCommon( 1772): **** ERROR unknown type 0x0 (glSizeof,72)
05-05 16:55:09.716 E/eglCodecCommon( 1772): glUtilsParamSize: unknow param 0x00000b44
05-05 16:55:09.716 E/eglCodecCommon( 1772): glUtilsParamSize: unknow param 0x00000bd0
05-05 16:55:09.716 E/eglCodecCommon( 1772): **** ERROR unknown type 0x0 (glSizeof,72)
05-05 16:55:09.736 E/eglCodecCommon( 1772): glUtilsParamSize: unknow param 0x00000b44
05-05 16:55:09.736 E/eglCodecCommon( 1772): glUtilsParamSize: unknow param 0x00000bd0
05-05 16:55:09.746 E/eglCodecCommon( 1772): **** ERROR unknown type 0x0 (glSizeof,72)
05-05 16:55:09.776 E/eglCodecCommon( 1772): glUtilsParamSize: unknow param 0x00000b44
05-05 16:55:09.776 E/eglCodecCommon( 1772): glUtilsParamSize: unknow param 0x00000bd0
05-05 16:55:09.816 E/eglCodecCommon( 1772): **** ERROR unknown type 0x0 (glSizeof,72)
05-05 16:55:09.836 E/eglCodecCommon( 1772): glUtilsParamSize: unknow param 0x00000b44
05-05 16:55:09.836 E/eglCodecCommon( 1772): glUtilsParamSize: unknow param 0x00000bd0
05-05 16:55:09.846 E/eglCodecCommon( 1772): **** ERROR unknown type 0x0 (glSizeof,72)
05-05 16:55:09.846 E/eglCodecCommon( 1772): glUtilsParamSize: unknow param 0x00000b44
05-05 16:55:09.856 E/eglCodecCommon( 1772): glUtilsParamSize: unknow param 0x00000bd0
05-05 16:55:09.856 E/eglCodecCommon( 1772): **** ERROR unknown type 0x0 (glSizeof,72)
05-05 16:55:09.876 E/eglCodecCommon( 1772): glUtilsParamSize: unknow param 0x00000b44
05-05 16:55:09.876 E/eglCodecCommon( 1772): glUtilsParamSize: unknow param 0x00000bd0
05-05 16:55:09.906 E/eglCodecCommon( 1772): **** ERROR unknown type 0x0 (glSizeof,72)
05-05 16:55:09.926 E/eglCodecCommon( 1772): glUtilsParamSize: unknow param 0x00000b44
05-05 16:55:09.926 E/eglCodecCommon( 1772): glUtilsParamSize: unknow param 0x00000bd0
05-05 16:55:09.966 E/eglCodecCommon( 1772): **** ERROR unknown type 0x0 (glSizeof,72)
05-05 16:55:09.986 E/eglCodecCommon( 1772): glUtilsParamSize: unknow param 0x00000b44
05-05 16:55:09.996 E/eglCodecCommon( 1772): glUtilsParamSize: unknow param 0x00000bd0
05-05 16:55:09.996 E/eglCodecCommon( 1772): **** ERROR unknown type 0x0 (glSizeof,72)
05-05 16:55:10.016 E/eglCodecCommon( 1772): glUtilsParamSize: unknow param 0x00000b44
05-05 16:55:10.016 E/eglCodecCommon( 1772): glUtilsParamSize: unknow param 0x00000bd0
05-05 16:55:10.036 E/eglCodecCommon( 1772): **** ERROR unknown type 0x0 (glSizeof,72)
05-05 16:55:10.136 E/eglCodecCommon( 1772): glUtilsParamSize: unknow param 0x00000b44
05-05 16:55:10.136 E/eglCodecCommon( 1772): glUtilsParamSize: unknow param 0x00000bd0
05-05 16:55:10.136 E/eglCodecCommon( 1772): **** ERROR unknown type 0x0 (glSizeof,72)
05-05 16:55:10.146 E/eglCodecCommon( 1772): glUtilsParamSize: unknow param 0x00000b44
05-05 16:55:10.146 E/eglCodecCommon( 1772): glUtilsParamSize: unknow param 0x00000bd0
05-05 16:55:10.166 E/eglCodecCommon( 1772): **** ERROR unknown type 0x0 (glSizeof,72)
05-05 16:55:10.226 E/eglCodecCommon( 1772): glUtilsParamSize: unknow param 0x00000b44
05-05 16:55:10.226 E/eglCodecCommon( 1772): glUtilsParamSize: unknow param 0x00000bd0
05-05 16:55:10.236 E/eglCodecCommon( 1772): **** ERROR unknown type 0x0 (glSizeof,72)
05-05 16:55:10.276 E/eglCodecCommon( 1772): glUtilsParamSize: unknow param 0x00000b44
05-05 16:55:10.276 E/eglCodecCommon( 1772): glUtilsParamSize: unknow param 0x00000bd0
05-05 16:55:10.276 E/eglCodecCommon( 1772): **** ERROR unknown type 0x0 (glSizeof,72)
05-05 16:55:10.796 D/droidmate/uiad( 2099): GUI stabilized after 2 iterations / 3537ms
05-05 16:55:10.796 D/droidmate/server( 2099): serverSocket.accept(59800)
05-05 16:55:10.926 D/droidmate/uiad( 2099): Getting window hierarchy dump
05-05 16:55:11.056 E/eglCodecCommon( 1772): glUtilsParamSize: unknow param 0x00000b44
05-05 16:55:11.056 E/eglCodecCommon( 1772): glUtilsParamSize: unknow param 0x00000bd0
05-05 16:55:11.056 E/eglCodecCommon( 1772): **** ERROR unknown type 0x0 (glSizeof,72)
05-05 16:55:11.076 E/eglCodecCommon( 1772): glUtilsParamSize: unknow param 0x00000b44
05-05 16:55:11.076 E/eglCodecCommon( 1772): glUtilsParamSize: unknow param 0x00000bd0
05-05 16:55:11.076 E/eglCodecCommon( 1772): **** ERROR unknown type 0x0 (glSizeof,72)
05-05 16:55:11.096 D/droidmate/server( 2099): serverSocket.accept(59800)
05-05 16:55:11.376 E/eglCodecCommon( 1772): glUtilsParamSize: unknow param 0x00000b44
05-05 16:55:11.376 E/eglCodecCommon( 1772): glUtilsParamSize: unknow param 0x00000bd0
05-05 16:55:11.376 E/eglCodecCommon( 1772): **** ERROR unknown type 0x0 (glSizeof,72)
05-05 16:55:11.386 E/eglCodecCommon( 1772): glUtilsParamSize: unknow param 0x00000b44
05-05 16:55:11.386 E/eglCodecCommon( 1772): glUtilsParamSize: unknow param 0x00000bd0
05-05 16:55:11.416 E/eglCodecCommon( 1772): **** ERROR unknown type 0x0 (glSizeof,72)
05-05 16:55:11.476 E/eglCodecCommon( 1772): glUtilsParamSize: unknow param 0x00000b44
05-05 16:55:11.476 E/eglCodecCommon( 1772): glUtilsParamSize: unknow param 0x00000bd0
05-05 16:55:11.476 E/eglCodecCommon( 1772): **** ERROR unknown type 0x0 (glSizeof,72)
05-05 16:55:11.486 E/eglCodecCommon( 1772): glUtilsParamSize: unknow param 0x00000b44
05-05 16:55:11.486 E/eglCodecCommon( 1772): glUtilsParamSize: unknow param 0x00000bd0
05-05 16:55:11.496 E/eglCodecCommon( 1772): **** ERROR unknown type 0x0 (glSizeof,72)
05-05 16:55:11.566 D/AndroidRuntime( 2307): 
05-05 16:55:11.566 D/AndroidRuntime( 2307): >>>>>> AndroidRuntime START com.android.internal.os.RuntimeInit <<<<<<
05-05 16:55:11.566 W/linker  ( 2307): libdvm.so has text relocations. This is wasting memory and is a security risk. Please fix.
05-05 16:55:11.566 D/AndroidRuntime( 2307): CheckJNI is ON
05-05 16:55:11.656 E/eglCodecCommon( 1772): glUtilsParamSize: unknow param 0x00000b44
05-05 16:55:11.656 E/eglCodecCommon( 1772): glUtilsParamSize: unknow param 0x00000bd0
05-05 16:55:11.656 E/eglCodecCommon( 1772): **** ERROR unknown type 0x0 (glSizeof,72)
05-05 16:55:11.666 E/eglCodecCommon( 1772): glUtilsParamSize: unknow param 0x00000b44
05-05 16:55:11.676 E/eglCodecCommon( 1772): glUtilsParamSize: unknow param 0x00000bd0
05-05 16:55:11.676 E/eglCodecCommon( 1772): **** ERROR unknown type 0x0 (glSizeof,72)
05-05 16:55:11.736 E/eglCodecCommon( 1772): glUtilsParamSize: unknow param 0x00000b44
05-05 16:55:11.736 E/eglCodecCommon( 1772): glUtilsParamSize: unknow param 0x00000bd0
05-05 16:55:11.736 E/eglCodecCommon( 1772): **** ERROR unknown type 0x0 (glSizeof,72)
05-05 16:55:11.756 E/eglCodecCommon( 1772): glUtilsParamSize: unknow param 0x00000b44
05-05 16:55:11.756 E/eglCodecCommon( 1772): glUtilsParamSize: unknow param 0x00000bd0
05-05 16:55:11.766 E/eglCodecCommon( 1772): **** ERROR unknown type 0x0 (glSizeof,72)
05-05 16:55:11.846 E/memtrack( 2307): Couldn't load memtrack module (No such file or directory)
05-05 16:55:11.846 E/android.os.Debug( 2307): failed to load memtrack module: -2
05-05 16:55:11.906 E/eglCodecCommon( 1772): glUtilsParamSize: unknow param 0x00000b44
05-05 16:55:11.906 E/eglCodecCommon( 1772): glUtilsParamSize: unknow param 0x00000bd0
05-05 16:55:11.906 E/eglCodecCommon( 1772): **** ERROR unknown type 0x0 (glSizeof,72)
05-05 16:55:11.916 E/eglCodecCommon( 1772): glUtilsParamSize: unknow param 0x00000b44
05-05 16:55:11.926 E/eglCodecCommon( 1772): glUtilsParamSize: unknow param 0x00000bd0
05-05 16:55:11.926 E/eglCodecCommon( 1772): **** ERROR unknown type 0x0 (glSizeof,72)
05-05 16:55:12.026 D/AndroidRuntime( 2307): Calling main entry com.android.commands.pm.Pm
05-05 16:55:12.026 I/ActivityManager( 1255): Force stopping org.droidmate.fixtures.apks.monitored appid=10053 user=0: clear data
05-05 16:55:12.026 I/ActivityManager( 1255): Killing 2242:org.droidmate.fixtures.apks.monitored/u0a53 (adj 7): stop org.droidmate.fixtures.apks.monitored
05-05 16:55:12.026 I/ActivityManager( 1255):   Force finishing activity ActivityRecord{ad257918 u0 org.droidmate.fixtures.apks.monitored/.Activity1 t6}
05-05 16:55:12.026 I/ActivityManager( 1255):   Force finishing activity ActivityRecord{ad26e890 u0 org.droidmate.fixtures.apks.monitored/.Activity2 t6}
05-05 16:55:12.036 W/InputDispatcher( 1255): channel 'ad2d34b8 org.droidmate.fixtures.apks.monitored/org.droidmate.fixtures.apks.monitored.Activity1 (server)' ~ Consumer closed input channel or an error occurred.  events=0x9
05-05 16:55:12.036 E/InputDispatcher( 1255): channel 'ad2d34b8 org.droidmate.fixtures.apks.monitored/org.droidmate.fixtures.apks.monitored.Activity1 (server)' ~ Channel is unrecoverably broken and will be disposed!
05-05 16:55:12.036 W/InputDispatcher( 1255): channel 'ad372d48 org.droidmate.fixtures.apks.monitored/org.droidmate.fixtures.apks.monitored.Activity2 (server)' ~ Consumer closed input channel or an error occurred.  events=0x9
05-05 16:55:12.036 E/InputDispatcher( 1255): channel 'ad372d48 org.droidmate.fixtures.apks.monitored/org.droidmate.fixtures.apks.monitored.Activity2 (server)' ~ Channel is unrecoverably broken and will be disposed!
05-05 16:55:12.036 W/InputDispatcher( 1255): Attempted to unregister already unregistered input channel 'ad2d34b8 org.droidmate.fixtures.apks.monitored/org.droidmate.fixtures.apks.monitored.Activity1 (server)'
05-05 16:55:12.036 I/WindowState( 1255): WIN DEATH: Window{ad2d34b8 u0 org.droidmate.fixtures.apks.monitored/org.droidmate.fixtures.apks.monitored.Activity1}
05-05 16:55:12.046 D/Documents( 1933): Used cached roots for com.android.providers.downloads.documents
05-05 16:55:12.046 D/Documents( 1933): Loading roots for com.android.externalstorage.documents
05-05 16:55:12.046 W/InputDispatcher( 1255): Attempted to unregister already unregistered input channel 'ad372d48 org.droidmate.fixtures.apks.monitored/org.droidmate.fixtures.apks.monitored.Activity2 (server)'
05-05 16:55:12.046 D/keystore(  942): calling clear_uid in state: 3
05-05 16:55:12.046 D/Documents( 1933): Used cached roots for com.android.providers.media.documents
05-05 16:55:12.046 D/Documents( 1933): Update found 5 roots in 7ms
05-05 16:55:12.046 I/WindowState( 1255): WIN DEATH: Window{ad372d48 u0 org.droidmate.fixtures.apks.monitored/org.droidmate.fixtures.apks.monitored.Activity2}
05-05 16:55:12.106 D/AndroidRuntime( 2307): Shutting down VM
05-05 16:55:12.106 D/jdwp    ( 2307): Got wake-up signal, bailing out of select
05-05 16:55:12.156 E/eglCodecCommon( 1772): glUtilsParamSize: unknow param 0x00000b44
05-05 16:55:12.156 E/eglCodecCommon( 1772): glUtilsParamSize: unknow param 0x00000bd0
05-05 16:55:12.156 E/eglCodecCommon( 1772): **** ERROR unknown type 0x0 (glSizeof,72)
